Archive member included because of file (symbol)

libs/gcc/app_start.lib(adc.o)
                              build/gcc/obj/custom/dfota/src/tracker_functions.o (Ql_ADC_Open)
libs/gcc/app_start.lib(timer.o)
                              build/gcc/obj/custom/dfota/src/dfota_http.o (Ql_Timer_Register)
libs/gcc/app_start.lib(gprs.o)
                              build/gcc/obj/custom/dfota/src/dfota_main.o (Ql_GPRS_GetPDPContextId)
libs/gcc/app_start.lib(ql_func.o)
                              libs/gcc/app_start.lib(adc.o) (m_get_api_ptr)
libs/gcc/app_start.lib(taskMngt.o)
                              build/gcc/obj/custom/main.o (Ql_OS_GetMessage)
libs/gcc/app_start.lib(fota.o)
                              build/gcc/obj/custom/dfota/src/dfota_main.o (Ql_DFOTA_Init)
libs/gcc/app_start.lib(ql_main.o)
                              build/gcc/obj/ril/src/ril_network.o (memset)
libs/gcc/app_start.lib(memory.o)
                              build/gcc/obj/ril/src/ril_http.o (Ql_MEM_Alloc)
libs/gcc/app_start.lib(ril_main.o)
                              build/gcc/obj/custom/main.o (Ql_Mqtt_Recv_Register)
libs/gcc/app_start.lib(ril_aux.o)
                              build/gcc/obj/custom/config/sys_config.o (proc_urc_task)
libs/gcc/app_start.lib(ocpi_init.o)
                              libs/gcc/app_start.lib(ql_main.o) (_OCPU_InitUserMem)
libs/gcc/app_start.lib(fileSys.o)
                              build/gcc/obj/custom/main.o (Ql_FS_Open)
libs/gcc/app_start.lib(lib_ril_sms.o)
                              build/gcc/obj/ril/src/ril_sms.o (LIB_SMS_IsValidHexStr)
libs/gcc/app_start.lib(stdlib_func.o)
                              build/gcc/obj/ril/src/ril_location.o (Ql_atof)
libs/gcc/app_start.lib(system.o)
                              build/gcc/obj/ril/src/ril_network.o (Ql_Sleep)
libs/gcc/app_start.lib(uart.o)
                              build/gcc/obj/custom/main.o (Ql_UART_Register)
libs/gcc/app_start.lib(watchdog.o)
                              build/gcc/obj/custom/main.o (Ql_WTD_Feed)
libs/gcc/app_start.lib(socket.o)
                              build/gcc/obj/custom/dfota/src/dfota_http.o (Ql_SOC_CreateEx)
libs/gcc/app_start.lib(gpio.o)
                              libs/gcc/app_start.lib(watchdog.o) (Ql_GPIO_Init)
C:\CSDTK4\/mips-elf-4.4.2/lib/gcc/mips-elf/4.4.2/libgcc.a(_mul_sf.o)
                              build/gcc/obj/custom/dfota/src/tracker_functions.o (__mulsf3)
C:\CSDTK4\/mips-elf-4.4.2/lib/gcc/mips-elf/4.4.2/libgcc.a(_div_sf.o)
                              build/gcc/obj/custom/dfota/src/tracker_functions.o (__divsf3)
C:\CSDTK4\/mips-elf-4.4.2/lib/gcc/mips-elf/4.4.2/libgcc.a(_sf_to_df.o)
                              build/gcc/obj/custom/main.o (__extendsfdf2)
C:\CSDTK4\/mips-elf-4.4.2/lib/gcc/mips-elf/4.4.2/libgcc.a(_thenan_sf.o)
                              C:\CSDTK4\/mips-elf-4.4.2/lib/gcc/mips-elf/4.4.2/libgcc.a(_mul_sf.o) (__thenan_sf)
C:\CSDTK4\/mips-elf-4.4.2/lib/gcc/mips-elf/4.4.2/libgcc.a(_usi_to_sf.o)
                              build/gcc/obj/custom/dfota/src/tracker_functions.o (__floatunsisf)
C:\CSDTK4\/mips-elf-4.4.2/lib/gcc/mips-elf/4.4.2/libgcc.a(_addsub_df.o)
                              build/gcc/obj/custom/dfota/src/gnss_parser.o (__subdf3)
C:\CSDTK4\/mips-elf-4.4.2/lib/gcc/mips-elf/4.4.2/libgcc.a(_div_df.o)
                              build/gcc/obj/custom/dfota/src/gnss_parser.o (__divdf3)
C:\CSDTK4\/mips-elf-4.4.2/lib/gcc/mips-elf/4.4.2/libgcc.a(_si_to_df.o)
                              build/gcc/obj/custom/dfota/src/gnss_parser.o (__floatsidf)
C:\CSDTK4\/mips-elf-4.4.2/lib/gcc/mips-elf/4.4.2/libgcc.a(_df_to_si.o)
                              build/gcc/obj/ril/src/Ril_dtmf.o (__fixdfsi)
C:\CSDTK4\/mips-elf-4.4.2/lib/gcc/mips-elf/4.4.2/libgcc.a(_make_df.o)
                              C:\CSDTK4\/mips-elf-4.4.2/lib/gcc/mips-elf/4.4.2/libgcc.a(_sf_to_df.o) (__make_dp)
C:\CSDTK4\/mips-elf-4.4.2/lib/gcc/mips-elf/4.4.2/libgcc.a(_df_to_sf.o)
                              build/gcc/obj/ril/src/ril_location.o (__truncdfsf2)
C:\CSDTK4\/mips-elf-4.4.2/lib/gcc/mips-elf/4.4.2/libgcc.a(_thenan_df.o)
                              C:\CSDTK4\/mips-elf-4.4.2/lib/gcc/mips-elf/4.4.2/libgcc.a(_addsub_df.o) (__thenan_df)
C:\CSDTK4\/mips-elf-4.4.2/lib/gcc/mips-elf/4.4.2/libgcc.a(_lshrdi3.o)
                              C:\CSDTK4\/mips-elf-4.4.2/lib/gcc/mips-elf/4.4.2/libgcc.a(_addsub_df.o) (__lshrdi3)
C:\CSDTK4\/mips-elf-4.4.2/lib/gcc/mips-elf/4.4.2/libgcc.a(_ashldi3.o)
                              C:\CSDTK4\/mips-elf-4.4.2/lib/gcc/mips-elf/4.4.2/libgcc.a(_addsub_df.o) (__ashldi3)
C:\CSDTK4\/mips-elf-4.4.2/lib/gcc/mips-elf/4.4.2/libgcc.a(_ucmpdi2.o)
                              C:\CSDTK4\/mips-elf-4.4.2/lib/gcc/mips-elf/4.4.2/libgcc.a(_addsub_df.o) (__ucmpdi2)
C:\CSDTK4\/mips-elf-4.4.2/lib/gcc/mips-elf/4.4.2/libgcc.a(_clzsi2.o)
                              C:\CSDTK4\/mips-elf-4.4.2/lib/gcc/mips-elf/4.4.2/libgcc.a(_usi_to_sf.o) (__clzsi2)
[...]
Memory Configuration

Name             Origin             Length             Attributes
*default*        0x0000000000000000 0xffffffffffffffff

Linker script and memory map

                0x0000000088310000                __ROM_START_ADDR = 0x88310000
                0x0000000000050000                __MAX_ROM_SIZE = 0x50000
                0x00000000823e7000                __RAM_START_ADDR = 0x823e7000
                0x0000000082400000                __RAM_END_ADDR = 0x82400000
                0x0000000088310000                . = __ROM_START_ADDR
                0x0000000088310000                _ROM_START = .

.initdata       0x0000000088310000       0x40
 *(.initdata)
 .initdata      0x0000000088310000       0x3c libs/gcc/app_start.lib(ql_main.o)
                0x0000000088310000                GADLENTRY
                0x0000000088310040                . = ALIGN (0x10)
 *fill*         0x000000008831003c        0x4 00

.text           0x0000000088310040      0xc40
 *(.text)
 .text          0x0000000088310040        0x0 build/gcc/obj/custom/config/custom_sys_cfg.o
 .text          0x0000000088310040        0x0 build/gcc/obj/custom/config/sys_config.o
 .text          0x0000000088310040        0x0 build/gcc/obj/ril/src/ril_audio.o
 .text          0x0000000088310040        0x0 build/gcc/obj/ril/src/ril_custom.o
 .text          0x0000000088310040        0x0 build/gcc/obj/ril/src/ril_http.o
 .text          0x0000000088310040        0x0 build/gcc/obj/ril/src/ril_urc.o
 .text          0x0000000088310040        0x0 build/gcc/obj/ril/src/ril_atResponse.o
 .text          0x0000000088310040        0x0 build/gcc/obj/ril/src/ril_network.o
 .text          0x0000000088310040        0x0 build/gcc/obj/ril/src/ril_location.o
 .text          0x0000000088310040        0x0 build/gcc/obj/ril/src/ril_ntp.o
 .text          0x0000000088310040        0x0 build/gcc/obj/ril/src/ril_telephony.o
 .text          0x0000000088310040        0x0 build/gcc/obj/ril/src/ril_sms.o
 .text          0x0000000088310040        0x0 build/gcc/obj/ril/src/ril_system.o
 .text          0x0000000088310040        0x0 build/gcc/obj/ril/src/Ril_dtmf.o
 .text          0x0000000088310040        0x0 build/gcc/obj/ril/src/ril_sim.o
 .text          0x0000000088310040        0x0 build/gcc/obj/ril/src/ril_location2.o
 .text          0x0000000088310040        0x0 build/gcc/obj/ril/src/ril_gnss.o
 .text          0x0000000088310040        0x0 build/gcc/obj/ril/src/ril_init.o
 .text          0x0000000088310040        0x0 build/gcc/obj/ril/src/ril_ftp.o
 .text          0x0000000088310040        0x0 build/gcc/obj/ril/src/ril_alarm.o
 .text          0x0000000088310040        0x0 build/gcc/obj/ril/src/ril_util.o
 .text          0x0000000088310040        0x0 build/gcc/obj/ril/src/ril_mqtt.o
 .text          0x0000000088310040        0x0 build/gcc/obj/custom/main.o
 .text          0x0000000088310040        0x0 build/gcc/obj/custom/dfota/src/dfota_main.o
 .text          0x0000000088310040        0x0 build/gcc/obj/custom/dfota/src/tracker_functions.o
 .text          0x0000000088310040        0x0 build/gcc/obj/custom/dfota/src/gnss_parser.o
 .text          0x0000000088310040        0x0 build/gcc/obj/custom/dfota/src/dfota_ftp.o
 .text          0x0000000088310040        0x0 build/gcc/obj/custom/dfota/src/dfota_http_code.o
 .text          0x0000000088310040        0x0 build/gcc/obj/custom/dfota/src/dfota_http.o
 .text          0x0000000088310040        0x0 build/gcc/obj/custom/dfota/src/json_parser.o
 .text          0x0000000088310040        0x0 build/gcc/obj/custom/dfota/src/sms_command.o
 .text          0x0000000088310040        0x0 libs/gcc/app_start.lib(adc.o)
 .text          0x0000000088310040        0x0 libs/gcc/app_start.lib(timer.o)
 .text          0x0000000088310040        0x0 libs/gcc/app_start.lib(gprs.o)
 .text          0x0000000088310040        0x0 libs/gcc/app_start.lib(ql_func.o)
 .text          0x0000000088310040        0x0 libs/gcc/app_start.lib(taskMngt.o)
 .text          0x0000000088310040        0x0 libs/gcc/app_start.lib(fota.o)
 .text          0x0000000088310040        0x0 libs/gcc/app_start.lib(ql_main.o)
 .text          0x0000000088310040        0x0 libs/gcc/app_start.lib(memory.o)
 .text          0x0000000088310040        0x0 libs/gcc/app_start.lib(ril_main.o)
 .text          0x0000000088310040        0x0 libs/gcc/app_start.lib(ril_aux.o)
 .text          0x0000000088310040        0x0 libs/gcc/app_start.lib(ocpi_init.o)
 .text          0x0000000088310040        0x0 libs/gcc/app_start.lib(fileSys.o)
 .text          0x0000000088310040        0x0 libs/gcc/app_start.lib(lib_ril_sms.o)
 .text          0x0000000088310040        0x0 libs/gcc/app_start.lib(stdlib_func.o)
 .text          0x0000000088310040        0x0 libs/gcc/app_start.lib(system.o)
 .text          0x0000000088310040        0x0 libs/gcc/app_start.lib(uart.o)
 .text          0x0000000088310040        0x0 libs/gcc/app_start.lib(watchdog.o)
 .text          0x0000000088310040        0x0 libs/gcc/app_start.lib(socket.o)
 .text          0x0000000088310040        0x0 libs/gcc/app_start.lib(gpio.o)
 .text          0x0000000088310040       0xfc C:\CSDTK4\/mips-elf-4.4.2/lib/gcc/mips-elf/4.4.2/libgcc.a(_mul_sf.o)
                0x0000000088310041                __mulsf3
 .text          0x000000008831013c       0xc4 C:\CSDTK4\/mips-elf-4.4.2/lib/gcc/mips-elf/4.4.2/libgcc.a(_div_sf.o)
                0x000000008831013d                __divsf3
 .text          0x0000000088310200       0x2c C:\CSDTK4\/mips-elf-4.4.2/lib/gcc/mips-elf/4.4.2/libgcc.a(_sf_to_df.o)
                0x0000000088310201                __extendsfdf2
 .text          0x000000008831022c        0x0 C:\CSDTK4\/mips-elf-4.4.2/lib/gcc/mips-elf/4.4.2/libgcc.a(_thenan_sf.o)
 .text          0x000000008831022c       0x64 C:\CSDTK4\/mips-elf-4.4.2/lib/gcc/mips-elf/4.4.2/libgcc.a(_usi_to_sf.o)
                0x000000008831022d                __floatunsisf
 .text          0x0000000088310290      0x2f0 C:\CSDTK4\/mips-elf-4.4.2/lib/gcc/mips-elf/4.4.2/libgcc.a(_addsub_df.o)
                0x00000000883104f9                __subdf3
                0x0000000088310541                __adddf3
 .text          0x0000000088310580      0x138 C:\CSDTK4\/mips-elf-4.4.2/lib/gcc/mips-elf/4.4.2/libgcc.a(_div_df.o)
                0x0000000088310581                __divdf3
 .text          0x00000000883106b8       0x78 C:\CSDTK4\/mips-elf-4.4.2/lib/gcc/mips-elf/4.4.2/libgcc.a(_si_to_df.o)
                0x00000000883106b9                __floatsidf
 .text          0x0000000088310730       0x64 C:\CSDTK4\/mips-elf-4.4.2/lib/gcc/mips-elf/4.4.2/libgcc.a(_df_to_si.o)
                0x0000000088310731                __fixdfsi
 .text          0x0000000088310794       0x20 C:\CSDTK4\/mips-elf-4.4.2/lib/gcc/mips-elf/4.4.2/libgcc.a(_make_df.o)
                0x0000000088310795                __make_dp
 .text          0x00000000883107b4       0x3c C:\CSDTK4\/mips-elf-4.4.2/lib/gcc/mips-elf/4.4.2/libgcc.a(_df_to_sf.o)
                0x00000000883107b5                __truncdfsf2
 .text          0x00000000883107f0        0x0 C:\CSDTK4\/mips-elf-4.4.2/lib/gcc/mips-elf/4.4.2/libgcc.a(_thenan_df.o)
 .text          0x00000000883107f0       0x3c C:\CSDTK4\/mips-elf-4.4.2/lib/gcc/mips-elf/4.4.2/libgcc.a(_lshrdi3.o)
                0x00000000883107f1                __lshrdi3
 .text          0x000000008831082c       0x3c C:\CSDTK4\/mips-elf-4.4.2/lib/gcc/mips-elf/4.4.2/libgcc.a(_ashldi3.o)
                0x000000008831082d                __ashldi3
 .text          0x0000000088310868       0x28 C:\CSDTK4\/mips-elf-4.4.2/lib/gcc/mips-elf/4.4.2/libgcc.a(_ucmpdi2.o)
                0x0000000088310869                __ucmpdi2
 .text          0x0000000088310890       0x3c C:\CSDTK4\/mips-elf-4.4.2/lib/gcc/mips-elf/4.4.2/libgcc.a(_clzsi2.o)
                0x0000000088310891                __clzsi2
 .text          0x00000000883108cc       0xc4 C:\CSDTK4\/mips-elf-4.4.2/lib/gcc/mips-elf/4.4.2/libgcc.a(_pack_sf.o)
                0x00000000883108cd                __pack_f
 .text          0x0000000088310990       0x7c C:\CSDTK4\/mips-elf-4.4.2/lib/gcc/mips-elf/4.4.2/libgcc.a(_unpack_sf.o)
                0x0000000088310991                __unpack_f
 .text          0x0000000088310a0c       0x18 C:\CSDTK4\/mips-elf-4.4.2/lib/gcc/mips-elf/4.4.2/libgcc.a(_make_sf.o)
                0x0000000088310a0d                __make_fp
 .text          0x0000000088310a24      0x1a4 C:\CSDTK4\/mips-elf-4.4.2/lib/gcc/mips-elf/4.4.2/libgcc.a(_pack_df.o)
                0x0000000088310a25                __pack_d
 .text          0x0000000088310bc8       0xac C:\CSDTK4\/mips-elf-4.4.2/lib/gcc/mips-elf/4.4.2/libgcc.a(_unpack_df.o)
                0x0000000088310bc9                __unpack_d
 .text          0x0000000088310c74        0x0 C:\CSDTK4\/mips-elf-4.4.2/lib/gcc/mips-elf/4.4.2/libgcc.a(_clz.o)
                0x0000000088310c80                . = ALIGN (0x10)
 *fill*         0x0000000088310c74        0xc 00

.text.Ql_WTD_GetWDIPinCfg
                0x0000000088310c80        0xc
 .text.Ql_WTD_GetWDIPinCfg
                0x0000000088310c80        0xc build/gcc/obj/custom/config/custom_sys_cfg.o
                0x0000000088310c81                Ql_WTD_GetWDIPinCfg

.text.RIL_AUD_RegisterPlayCB
                0x0000000088310c8c       0x14
 .text.RIL_AUD_RegisterPlayCB
                0x0000000088310c8c       0x14 build/gcc/obj/ril/src/ril_audio.o
                0x0000000088310c8d                RIL_AUD_RegisterPlayCB

.text.RIL_AUD_GetRecordState
                0x0000000088310ca0       0x5c
 .text.RIL_AUD_GetRecordState
                0x0000000088310ca0       0x5c build/gcc/obj/ril/src/ril_audio.o
                0x0000000088310ca1                RIL_AUD_GetRecordState

.text.RIL_AUD_StopPlayMemBg
                0x0000000088310cfc       0x40
 .text.RIL_AUD_StopPlayMemBg
                0x0000000088310cfc       0x40 build/gcc/obj/ril/src/ril_audio.o
                0x0000000088310cfd                RIL_AUD_StopPlayMemBg

.text.RIL_AUD_PlayMemBg
                0x0000000088310d3c       0x68
 .text.RIL_AUD_PlayMemBg
                0x0000000088310d3c       0x68 build/gcc/obj/ril/src/ril_audio.o
                0x0000000088310d3d                RIL_AUD_PlayMemBg

.text.RIL_AUD_StopPlayMem
                0x0000000088310da4       0x48
 .text.RIL_AUD_StopPlayMem
                0x0000000088310da4       0x48 build/gcc/obj/ril/src/ril_audio.o
                0x0000000088310da5                RIL_AUD_StopPlayMem

.text.RIL_AUD_PlayMem
                0x0000000088310dec       0x68
 .text.RIL_AUD_PlayMem
                0x0000000088310dec       0x68 build/gcc/obj/ril/src/ril_audio.o
                0x0000000088310ded                RIL_AUD_PlayMem

.text.RIL_AUD_StopRecord
                0x0000000088310e54       0x48
 .text.RIL_AUD_StopRecord
                0x0000000088310e54       0x48 build/gcc/obj/ril/src/ril_audio.o
                0x0000000088310e55                RIL_AUD_StopRecord

.text.RIL_AUD_StartRecord
                0x0000000088310e9c       0x78
 .text.RIL_AUD_StartRecord
                0x0000000088310e9c       0x78 build/gcc/obj/ril/src/ril_audio.o
                0x0000000088310e9d                RIL_AUD_StartRecord

.text.RIL_AUD_StopPlay
                0x0000000088310f14       0x48
 .text.RIL_AUD_StopPlay
                0x0000000088310f14       0x48 build/gcc/obj/ril/src/ril_audio.o
                0x0000000088310f15                RIL_AUD_StopPlay

.text.RIL_AUD_GetVolume
                0x0000000088310f5c       0x4c
 .text.RIL_AUD_GetVolume
                0x0000000088310f5c       0x4c build/gcc/obj/ril/src/ril_audio.o
                0x0000000088310f5d                RIL_AUD_GetVolume

.text.RIL_AUD_SetVolume
                0x0000000088310fa8       0x4c
 .text.RIL_AUD_SetVolume
                0x0000000088310fa8       0x4c build/gcc/obj/ril/src/ril_audio.o
                0x0000000088310fa9                RIL_AUD_SetVolume

.text.RIL_AUD_SetChannel
                0x0000000088310ff4       0x50
 .text.RIL_AUD_SetChannel
                0x0000000088310ff4       0x50 build/gcc/obj/ril/src/ril_audio.o
                0x0000000088310ff5                RIL_AUD_SetChannel

.text.RIL_AUD_GetChannel
                0x0000000088311044       0x4c
 .text.RIL_AUD_GetChannel
                0x0000000088311044       0x4c build/gcc/obj/ril/src/ril_audio.o
                0x0000000088311045                RIL_AUD_GetChannel

.text.RIL_AUD_PlayFile
                0x0000000088311090       0x88
 .text.RIL_AUD_PlayFile
                0x0000000088311090       0x88 build/gcc/obj/ril/src/ril_audio.o
                0x0000000088311091                RIL_AUD_PlayFile

.text.ATResponse_AUD_handler
                0x0000000088311118       0xec
 .text.ATResponse_AUD_handler
                0x0000000088311118       0xec build/gcc/obj/ril/src/ril_audio.o

.text.Ql_RIL_RcvDataFrmCore
                0x0000000088311204       0x18
 .text.Ql_RIL_RcvDataFrmCore
                0x0000000088311204       0x18 build/gcc/obj/ril/src/ril_custom.o
                0x0000000088311205                Ql_RIL_RcvDataFrmCore

.text.RIL_HTTP_ReadResponse
                0x000000008831121c       0x68
 .text.RIL_HTTP_ReadResponse
                0x000000008831121c       0x68 build/gcc/obj/ril/src/ril_http.o
                0x000000008831121d                RIL_HTTP_ReadResponse

.text.RIL_HTTP_RequestToPost
                0x0000000088311284       0x74
 .text.RIL_HTTP_RequestToPost
                0x0000000088311284       0x74 build/gcc/obj/ril/src/ril_http.o
                0x0000000088311285                RIL_HTTP_RequestToPost

.text.RIL_HTTP_RequestToGet
                0x00000000883112f8       0x58
 .text.RIL_HTTP_RequestToGet
                0x00000000883112f8       0x58 build/gcc/obj/ril/src/ril_http.o
                0x00000000883112f9                RIL_HTTP_RequestToGet

.text.RIL_HTTP_SetServerURL
                0x0000000088311350       0x74
 .text.RIL_HTTP_SetServerURL
                0x0000000088311350       0x74 build/gcc/obj/ril/src/ril_http.o
                0x0000000088311351                RIL_HTTP_SetServerURL

.text.RIL_HTTP_DownloadFile
                0x00000000883113c4       0x70
 .text.RIL_HTTP_DownloadFile
                0x00000000883113c4       0x70 build/gcc/obj/ril/src/ril_http.o
                0x00000000883113c5                RIL_HTTP_DownloadFile

.text.ATRsp_QHTTP_Handler
                0x0000000088311434       0xb8
 .text.ATRsp_QHTTP_Handler
                0x0000000088311434       0xb8 build/gcc/obj/ril/src/ril_http.o

.text.OnURCHandler_HTTP
                0x00000000883114ec       0x48
 .text.OnURCHandler_HTTP
                0x00000000883114ec       0x48 build/gcc/obj/ril/src/ril_urc.o

.text.OnURCHandler_AudPlayInd
                0x0000000088311534       0x34
 .text.OnURCHandler_AudPlayInd
                0x0000000088311534       0x34 build/gcc/obj/ril/src/ril_urc.o

.text.Ql_RIL_IsURCStr
                0x0000000088311568       0x54
 .text.Ql_RIL_IsURCStr
                0x0000000088311568       0x54 build/gcc/obj/ril/src/ril_urc.o
                0x0000000088311569                Ql_RIL_IsURCStr

.text.OnURCHandler_MQTT_DISC
                0x00000000883115bc       0xac
 .text.OnURCHandler_MQTT_DISC
                0x00000000883115bc       0xac build/gcc/obj/ril/src/ril_urc.o

.text.OnURCHandler_MQTT_CLOSE
                0x0000000088311668       0xac
 .text.OnURCHandler_MQTT_CLOSE
                0x0000000088311668       0xac build/gcc/obj/ril/src/ril_urc.o

.text.OnURCHandler_MQTT_STATE
                0x0000000088311714       0x8c
 .text.OnURCHandler_MQTT_STATE
                0x0000000088311714       0x8c build/gcc/obj/ril/src/ril_urc.o

.text.OnURCHandler_MQTT_TUNS
                0x00000000883117a0       0xac
 .text.OnURCHandler_MQTT_TUNS
                0x00000000883117a0       0xac build/gcc/obj/ril/src/ril_urc.o

.text.OnURCHandler_MQTT_PUB
                0x000000008831184c       0xcc
 .text.OnURCHandler_MQTT_PUB
                0x000000008831184c       0xcc build/gcc/obj/ril/src/ril_urc.o

.text.OnURCHandler_MQTT_SUB
                0x0000000088311918       0xfc
 .text.OnURCHandler_MQTT_SUB
                0x0000000088311918       0xfc build/gcc/obj/ril/src/ril_urc.o

.text.OnURCHandler_MQTT_CONN
                0x0000000088311a14       0xb4
 .text.OnURCHandler_MQTT_CONN
                0x0000000088311a14       0xb4 build/gcc/obj/ril/src/ril_urc.o

.text.OnURCHandler_MQTT_OPEN
                0x0000000088311ac8       0x8c
 .text.OnURCHandler_MQTT_OPEN
                0x0000000088311ac8       0x8c build/gcc/obj/ril/src/ril_urc.o

.text.OnURCHandler_AlarmRing
                0x0000000088311b54       0x18
 .text.OnURCHandler_AlarmRing
                0x0000000088311b54       0x18 build/gcc/obj/ril/src/ril_urc.o

.text.OnURCHandler_InitStat
                0x0000000088311b6c       0x3c
 .text.OnURCHandler_InitStat
                0x0000000088311b6c       0x3c build/gcc/obj/ril/src/ril_urc.o

.text.OnURCHandler
                0x0000000088311ba8       0x78
 .text.OnURCHandler
                0x0000000088311ba8       0x78 build/gcc/obj/ril/src/ril_urc.o
                0x0000000088311ba9                OnURCHandler

.text.OnURCHandler_FTP_Upload
                0x0000000088311c20       0x74
 .text.OnURCHandler_FTP_Upload
                0x0000000088311c20       0x74 build/gcc/obj/ril/src/ril_urc.o

.text.OnURCHandler_FTP_Download
                0x0000000088311c94       0x74
 .text.OnURCHandler_FTP_Download
                0x0000000088311c94       0x74 build/gcc/obj/ril/src/ril_urc.o

.text.OnURCHandler_CFUN
                0x0000000088311d08       0x64
 .text.OnURCHandler_CFUN
                0x0000000088311d08       0x64 build/gcc/obj/ril/src/ril_urc.o

.text.OnURCHandler_Voltage
                0x0000000088311d6c       0x5c
 .text.OnURCHandler_Voltage
                0x0000000088311d6c       0x5c build/gcc/obj/ril/src/ril_urc.o

.text.OnURCHandler_Network
                0x0000000088311dc8       0xd4
 .text.OnURCHandler_Network
                0x0000000088311dc8       0xd4 build/gcc/obj/ril/src/ril_urc.o

.text.OnURCHandler_Call
                0x0000000088311e9c      0x184
 .text.OnURCHandler_Call
                0x0000000088311e9c      0x184 build/gcc/obj/ril/src/ril_urc.o

.text.OnURCHandler_SIM
                0x0000000088312020       0x90
 .text.OnURCHandler_SIM
                0x0000000088312020       0x90 build/gcc/obj/ril/src/ril_urc.o

.text.OnURCHandler_SMS
                0x00000000883120b0       0xac
 .text.OnURCHandler_SMS
                0x00000000883120b0       0xac build/gcc/obj/ril/src/ril_urc.o

.text.Ql_RIL_AT_GetErrCode
                0x000000008831215c        0xc
 .text.Ql_RIL_AT_GetErrCode
                0x000000008831215c        0xc build/gcc/obj/ril/src/ril_atResponse.o
                0x000000008831215d                Ql_RIL_AT_GetErrCode

.text.Ql_RIL_AT_SetErrCode
                0x0000000088312168        0xc
 .text.Ql_RIL_AT_SetErrCode
                0x0000000088312168        0xc build/gcc/obj/ril/src/ril_atResponse.o
                0x0000000088312169                Ql_RIL_AT_SetErrCode

.text.Default_atRsp_callback
                0x0000000088312174       0x80
 .text.Default_atRsp_callback
                0x0000000088312174       0x80 build/gcc/obj/ril/src/ril_atResponse.o
                0x0000000088312175                Default_atRsp_callback

.text.RIL_Parse_value
                0x00000000883121f4       0x70
 .text.RIL_Parse_value
                0x00000000883121f4       0x70 build/gcc/obj/ril/src/ril_network.o
                0x00000000883121f5                RIL_Parse_value

.text.RIL_NW_GetOperator
                0x0000000088312264       0x4c
 .text.RIL_NW_GetOperator
                0x0000000088312264       0x4c build/gcc/obj/ril/src/ril_network.o
                0x0000000088312265                RIL_NW_GetOperator

.text.RIL_NW_ClosePDPContext
                0x00000000883122b0       0x44
 .text.RIL_NW_ClosePDPContext
                0x00000000883122b0       0x44 build/gcc/obj/ril/src/ril_network.o
                0x00000000883122b1                RIL_NW_ClosePDPContext

.text.RIL_NW_GetIPStatus
                0x00000000883122f4       0x28
 .text.RIL_NW_GetIPStatus
                0x00000000883122f4       0x28 build/gcc/obj/ril/src/ril_network.o
                0x00000000883122f5                RIL_NW_GetIPStatus

.text.RIL_NW_GetGPRSState
                0x000000008831231c       0x4c
 .text.RIL_NW_GetGPRSState
                0x000000008831231c       0x4c build/gcc/obj/ril/src/ril_network.o
                0x000000008831231d                RIL_NW_GetGPRSState

.text.RIL_NW_GetGSMState
                0x0000000088312368       0x50
 .text.RIL_NW_GetGSMState
                0x0000000088312368       0x50 build/gcc/obj/ril/src/ril_network.o
                0x0000000088312369                RIL_NW_GetGSMState

.text.ATRsp_COPS_Handler
                0x00000000883123b8       0xa8
 .text.ATRsp_COPS_Handler
                0x00000000883123b8       0xa8 build/gcc/obj/ril/src/ril_network.o

.text.ATRsp_QIDEACT_Hdlr
                0x0000000088312460       0x40
 .text.ATRsp_QIDEACT_Hdlr
                0x0000000088312460       0x40 build/gcc/obj/ril/src/ril_network.o

.text.ATResponse_CSQ_Handler
                0x00000000883124a0       0x70
 .text.ATResponse_CSQ_Handler
                0x00000000883124a0       0x70 build/gcc/obj/ril/src/ril_network.o

.text.ATResponse_CGREG_Handler
                0x0000000088312510       0x74
 .text.ATResponse_CGREG_Handler
                0x0000000088312510       0x74 build/gcc/obj/ril/src/ril_network.o

.text.ATResponse_CREG_Handler
                0x0000000088312584       0x74
 .text.ATResponse_CREG_Handler
                0x0000000088312584       0x74 build/gcc/obj/ril/src/ril_network.o

.text.RIL_NW_OpenPDPContext
                0x00000000883125f8       0x6c
 .text.RIL_NW_OpenPDPContext
                0x00000000883125f8       0x6c build/gcc/obj/ril/src/ril_network.o
                0x00000000883125f9                RIL_NW_OpenPDPContext

.text.RIL_NW_SetAPN
                0x0000000088312664       0x90
 .text.RIL_NW_SetAPN
                0x0000000088312664       0x90 build/gcc/obj/ril/src/ril_network.o
                0x0000000088312665                RIL_NW_SetAPN

.text.RIL_NW_SetGPRSContext
                0x00000000883126f4       0x4c
 .text.RIL_NW_SetGPRSContext
                0x00000000883126f4       0x4c build/gcc/obj/ril/src/ril_network.o
                0x00000000883126f5                RIL_NW_SetGPRSContext

.text.RIL_NW_GetSignalQuality
                0x0000000088312740       0x5c
 .text.RIL_NW_GetSignalQuality
                0x0000000088312740       0x5c build/gcc/obj/ril/src/ril_network.o
                0x0000000088312741                RIL_NW_GetSignalQuality

.text.RIL_NW_GetIpStatusByName
                0x000000008831279c       0xdc
 .text.RIL_NW_GetIpStatusByName
                0x000000008831279c       0xdc build/gcc/obj/ril/src/ril_network.o
                0x000000008831279d                RIL_NW_GetIpStatusByName

.text.ATResponse_IPStatus_Handler
                0x0000000088312878       0xa4
 .text.ATResponse_IPStatus_Handler
                0x0000000088312878       0xa4 build/gcc/obj/ril/src/ril_network.o

.text.OnURCHandler_QCELLLocation
                0x000000008831291c       0xd0
 .text.OnURCHandler_QCELLLocation
                0x000000008831291c       0xd0 build/gcc/obj/ril/src/ril_location.o
                0x000000008831291d                OnURCHandler_QCELLLocation

.text.RIL_GetLocationByCell
                0x00000000883129ec       0x94
 .text.RIL_GetLocationByCell
                0x00000000883129ec       0x94 build/gcc/obj/ril/src/ril_location.o
                0x00000000883129ed                RIL_GetLocationByCell

.text.RIL_GetLocation_Ex
                0x0000000088312a80       0x9c
 .text.RIL_GetLocation_Ex
                0x0000000088312a80       0x9c build/gcc/obj/ril/src/ril_location.o
                0x0000000088312a81                RIL_GetLocation_Ex

.text.RIL_GetLocation
                0x0000000088312b1c       0x84
 .text.RIL_GetLocation
                0x0000000088312b1c       0x84 build/gcc/obj/ril/src/ril_location.o
                0x0000000088312b1d                RIL_GetLocation

.text.ATResponse_GetLocation_Ex_Handler
                0x0000000088312ba0       0xc0
 .text.ATResponse_GetLocation_Ex_Handler
                0x0000000088312ba0       0xc0 build/gcc/obj/ril/src/ril_location.o

.text.RIL_NTP_START
                0x0000000088312c60       0x68
 .text.RIL_NTP_START
                0x0000000088312c60       0x68 build/gcc/obj/ril/src/ril_ntp.o
                0x0000000088312c61                RIL_NTP_START

.text.OnURCHandler_NTPCMD
                0x0000000088312cc8       0x44
 .text.OnURCHandler_NTPCMD
                0x0000000088312cc8       0x44 build/gcc/obj/ril/src/ril_ntp.o
                0x0000000088312cc9                OnURCHandler_NTPCMD

.text.RIL_Telephony_Hangup
                0x0000000088312d0c       0x20
 .text.RIL_Telephony_Hangup
                0x0000000088312d0c       0x20 build/gcc/obj/ril/src/ril_telephony.o
                0x0000000088312d0d                RIL_Telephony_Hangup

.text.RIL_Telephony_Answer
                0x0000000088312d2c       0x24
 .text.RIL_Telephony_Answer
                0x0000000088312d2c       0x24 build/gcc/obj/ril/src/ril_telephony.o
                0x0000000088312d2d                RIL_Telephony_Answer

.text.Telephony_Answer_AT_handler
                0x0000000088312d50       0x74
 .text.Telephony_Answer_AT_handler
                0x0000000088312d50       0x74 build/gcc/obj/ril/src/ril_telephony.o

.text.Telephony_Dial_AT_handler
                0x0000000088312dc4       0x9c
 .text.Telephony_Dial_AT_handler
                0x0000000088312dc4       0x9c build/gcc/obj/ril/src/ril_telephony.o

.text.RIL_Telephony_Dial
                0x0000000088312e60       0x5c
 .text.RIL_Telephony_Dial
                0x0000000088312e60       0x5c build/gcc/obj/ril/src/ril_telephony.o
                0x0000000088312e61                RIL_Telephony_Dial

.text.ADP_SMS_ConvIdxToCoreIdx
                0x0000000088312ebc       0x14
 .text.ADP_SMS_ConvIdxToCoreIdx
                0x0000000088312ebc       0x14 build/gcc/obj/ril/src/ril_sms.o

.text.CmdGetStorageInfo
                0x0000000088312ed0       0x88
 .text.CmdGetStorageInfo
                0x0000000088312ed0       0x88 build/gcc/obj/ril/src/ril_sms.o

.text.RIL_SMS_DeleteSMS
                0x0000000088312f58       0xa4
 .text.RIL_SMS_DeleteSMS
                0x0000000088312f58       0xa4 build/gcc/obj/ril/src/ril_sms.o
                0x0000000088312f59                RIL_SMS_DeleteSMS

.text.CmdReadPDUMsg
                0x0000000088312ffc       0xb0
 .text.CmdReadPDUMsg
                0x0000000088312ffc       0xb0 build/gcc/obj/ril/src/ril_sms.o

.text.RIL_SMS_GetStorage
                0x00000000883130ac       0x10
 .text.RIL_SMS_GetStorage
                0x00000000883130ac       0x10 build/gcc/obj/ril/src/ril_sms.o
                0x00000000883130ad                RIL_SMS_GetStorage

.text.RIL_SMS_SetStorage
                0x00000000883130bc       0xa0
 .text.RIL_SMS_SetStorage
                0x00000000883130bc       0xa0 build/gcc/obj/ril/src/ril_sms.o
                0x00000000883130bd                RIL_SMS_SetStorage

.text.ConvStringToPhoneNumber
                0x000000008831315c       0xa0
 .text.ConvStringToPhoneNumber
                0x000000008831315c       0xa0 build/gcc/obj/ril/src/ril_sms.o

.text.SMS_CMD_GeneralHandler
                0x00000000883131fc      0x2b8
 .text.SMS_CMD_GeneralHandler
                0x00000000883131fc      0x2b8 build/gcc/obj/ril/src/ril_sms.o

.text.RIL_SMS_ReadSMS_PDU
                0x00000000883134b4       0x80
 .text.RIL_SMS_ReadSMS_PDU
                0x00000000883134b4       0x80 build/gcc/obj/ril/src/ril_sms.o
                0x00000000883134b5                RIL_SMS_ReadSMS_PDU

.text.CmdSendPDUMsg
                0x0000000088313534       0xdc
 .text.CmdSendPDUMsg
                0x0000000088313534       0xdc build/gcc/obj/ril/src/ril_sms.o

.text.RIL_SMS_SendSMS_Text_Ext
                0x0000000088313610      0x1bc
 .text.RIL_SMS_SendSMS_Text_Ext
                0x0000000088313610      0x1bc build/gcc/obj/ril/src/ril_sms.o
                0x0000000088313611                RIL_SMS_SendSMS_Text_Ext

.text.RIL_SMS_SendSMS_Text
                0x00000000883137cc      0x16c
 .text.RIL_SMS_SendSMS_Text
                0x00000000883137cc      0x16c build/gcc/obj/ril/src/ril_sms.o
                0x00000000883137cd                RIL_SMS_SendSMS_Text

.text.RIL_SMS_SendSMS_PDU
                0x0000000088313938       0x64
 .text.RIL_SMS_SendSMS_PDU
                0x0000000088313938       0x64 build/gcc/obj/ril/src/ril_sms.o
                0x0000000088313939                RIL_SMS_SendSMS_PDU

.text.T.94      0x000000008831399c       0x6c
 .text.T.94     0x000000008831399c       0x6c build/gcc/obj/ril/src/ril_sms.o

.text.RIL_SMS_ReadSMS_Text
                0x0000000088313a08      0x24c
 .text.RIL_SMS_ReadSMS_Text
                0x0000000088313a08      0x24c build/gcc/obj/ril/src/ril_sms.o
                0x0000000088313a09                RIL_SMS_ReadSMS_Text

.text.QSDK_Get_Str
                0x0000000088313c54       0x90
 .text.QSDK_Get_Str
                0x0000000088313c54       0x90 build/gcc/obj/ril/src/ril_system.o
                0x0000000088313c55                QSDK_Get_Str

.text.RIL_GetIMEI
                0x0000000088313ce4       0x48
 .text.RIL_GetIMEI
                0x0000000088313ce4       0x48 build/gcc/obj/ril/src/ril_system.o
                0x0000000088313ce5                RIL_GetIMEI

.text.RIL_GetPowerSupply
                0x0000000088313d2c       0x38
 .text.RIL_GetPowerSupply
                0x0000000088313d2c       0x38 build/gcc/obj/ril/src/ril_system.o
                0x0000000088313d2d                RIL_GetPowerSupply

.text.RIL_QuerySysInitStatus
                0x0000000088313d64       0x24
 .text.RIL_QuerySysInitStatus
                0x0000000088313d64       0x24 build/gcc/obj/ril/src/ril_system.o
                0x0000000088313d65                RIL_QuerySysInitStatus

.text.ATRsp_IMEI_Handler
                0x0000000088313d88       0x5c
 .text.ATRsp_IMEI_Handler
                0x0000000088313d88       0x5c build/gcc/obj/ril/src/ril_system.o

.text.Power_ATResponse_Hanlder
                0x0000000088313de4       0xf0
 .text.Power_ATResponse_Hanlder
                0x0000000088313de4       0xf0 build/gcc/obj/ril/src/ril_system.o

.text.SYS_ATResponse_Hanlder
                0x0000000088313ed4       0xa8
 .text.SYS_ATResponse_Hanlder
                0x0000000088313ed4       0xa8 build/gcc/obj/ril/src/ril_system.o

.text.OnURCHandler_QWDTMF
                0x0000000088313f7c       0x60
 .text.OnURCHandler_QWDTMF
                0x0000000088313f7c       0x60 build/gcc/obj/ril/src/Ril_dtmf.o
                0x0000000088313f7d                OnURCHandler_QWDTMF

.text.OnURCHandler_QToneDet
                0x0000000088313fdc       0x9c
 .text.OnURCHandler_QToneDet
                0x0000000088313fdc       0x9c build/gcc/obj/ril/src/Ril_dtmf.o
                0x0000000088313fdd                OnURCHandler_QToneDet

.text.RIL_WDTMF_Send
                0x0000000088314078       0x70
 .text.RIL_WDTMF_Send
                0x0000000088314078       0x70 build/gcc/obj/ril/src/Ril_dtmf.o
                0x0000000088314079                RIL_WDTMF_Send

.text.RIL_ToneDet_Get
                0x00000000883140e8       0x70
 .text.RIL_ToneDet_Get
                0x00000000883140e8       0x70 build/gcc/obj/ril/src/Ril_dtmf.o
                0x00000000883140e9                RIL_ToneDet_Get

.text.RIL_ToneDet_Set
                0x0000000088314158       0x6c
 .text.RIL_ToneDet_Set
                0x0000000088314158       0x6c build/gcc/obj/ril/src/Ril_dtmf.o
                0x0000000088314159                RIL_ToneDet_Set

.text.RIL_ToneDet_Close
                0x00000000883141c4       0x44
 .text.RIL_ToneDet_Close
                0x00000000883141c4       0x44 build/gcc/obj/ril/src/Ril_dtmf.o
                0x00000000883141c5                RIL_ToneDet_Close

.text.RIL_ToneDet_Open
                0x0000000088314208       0x4c
 .text.RIL_ToneDet_Open
                0x0000000088314208       0x4c build/gcc/obj/ril/src/Ril_dtmf.o
                0x0000000088314209                RIL_ToneDet_Open

.text.ATResponse_Handler
                0x0000000088314254       0xf0
 .text.ATResponse_Handler
                0x0000000088314254       0x94 build/gcc/obj/ril/src/Ril_dtmf.o
 .text.ATResponse_Handler
                0x00000000883142e8       0x5c build/gcc/obj/ril/src/ril_mqtt.o

.text.RIL_SIM_GetCCID
                0x0000000088314344       0x50
 .text.RIL_SIM_GetCCID
                0x0000000088314344       0x50 build/gcc/obj/ril/src/ril_sim.o
                0x0000000088314345                RIL_SIM_GetCCID

.text.RIL_SIM_GetIMSI
                0x0000000088314394       0x50
 .text.RIL_SIM_GetIMSI
                0x0000000088314394       0x50 build/gcc/obj/ril/src/ril_sim.o
                0x0000000088314395                RIL_SIM_GetIMSI

.text.RIL_SIM_GetSimState
                0x00000000883143e4       0x50
 .text.RIL_SIM_GetSimState
                0x00000000883143e4       0x50 build/gcc/obj/ril/src/ril_sim.o
                0x00000000883143e5                RIL_SIM_GetSimState

.text.ATRsp_CCID_Handler
                0x0000000088314434       0xa8
 .text.ATRsp_CCID_Handler
                0x0000000088314434       0xa8 build/gcc/obj/ril/src/ril_sim.o

.text.ATRsp_IMSI_Handler
                0x00000000883144dc       0x5c
 .text.ATRsp_IMSI_Handler
                0x00000000883144dc       0x5c build/gcc/obj/ril/src/ril_sim.o

.text.RIL_SIM_GetSimStateByName
                0x0000000088314538       0xd0
 .text.RIL_SIM_GetSimStateByName
                0x0000000088314538       0xd0 build/gcc/obj/ril/src/ril_sim.o
                0x0000000088314539                RIL_SIM_GetSimStateByName

.text.ATResponse_CPIN_Handler
                0x0000000088314608       0xe8
 .text.ATResponse_CPIN_Handler
                0x0000000088314608       0xe8 build/gcc/obj/ril/src/ril_sim.o

.text.RIL_QLBS_Loc
                0x00000000883146f0       0x4c
 .text.RIL_QLBS_Loc
                0x00000000883146f0       0x4c build/gcc/obj/ril/src/ril_location2.o
                0x00000000883146f1                RIL_QLBS_Loc

.text.RIL_QLBS_Cfg
                0x000000008831473c       0xcc
 .text.RIL_QLBS_Cfg
                0x000000008831473c       0xcc build/gcc/obj/ril/src/ril_location2.o
                0x000000008831473d                RIL_QLBS_Cfg

.text.RIL_QLBS_Loc_Ex
                0x0000000088314808       0x7c
 .text.RIL_QLBS_Loc_Ex
                0x0000000088314808       0x7c build/gcc/obj/ril/src/ril_location2.o
                0x0000000088314809                RIL_QLBS_Loc_Ex

.text.ATResponse_Qlbs_Ex_Handler
                0x0000000088314884      0x150
 .text.ATResponse_Qlbs_Ex_Handler
                0x0000000088314884      0x150 build/gcc/obj/ril/src/ril_location2.o

.text.OnURCHandler_QLBS
                0x00000000883149d4      0x184
 .text.OnURCHandler_QLBS
                0x00000000883149d4      0x184 build/gcc/obj/ril/src/ril_location2.o
                0x00000000883149d5                OnURCHandler_QLBS

.text.RIL_GNSS_EPO_Config_APN
                0x0000000088314b58       0x98
 .text.RIL_GNSS_EPO_Config_APN
                0x0000000088314b58       0x98 build/gcc/obj/ril/src/ril_gnss.o
                0x0000000088314b59                RIL_GNSS_EPO_Config_APN

.text.RIL_GNSS_AGPSAID
                0x0000000088314bf0       0x4c
 .text.RIL_GNSS_AGPSAID
                0x0000000088314bf0       0x4c build/gcc/obj/ril/src/ril_gnss.o
                0x0000000088314bf1                RIL_GNSS_AGPSAID

.text.RIL_GNSS_AGPS
                0x0000000088314c3c       0x58
 .text.RIL_GNSS_AGPS
                0x0000000088314c3c       0x58 build/gcc/obj/ril/src/ril_gnss.o
                0x0000000088314c3d                RIL_GNSS_AGPS

.text.RIL_GNSS_Read_TimeSync_Status
                0x0000000088314c94       0x6c
 .text.RIL_GNSS_Read_TimeSync_Status
                0x0000000088314c94       0x6c build/gcc/obj/ril/src/ril_gnss.o
                0x0000000088314c95                RIL_GNSS_Read_TimeSync_Status

.text.RIL_GNSS_SetRefLoc
                0x0000000088314d00       0x6c
 .text.RIL_GNSS_SetRefLoc
                0x0000000088314d00       0x6c build/gcc/obj/ril/src/ril_gnss.o
                0x0000000088314d01                RIL_GNSS_SetRefLoc

.text.RIL_GNSS_Open
                0x0000000088314d6c       0x6c
 .text.RIL_GNSS_Open
                0x0000000088314d6c       0x6c build/gcc/obj/ril/src/ril_gnss.o
                0x0000000088314d6d                RIL_GNSS_Open

.text.RIL_GNSS_CMD_Send
                0x0000000088314dd8       0x68
 .text.RIL_GNSS_CMD_Send
                0x0000000088314dd8       0x68 build/gcc/obj/ril/src/ril_gnss.o
                0x0000000088314dd9                RIL_GNSS_CMD_Send

.text.RIL_GNSS_GetPowerState
                0x0000000088314e40       0x50
 .text.RIL_GNSS_GetPowerState
                0x0000000088314e40       0x50 build/gcc/obj/ril/src/ril_gnss.o
                0x0000000088314e41                RIL_GNSS_GetPowerState

.text.ATResponse_GNSSReadTS_Hdlr
                0x0000000088314e90       0xa8
 .text.ATResponse_GNSSReadTS_Hdlr
                0x0000000088314e90       0xa8 build/gcc/obj/ril/src/ril_gnss.o

.text.ATResponse_QGNSSC_Handler
                0x0000000088314f38       0xa8
 .text.ATResponse_QGNSSC_Handler
                0x0000000088314f38       0xa8 build/gcc/obj/ril/src/ril_gnss.o

.text.RIL_GNSS_Read
                0x0000000088314fe0       0xe8
 .text.RIL_GNSS_Read
                0x0000000088314fe0       0xe8 build/gcc/obj/ril/src/ril_gnss.o
                0x0000000088314fe1                RIL_GNSS_Read

.text.ATResponse_GNSSRead_Hdlr
                0x00000000883150c8      0x23c
 .text.ATResponse_GNSSRead_Hdlr
                0x00000000883150c8      0x23c build/gcc/obj/ril/src/ril_gnss.o

.text.OnURCHandler_GNSSAGPS
                0x0000000088315304       0x44
 .text.OnURCHandler_GNSSAGPS
                0x0000000088315304       0x44 build/gcc/obj/ril/src/ril_gnss.o
                0x0000000088315305                OnURCHandler_GNSSAGPS

.text.OnURCHandler_GNSSCMD
                0x0000000088315348       0x44
 .text.OnURCHandler_GNSSCMD
                0x0000000088315348       0x44 build/gcc/obj/ril/src/ril_gnss.o
                0x0000000088315349                OnURCHandler_GNSSCMD

.text.RIL_GetInitCmdCnt
                0x000000008831538c        0x4
 .text.RIL_GetInitCmdCnt
                0x000000008831538c        0x4 build/gcc/obj/ril/src/ril_init.o
                0x000000008831538d                RIL_GetInitCmdCnt

.text.RIL_GetLimitedCmdCnt
                0x0000000088315390        0x4
 .text.RIL_GetLimitedCmdCnt
                0x0000000088315390        0x4 build/gcc/obj/ril/src/ril_init.o
                0x0000000088315391                RIL_GetLimitedCmdCnt

.text.RIL_FTP_QIDEACT
                0x0000000088315394       0x2c
 .text.RIL_FTP_QIDEACT
                0x0000000088315394       0x2c build/gcc/obj/ril/src/ril_ftp.o
                0x0000000088315395                RIL_FTP_QIDEACT

.text.Callback_QIDEACT
                0x00000000883153c0       0x40
 .text.Callback_QIDEACT
                0x00000000883153c0       0x40 build/gcc/obj/ril/src/ril_ftp.o

.text.RIL_FTP_QFTPRMDIR
                0x0000000088315400       0x64
 .text.RIL_FTP_QFTPRMDIR
                0x0000000088315400       0x64 build/gcc/obj/ril/src/ril_ftp.o
                0x0000000088315401                RIL_FTP_QFTPRMDIR

.text.RIL_FTP_QFTPMKDIR
                0x0000000088315464       0x64
 .text.RIL_FTP_QFTPMKDIR
                0x0000000088315464       0x64 build/gcc/obj/ril/src/ril_ftp.o
                0x0000000088315465                RIL_FTP_QFTPMKDIR

.text.RIL_FTP_QFTPDELETE
                0x00000000883154c8       0x64
 .text.RIL_FTP_QFTPDELETE
                0x00000000883154c8       0x64 build/gcc/obj/ril/src/ril_ftp.o
                0x00000000883154c9                RIL_FTP_QFTPDELETE

.text.RIL_FTP_QFTPSIZE
                0x000000008831552c       0x70
 .text.RIL_FTP_QFTPSIZE
                0x000000008831552c       0x70 build/gcc/obj/ril/src/ril_ftp.o
                0x000000008831552d                RIL_FTP_QFTPSIZE

.text.RIL_FTP_QFTPRENAME
                0x000000008831559c       0x6c
 .text.RIL_FTP_QFTPRENAME
                0x000000008831559c       0x6c build/gcc/obj/ril/src/ril_ftp.o
                0x000000008831559d                RIL_FTP_QFTPRENAME

.text.RIL_FTP_QFTPLEN
                0x0000000088315608       0x60
 .text.RIL_FTP_QFTPLEN
                0x0000000088315608       0x60 build/gcc/obj/ril/src/ril_ftp.o
                0x0000000088315609                RIL_FTP_QFTPLEN

.text.RIL_FTP_QFTPSTAT
                0x0000000088315668       0x60
 .text.RIL_FTP_QFTPSTAT
                0x0000000088315668       0x60 build/gcc/obj/ril/src/ril_ftp.o
                0x0000000088315669                RIL_FTP_QFTPSTAT

.text.RIL_FTP_QFTPCFG
                0x00000000883156c8       0x70
 .text.RIL_FTP_QFTPCFG
                0x00000000883156c8       0x70 build/gcc/obj/ril/src/ril_ftp.o
                0x00000000883156c9                RIL_FTP_QFTPCFG

.text.RIL_FTP_QFTPPATH
                0x0000000088315738       0x64
 .text.RIL_FTP_QFTPPATH
                0x0000000088315738       0x64 build/gcc/obj/ril/src/ril_ftp.o
                0x0000000088315739                RIL_FTP_QFTPPATH

.text.RIL_FTP_QFTPGET
                0x000000008831579c       0x74
 .text.RIL_FTP_QFTPGET
                0x000000008831579c       0x74 build/gcc/obj/ril/src/ril_ftp.o
                0x000000008831579d                RIL_FTP_QFTPGET

.text.RIL_FTP_QFTPPUT
                0x0000000088315810       0x7c
 .text.RIL_FTP_QFTPPUT
                0x0000000088315810       0x7c build/gcc/obj/ril/src/ril_ftp.o
                0x0000000088315811                RIL_FTP_QFTPPUT

.text.RIL_FTP_QFTPCLOSE
                0x000000008831588c       0x5c
 .text.RIL_FTP_QFTPCLOSE
                0x000000008831588c       0x5c build/gcc/obj/ril/src/ril_ftp.o
                0x000000008831588d                RIL_FTP_QFTPCLOSE

.text.ATResponse_QFTPSTAT_handler
                0x00000000883158e8       0xf4
 .text.ATResponse_QFTPSTAT_handler
                0x00000000883158e8       0xf4 build/gcc/obj/ril/src/ril_ftp.o

.text.ATResponse_FTP_handler_Common
                0x00000000883159dc       0xbc
 .text.ATResponse_FTP_handler_Common
                0x00000000883159dc       0xbc build/gcc/obj/ril/src/ril_ftp.o

.text.ATResponse_QFTPLEN_handler
                0x0000000088315a98       0xb8
 .text.ATResponse_QFTPLEN_handler
                0x0000000088315a98       0xb8 build/gcc/obj/ril/src/ril_ftp.o

.text.RIL_FTP_QFTPOPEN
                0x0000000088315b50      0x14c
 .text.RIL_FTP_QFTPOPEN
                0x0000000088315b50      0x14c build/gcc/obj/ril/src/ril_ftp.o
                0x0000000088315b51                RIL_FTP_QFTPOPEN

.text.RIL_Alarm_Remove
                0x0000000088315c9c       0x9c
 .text.RIL_Alarm_Remove
                0x0000000088315c9c       0x9c build/gcc/obj/ril/src/ril_alarm.o
                0x0000000088315c9d                RIL_Alarm_Remove

.text.RIL_Alarm_Query
                0x0000000088315d38       0x4c
 .text.RIL_Alarm_Query
                0x0000000088315d38       0x4c build/gcc/obj/ril/src/ril_alarm.o
                0x0000000088315d39                RIL_Alarm_Query

.text.RIL_Alarm_Create
                0x0000000088315d84       0xa8
 .text.RIL_Alarm_Create
                0x0000000088315d84       0xa8 build/gcc/obj/ril/src/ril_alarm.o
                0x0000000088315d85                RIL_Alarm_Create

.text.ATResponse_QALARM_Handler
                0x0000000088315e2c      0x1d4
 .text.ATResponse_QALARM_Handler
                0x0000000088315e2c      0x1d4 build/gcc/obj/ril/src/ril_alarm.o

.text.Ql_StrPrefixMatch
                0x0000000088316000       0x20
 .text.Ql_StrPrefixMatch
                0x0000000088316000       0x20 build/gcc/obj/ril/src/ril_util.o
                0x0000000088316001                Ql_StrPrefixMatch

.text.Ql_GenHash
                0x0000000088316020       0x34
 .text.Ql_GenHash
                0x0000000088316020       0x34 build/gcc/obj/ril/src/ril_util.o
                0x0000000088316021                Ql_GenHash

.text.Ql_RIL_FindString
                0x0000000088316054       0x58
 .text.Ql_RIL_FindString
                0x0000000088316054       0x58 build/gcc/obj/ril/src/ril_util.o
                0x0000000088316055                Ql_RIL_FindString

.text.Ql_RIL_FindLine
                0x00000000883160ac      0x160
 .text.Ql_RIL_FindLine
                0x00000000883160ac      0x160 build/gcc/obj/ril/src/ril_util.o
                0x00000000883160ad                Ql_RIL_FindLine

.text.Ql_StrToUpper
                0x000000008831620c       0x38
 .text.Ql_StrToUpper
                0x000000008831620c       0x38 build/gcc/obj/ril/src/ril_util.o
                0x000000008831620d                Ql_StrToUpper

.text.Ql_HexStrToInt
                0x0000000088316244       0x60
 .text.Ql_HexStrToInt
                0x0000000088316244       0x60 build/gcc/obj/ril/src/ril_util.o
                0x0000000088316245                Ql_HexStrToInt

.text.RIL_MQTT_QMTDISC
                0x00000000883162a4       0x50
 .text.RIL_MQTT_QMTDISC
                0x00000000883162a4       0x50 build/gcc/obj/ril/src/ril_mqtt.o
                0x00000000883162a5                RIL_MQTT_QMTDISC

.text.RIL_MQTT_QMTCLOSE
                0x00000000883162f4       0x50
 .text.RIL_MQTT_QMTCLOSE
                0x00000000883162f4       0x50 build/gcc/obj/ril/src/ril_mqtt.o
                0x00000000883162f5                RIL_MQTT_QMTCLOSE

.text.RIL_MQTT_QMTCONN
                0x0000000088316344       0x78
 .text.RIL_MQTT_QMTCONN
                0x0000000088316344       0x78 build/gcc/obj/ril/src/ril_mqtt.o
                0x0000000088316345                RIL_MQTT_QMTCONN

.text.RIL_MQTT_QMTOPEN
                0x00000000883163bc       0x60
 .text.RIL_MQTT_QMTOPEN
                0x00000000883163bc       0x60 build/gcc/obj/ril/src/ril_mqtt.o
                0x00000000883163bd                RIL_MQTT_QMTOPEN

.text.RIL_MQTT_QMTCFG_Version_Select
                0x000000008831641c       0x58
 .text.RIL_MQTT_QMTCFG_Version_Select
                0x000000008831641c       0x58 build/gcc/obj/ril/src/ril_mqtt.o
                0x000000008831641d                RIL_MQTT_QMTCFG_Version_Select

.text.RIL_MQTT_QMTCFG_Showrecvlen
                0x0000000088316474       0x58
 .text.RIL_MQTT_QMTCFG_Showrecvlen
                0x0000000088316474       0x58 build/gcc/obj/ril/src/ril_mqtt.o
                0x0000000088316475                RIL_MQTT_QMTCFG_Showrecvlen

.text.RIL_MQTT_QMTCFG_Ali
                0x00000000883164cc       0x60
 .text.RIL_MQTT_QMTCFG_Ali
                0x00000000883164cc       0x60 build/gcc/obj/ril/src/ril_mqtt.o
                0x00000000883164cd                RIL_MQTT_QMTCFG_Ali

.text.RIL_MQTT_QMTPUB
                0x000000008831652c       0x90
 .text.RIL_MQTT_QMTPUB
                0x000000008831652c       0x90 build/gcc/obj/ril/src/ril_mqtt.o
                0x000000008831652d                RIL_MQTT_QMTPUB

.text.ATResponse_QMTPUB_handler
                0x00000000883165bc       0x70
 .text.ATResponse_QMTPUB_handler
                0x00000000883165bc       0x70 build/gcc/obj/ril/src/ril_mqtt.o

.text.RIL_MQTT_QMTUNS
                0x000000008831662c       0xf8
 .text.RIL_MQTT_QMTUNS
                0x000000008831662c       0xf8 build/gcc/obj/ril/src/ril_mqtt.o
                0x000000008831662d                RIL_MQTT_QMTUNS

.text.RIL_MQTT_QMTSUB
                0x0000000088316724      0x104
 .text.RIL_MQTT_QMTSUB
                0x0000000088316724      0x104 build/gcc/obj/ril/src/ril_mqtt.o
                0x0000000088316725                RIL_MQTT_QMTSUB

.text.GNSS_Get_FixStatus_from_RMC
                0x0000000088316828       0xe4
 .text.GNSS_Get_FixStatus_from_RMC
                0x0000000088316828       0xe4 build/gcc/obj/custom/main.o
                0x0000000088316829                GNSS_Get_FixStatus_from_RMC

.text.MyLocCallback
                0x000000008831690c       0x88
 .text.MyLocCallback
                0x000000008831690c       0x88 build/gcc/obj/custom/main.o
                0x000000008831690d                MyLocCallback

.text.loadConfig
                0x0000000088316994      0xdd8
 .text.loadConfig
                0x0000000088316994      0xdd8 build/gcc/obj/custom/main.o
                0x0000000088316995                loadConfig

.text.SMS_PDUMode_Send
                0x000000008831776c       0x84
 .text.SMS_PDUMode_Send
                0x000000008831776c       0x84 build/gcc/obj/custom/main.o
                0x000000008831776d                SMS_PDUMode_Send

.text.SMS_PDUMode_Read
                0x00000000883177f0      0x11c
 .text.SMS_PDUMode_Read
                0x00000000883177f0      0x11c build/gcc/obj/custom/main.o
                0x00000000883177f1                SMS_PDUMode_Read

.text.SMS_TextMode_Send
                0x000000008831790c       0xf4
 .text.SMS_TextMode_Send
                0x000000008831790c       0xf4 build/gcc/obj/custom/main.o
                0x000000008831790d                SMS_TextMode_Send

.text.SMS_TextMode_Read
                0x0000000088317a00      0x230
 .text.SMS_TextMode_Read
                0x0000000088317a00      0x230 build/gcc/obj/custom/main.o
                0x0000000088317a01                SMS_TextMode_Read

.text.Callback_GNSS_APGS_Hdlr
                0x0000000088317c30       0xe4
 .text.Callback_GNSS_APGS_Hdlr
                0x0000000088317c30       0xe4 build/gcc/obj/custom/main.o
                0x0000000088317c31                Callback_GNSS_APGS_Hdlr

.text.publishMessage
                0x0000000088317d14       0xc0
 .text.publishMessage
                0x0000000088317d14       0xc0 build/gcc/obj/custom/main.o
                0x0000000088317d15                publishMessage

.text.checkConnectionStatus
                0x0000000088317dd4       0xa8
 .text.checkConnectionStatus
                0x0000000088317dd4       0xa8 build/gcc/obj/custom/main.o
                0x0000000088317dd5                checkConnectionStatus

.text.connectToGprs
                0x0000000088317e7c      0x1e4
 .text.connectToGprs
                0x0000000088317e7c      0x1e4 build/gcc/obj/custom/main.o

.text.mqtt_recv
                0x0000000088318060      0x440
 .text.mqtt_recv
                0x0000000088318060      0x440 build/gcc/obj/custom/main.o

.text.AT_CELL_INFO_HANDLER
                0x00000000883184a0       0x90
 .text.AT_CELL_INFO_HANDLER
                0x00000000883184a0       0x90 build/gcc/obj/custom/main.o
                0x00000000883184a1                AT_CELL_INFO_HANDLER

.text.T.326     0x0000000088318530       0x64
 .text.T.326    0x0000000088318530       0x64 build/gcc/obj/custom/main.o

.text.CallBack_UART_Hdlr
                0x0000000088318594      0x2dc
 .text.CallBack_UART_Hdlr
                0x0000000088318594      0x2dc build/gcc/obj/custom/main.o

.text.Hdlr_RecvNewSMS
                0x0000000088318870      0x66c
 .text.Hdlr_RecvNewSMS
                0x0000000088318870      0x66c build/gcc/obj/custom/main.o

.text.loopThroughSms
                0x0000000088318edc      0x2a0
 .text.loopThroughSms
                0x0000000088318edc      0x2a0 build/gcc/obj/custom/main.o
                0x0000000088318edd                loopThroughSms

.text.proc_main_task
                0x000000008831917c      0x87c
 .text.proc_main_task
                0x000000008831917c      0x87c build/gcc/obj/custom/main.o
                0x000000008831917d                proc_main_task

.text.Dfota_Upgrade_States
                0x00000000883199f8       0xc8
 .text.Dfota_Upgrade_States
                0x00000000883199f8       0xc8 build/gcc/obj/custom/dfota/src/dfota_main.o

.text.Ql_DFOTA_StartUpgrade
                0x0000000088319ac0      0x104
 .text.Ql_DFOTA_StartUpgrade
                0x0000000088319ac0      0x104 build/gcc/obj/custom/dfota/src/dfota_main.o
                0x0000000088319ac1                Ql_DFOTA_StartUpgrade

.text.get_ignition_status
                0x0000000088319bc4        0x8
 .text.get_ignition_status
                0x0000000088319bc4        0x8 build/gcc/obj/custom/dfota/src/tracker_functions.o
                0x0000000088319bc5                get_ignition_status

.text.get_last_known_location
                0x0000000088319bcc        0x4
 .text.get_last_known_location
                0x0000000088319bcc        0x4 build/gcc/obj/custom/dfota/src/tracker_functions.o
                0x0000000088319bcd                get_last_known_location

.text.get_mileage
                0x0000000088319bd0        0x4
 .text.get_mileage
                0x0000000088319bd0        0x4 build/gcc/obj/custom/dfota/src/tracker_functions.o
                0x0000000088319bd1                get_mileage

.text.reverse_geocode
                0x0000000088319bd4        0xc
 .text.reverse_geocode
                0x0000000088319bd4        0xc build/gcc/obj/custom/dfota/src/tracker_functions.o
                0x0000000088319bd5                reverse_geocode

.text.get_nearest_places
                0x0000000088319be0        0xc
 .text.get_nearest_places
                0x0000000088319be0        0xc build/gcc/obj/custom/dfota/src/tracker_functions.o
                0x0000000088319be1                get_nearest_places

.text.stop_current_trip
                0x0000000088319bec        0x4
 .text.stop_current_trip
                0x0000000088319bec        0x4 build/gcc/obj/custom/dfota/src/tracker_functions.o
                0x0000000088319bed                stop_current_trip

.text.get_trip_summary
                0x0000000088319bf0        0x4
 .text.get_trip_summary
                0x0000000088319bf0        0x4 build/gcc/obj/custom/dfota/src/tracker_functions.o
                0x0000000088319bf1                get_trip_summary

.text.storage_clear_logs
                0x0000000088319bf4        0x4
 .text.storage_clear_logs
                0x0000000088319bf4        0x4 build/gcc/obj/custom/dfota/src/tracker_functions.o
                0x0000000088319bf5                storage_clear_logs

.text.my_strtok2
                0x0000000088319bf8       0x64
 .text.my_strtok2
                0x0000000088319bf8       0x64 build/gcc/obj/custom/dfota/src/tracker_functions.o
                0x0000000088319bf9                my_strtok2

.text.get_device_imei
                0x0000000088319c5c       0xcc
 .text.get_device_imei
                0x0000000088319c5c       0xcc build/gcc/obj/custom/dfota/src/tracker_functions.o
                0x0000000088319c5d                get_device_imei

.text.ATResponse_IMEI
                0x0000000088319d28       0x9c
 .text.ATResponse_IMEI
                0x0000000088319d28       0x9c build/gcc/obj/custom/dfota/src/tracker_functions.o

.text.get_external_power_status
                0x0000000088319dc4       0xc4
 .text.get_external_power_status
                0x0000000088319dc4       0xc4 build/gcc/obj/custom/dfota/src/tracker_functions.o
                0x0000000088319dc5                get_external_power_status

.text.get_battery_percentage
                0x0000000088319e88       0xc4
 .text.get_battery_percentage
                0x0000000088319e88       0xc4 build/gcc/obj/custom/dfota/src/tracker_functions.o
                0x0000000088319e89                get_battery_percentage

.text.get_gsm_signal_strength
                0x0000000088319f4c       0x70
 .text.get_gsm_signal_strength
                0x0000000088319f4c       0x70 build/gcc/obj/custom/dfota/src/tracker_functions.o
                0x0000000088319f4d                get_gsm_signal_strength

.text.nmea2decimal
                0x0000000088319fc0       0x98
 .text.nmea2decimal
                0x0000000088319fc0       0x98 build/gcc/obj/custom/dfota/src/gnss_parser.o

.text.parseGPRMC
                0x000000008831a058       0xa8
 .text.parseGPRMC
                0x000000008831a058       0xa8 build/gcc/obj/custom/dfota/src/gnss_parser.o
                0x000000008831a059                parseGPRMC

.text.FTP_Callback_OnDownload
                0x000000008831a100      0x2b0
 .text.FTP_Callback_OnDownload
                0x000000008831a100      0x2b0 build/gcc/obj/custom/dfota/src/dfota_ftp.o
                0x000000008831a101                FTP_Callback_OnDownload

.text.FTP_IsFtpServer
                0x000000008831a3b0       0x44
 .text.FTP_IsFtpServer
                0x000000008831a3b0       0x44 build/gcc/obj/custom/dfota/src/dfota_ftp.o
                0x000000008831a3b1                FTP_IsFtpServer

.text.FTP_DfotaMain
                0x000000008831a3f4      0x5f0
 .text.FTP_DfotaMain
                0x000000008831a3f4      0x5f0 build/gcc/obj/custom/dfota/src/dfota_ftp.o
                0x000000008831a3f5                FTP_DfotaMain

.text.quectel_stricmp_bylength
                0x000000008831a9e4       0x68
 .text.quectel_stricmp_bylength
                0x000000008831a9e4       0x68 build/gcc/obj/custom/dfota/src/dfota_http_code.o
                0x000000008831a9e5                quectel_stricmp_bylength

.text.http_ip_check
                0x000000008831aa4c       0x38
 .text.http_ip_check
                0x000000008831aa4c       0x38 build/gcc/obj/custom/dfota/src/dfota_http_code.o
                0x000000008831aa4d                http_ip_check

.text.find_linesymbol
                0x000000008831aa84       0x50
 .text.find_linesymbol
                0x000000008831aa84       0x50 build/gcc/obj/custom/dfota/src/dfota_http_code.o
                0x000000008831aa85                find_linesymbol

.text.http_DecodeHeader
                0x000000008831aad4      0x1d0
 .text.http_DecodeHeader
                0x000000008831aad4      0x1d0 build/gcc/obj/custom/dfota/src/dfota_http_code.o
                0x000000008831aad5                http_DecodeHeader

.text.http_DecodeURL
                0x000000008831aca4      0x288
 .text.http_DecodeURL
                0x000000008831aca4      0x288 build/gcc/obj/custom/dfota/src/dfota_http_code.o
                0x000000008831aca5                http_DecodeURL

.text.HttpCallback_GPRS_Actived
                0x000000008831af2c        0x4
 .text.HttpCallback_GPRS_Actived
                0x000000008831af2c        0x4 build/gcc/obj/custom/dfota/src/dfota_http.o
                0x000000008831af2d                HttpCallback_GPRS_Actived

.text.HttpCallBack_GPRS_Deactived
                0x000000008831af30        0x4
 .text.HttpCallBack_GPRS_Deactived
                0x000000008831af30        0x4 build/gcc/obj/custom/dfota/src/dfota_http.o
                0x000000008831af31                HttpCallBack_GPRS_Deactived

.text.Httpcallback_socket_connect
                0x000000008831af34        0x4
 .text.Httpcallback_socket_connect
                0x000000008831af34        0x4 build/gcc/obj/custom/dfota/src/dfota_http.o
                0x000000008831af35                Httpcallback_socket_connect

.text.Httpcallback_socket_close
                0x000000008831af38        0x4
 .text.Httpcallback_socket_close
                0x000000008831af38        0x4 build/gcc/obj/custom/dfota/src/dfota_http.o
                0x000000008831af39                Httpcallback_socket_close

.text.Httpcallback_socket_accept
                0x000000008831af3c        0x4
 .text.Httpcallback_socket_accept
                0x000000008831af3c        0x4 build/gcc/obj/custom/dfota/src/dfota_http.o
                0x000000008831af3d                Httpcallback_socket_accept

.text.Httpcallback_socket_write
                0x000000008831af40        0x4
 .text.Httpcallback_socket_write
                0x000000008831af40        0x4 build/gcc/obj/custom/dfota/src/dfota_http.o
                0x000000008831af41                Httpcallback_socket_write

.text.http_RecvHttpChunkedBody
                0x000000008831af44       0x34
 .text.http_RecvHttpChunkedBody
                0x000000008831af44       0x34 build/gcc/obj/custom/dfota/src/dfota_http.o
                0x000000008831af45                http_RecvHttpChunkedBody

.text.http_TimerCallback
                0x000000008831af78       0x5c
 .text.http_TimerCallback
                0x000000008831af78       0x5c build/gcc/obj/custom/dfota/src/dfota_http.o
                0x000000008831af79                http_TimerCallback

.text.http_RecvHttpBody
                0x000000008831afd4      0x278
 .text.http_RecvHttpBody
                0x000000008831afd4      0x278 build/gcc/obj/custom/dfota/src/dfota_http.o
                0x000000008831afd5                http_RecvHttpBody

.text.http_RecvHttpHead
                0x000000008831b24c      0x1b4
 .text.http_RecvHttpHead
                0x000000008831b24c      0x1b4 build/gcc/obj/custom/dfota/src/dfota_http.o
                0x000000008831b24d                http_RecvHttpHead

.text.Httpcallback_socket_read
                0x000000008831b400       0xa0
 .text.Httpcallback_socket_read
                0x000000008831b400       0xa0 build/gcc/obj/custom/dfota/src/dfota_http.o
                0x000000008831b401                Httpcallback_socket_read

.text.http_initialize
                0x000000008831b4a0       0x9c
 .text.http_initialize
                0x000000008831b4a0       0x9c build/gcc/obj/custom/dfota/src/dfota_http.o
                0x000000008831b4a1                http_initialize

.text.http_SendHttpGetHead
                0x000000008831b53c      0x300
 .text.http_SendHttpGetHead
                0x000000008831b53c      0x300 build/gcc/obj/custom/dfota/src/dfota_http.o
                0x000000008831b53d                http_SendHttpGetHead

.text.http_GetImagefilefromServer
                0x000000008831b83c       0xe8
 .text.http_GetImagefilefromServer
                0x000000008831b83c       0xe8 build/gcc/obj/custom/dfota/src/dfota_http.o
                0x000000008831b83d                http_GetImagefilefromServer

.text.Callback_GetIpByHostName
                0x000000008831b924       0x40
 .text.Callback_GetIpByHostName
                0x000000008831b924       0x40 build/gcc/obj/custom/dfota/src/dfota_http.o
                0x000000008831b925                Callback_GetIpByHostName

.text.HTTP_DfotaMain
                0x000000008831b964      0x26c
 .text.HTTP_DfotaMain
                0x000000008831b964      0x26c build/gcc/obj/custom/dfota/src/dfota_http.o
                0x000000008831b965                HTTP_DfotaMain

.text.HTTP_IsHttpServer
                0x000000008831bbd0       0x44
 .text.HTTP_IsHttpServer
                0x000000008831bbd0       0x44 build/gcc/obj/custom/dfota/src/dfota_http.o
                0x000000008831bbd1                HTTP_IsHttpServer

.text.isspace   0x000000008831bc14       0x2c
 .text.isspace  0x000000008831bc14       0x2c build/gcc/obj/custom/dfota/src/json_parser.o
                0x000000008831bc15                isspace

.text.extract_array
                0x000000008831bc40       0x88
 .text.extract_array
                0x000000008831bc40       0x88 build/gcc/obj/custom/dfota/src/json_parser.o
                0x000000008831bc41                extract_array

.text.extract_string
                0x000000008831bcc8       0x84
 .text.extract_string
                0x000000008831bcc8       0x84 build/gcc/obj/custom/dfota/src/json_parser.o
                0x000000008831bcc9                extract_string

.text.extract_int
                0x000000008831bd4c       0x68
 .text.extract_int
                0x000000008831bd4c       0x68 build/gcc/obj/custom/dfota/src/json_parser.o
                0x000000008831bd4d                extract_int

.text.cleanString
                0x000000008831bdb4       0x48
 .text.cleanString
                0x000000008831bdb4       0x48 build/gcc/obj/custom/dfota/src/sms_command.o
                0x000000008831bdb5                cleanString

.text.readFromFlashString
                0x000000008831bdfc       0x6c
 .text.readFromFlashString
                0x000000008831bdfc       0x6c build/gcc/obj/custom/dfota/src/sms_command.o
                0x000000008831bdfd                readFromFlashString

.text.readFromFlash
                0x000000008831be68       0x60
 .text.readFromFlash
                0x000000008831be68       0x60 build/gcc/obj/custom/dfota/src/sms_command.o
                0x000000008831be69                readFromFlash

.text.saveBytesToFlash
                0x000000008831bec8       0xbc
 .text.saveBytesToFlash
                0x000000008831bec8       0xbc build/gcc/obj/custom/dfota/src/sms_command.o
                0x000000008831bec9                saveBytesToFlash

.text.my_strtok
                0x000000008831bf84       0x64
 .text.my_strtok
                0x000000008831bf84       0x64 build/gcc/obj/custom/dfota/src/sms_command.o
                0x000000008831bf85                my_strtok

.text.extract_key_value
                0x000000008831bfe8       0x6c
 .text.extract_key_value
                0x000000008831bfe8       0x6c build/gcc/obj/custom/dfota/src/sms_command.o
                0x000000008831bfe9                extract_key_value

.text.is_authorized
                0x000000008831c054       0x64
 .text.is_authorized
                0x000000008831c054       0x64 build/gcc/obj/custom/dfota/src/sms_command.o

.text.sms_reply
                0x000000008831c0b8       0x8c
 .text.sms_reply
                0x000000008831c0b8       0x8c build/gcc/obj/custom/dfota/src/sms_command.o
                0x000000008831c0b9                sms_reply

.text.handle_getreport_command
                0x000000008831c144      0x224
 .text.handle_getreport_command
                0x000000008831c144      0x224 build/gcc/obj/custom/dfota/src/sms_command.o

.text.handle_deluser_command
                0x000000008831c368      0x120
 .text.handle_deluser_command
                0x000000008831c368      0x120 build/gcc/obj/custom/dfota/src/sms_command.o

.text.handle_time_command
                0x000000008831c488       0xb0
 .text.handle_time_command
                0x000000008831c488       0xb0 build/gcc/obj/custom/dfota/src/sms_command.o

.text.handle_settings_command
                0x000000008831c538       0x84
 .text.handle_settings_command
                0x000000008831c538       0x84 build/gcc/obj/custom/dfota/src/sms_command.o

.text.handle_help_command
                0x000000008831c5bc       0x4c
 .text.handle_help_command
                0x000000008831c5bc       0x4c build/gcc/obj/custom/dfota/src/sms_command.o

.text.handle_alarm_command
                0x000000008831c608       0xa4
 .text.handle_alarm_command
                0x000000008831c608       0xa4 build/gcc/obj/custom/dfota/src/sms_command.o

.text.handle_speed_command
                0x000000008831c6ac      0x130
 .text.handle_speed_command
                0x000000008831c6ac      0x130 build/gcc/obj/custom/dfota/src/sms_command.o

.text.handle_mainpower_command
                0x000000008831c7dc       0xc0
 .text.handle_mainpower_command
                0x000000008831c7dc       0xc0 build/gcc/obj/custom/dfota/src/sms_command.o

.text.handle_disable_command
                0x000000008831c89c       0xa4
 .text.handle_disable_command
                0x000000008831c89c       0xa4 build/gcc/obj/custom/dfota/src/sms_command.o

.text.handle_ignition_command
                0x000000008831c940       0xc0
 .text.handle_ignition_command
                0x000000008831c940       0xc0 build/gcc/obj/custom/dfota/src/sms_command.o

.text.handle_shock_command
                0x000000008831ca00       0xac
 .text.handle_shock_command
                0x000000008831ca00       0xac build/gcc/obj/custom/dfota/src/sms_command.o

.text.handle_heartbeat_command
                0x000000008831caac       0xd8
 .text.handle_heartbeat_command
                0x000000008831caac       0xd8 build/gcc/obj/custom/dfota/src/sms_command.o

.text.handle_www_command
                0x000000008831cb84      0x48c
 .text.handle_www_command
                0x000000008831cb84      0x48c build/gcc/obj/custom/dfota/src/sms_command.o

.text.handle_sms_command
                0x000000008831d010      0x10c
 .text.handle_sms_command
                0x000000008831d010      0x10c build/gcc/obj/custom/dfota/src/sms_command.o

.text.handle_status_command
                0x000000008831d120       0xb8
 .text.handle_status_command
                0x000000008831d120       0xb8 build/gcc/obj/custom/dfota/src/sms_command.o

.text.handle_version_command
                0x000000008831d1d8       0x94
 .text.handle_version_command
                0x000000008831d1d8       0x94 build/gcc/obj/custom/dfota/src/sms_command.o

.text.handle_reboot_command
                0x000000008831d26c       0x60
 .text.handle_reboot_command
                0x000000008831d26c       0x60 build/gcc/obj/custom/dfota/src/sms_command.o

.text.handle_find_command
                0x000000008831d2cc      0x248
 .text.handle_find_command
                0x000000008831d2cc      0x248 build/gcc/obj/custom/dfota/src/sms_command.o

.text.handle_trip_command
                0x000000008831d514       0xe4
 .text.handle_trip_command
                0x000000008831d514       0xe4 build/gcc/obj/custom/dfota/src/sms_command.o

.text.handle_listen_command
                0x000000008831d5f8       0x88
 .text.handle_listen_command
                0x000000008831d5f8       0x88 build/gcc/obj/custom/dfota/src/sms_command.o

.text.handle_logger_command
                0x000000008831d680       0x50
 .text.handle_logger_command
                0x000000008831d680       0x50 build/gcc/obj/custom/dfota/src/sms_command.o

.text.sms_pump  0x000000008831d6d0      0xb60
 .text.sms_pump
                0x000000008831d6d0      0xb60 build/gcc/obj/custom/dfota/src/sms_command.o
                0x000000008831d6d1                sms_pump

.text.Ql_ADC_Open
                0x000000008831e230       0x44
 .text.Ql_ADC_Open
                0x000000008831e230       0x44 libs/gcc/app_start.lib(adc.o)
                0x000000008831e231                Ql_ADC_Open

.text.Ql_ADC_Read
                0x000000008831e274       0x44
 .text.Ql_ADC_Read
                0x000000008831e274       0x44 libs/gcc/app_start.lib(adc.o)
                0x000000008831e275                Ql_ADC_Read

.text.Ql_ADC_Close
                0x000000008831e2b8       0x40
 .text.Ql_ADC_Close
                0x000000008831e2b8       0x40 libs/gcc/app_start.lib(adc.o)
                0x000000008831e2b9                Ql_ADC_Close

.text.Ql_Timer_Register
                0x000000008831e2f8       0x48
 .text.Ql_Timer_Register
                0x000000008831e2f8       0x48 libs/gcc/app_start.lib(timer.o)
                0x000000008831e2f9                Ql_Timer_Register

.text.Ql_Timer_RegisterFast
                0x000000008831e340       0x48
 .text.Ql_Timer_RegisterFast
                0x000000008831e340       0x48 libs/gcc/app_start.lib(timer.o)
                0x000000008831e341                Ql_Timer_RegisterFast

.text.Ql_Timer_Start
                0x000000008831e388       0x4c
 .text.Ql_Timer_Start
                0x000000008831e388       0x4c libs/gcc/app_start.lib(timer.o)
                0x000000008831e389                Ql_Timer_Start

.text.Ql_Timer_Stop
                0x000000008831e3d4       0x40
 .text.Ql_Timer_Stop
                0x000000008831e3d4       0x40 libs/gcc/app_start.lib(timer.o)
                0x000000008831e3d5                Ql_Timer_Stop

.text.Ql_GPRS_GetPDPCntxtState
                0x000000008831e414       0x44
 .text.Ql_GPRS_GetPDPCntxtState
                0x000000008831e414       0x44 libs/gcc/app_start.lib(gprs.o)
                0x000000008831e415                Ql_GPRS_GetPDPCntxtState

.text.Ql_GPRS_GetPDPContextId
                0x000000008831e458       0x3c
 .text.Ql_GPRS_GetPDPContextId
                0x000000008831e458       0x3c libs/gcc/app_start.lib(gprs.o)
                0x000000008831e459                Ql_GPRS_GetPDPContextId

.text.Ql_GPRS_Config
                0x000000008831e494       0x44
 .text.Ql_GPRS_Config
                0x000000008831e494       0x44 libs/gcc/app_start.lib(gprs.o)
                0x000000008831e495                Ql_GPRS_Config

.text.Ql_GPRS_Register
                0x000000008831e4d8       0x48
 .text.Ql_GPRS_Register
                0x000000008831e4d8       0x48 libs/gcc/app_start.lib(gprs.o)
                0x000000008831e4d9                Ql_GPRS_Register

.text.Ql_GPRS_Activate
                0x000000008831e520       0x44
 .text.Ql_GPRS_Activate
                0x000000008831e520       0x44 libs/gcc/app_start.lib(gprs.o)
                0x000000008831e521                Ql_GPRS_Activate

.text.Ql_GPRS_ActivateEx
                0x000000008831e564       0x48
 .text.Ql_GPRS_ActivateEx
                0x000000008831e564       0x48 libs/gcc/app_start.lib(gprs.o)
                0x000000008831e565                Ql_GPRS_ActivateEx

.text.Ql_GPRS_Deactivate
                0x000000008831e5ac       0x44
 .text.Ql_GPRS_Deactivate
                0x000000008831e5ac       0x44 libs/gcc/app_start.lib(gprs.o)
                0x000000008831e5ad                Ql_GPRS_Deactivate

.text.Ql_GPRS_DeactivateEx
                0x000000008831e5f0       0x48
 .text.Ql_GPRS_DeactivateEx
                0x000000008831e5f0       0x48 libs/gcc/app_start.lib(gprs.o)
                0x000000008831e5f1                Ql_GPRS_DeactivateEx

.text.Ql_GPRS_GetLocalIPAddress
                0x000000008831e638       0x44
 .text.Ql_GPRS_GetLocalIPAddress
                0x000000008831e638       0x44 libs/gcc/app_start.lib(gprs.o)
                0x000000008831e639                Ql_GPRS_GetLocalIPAddress

.text.Ql_GPRS_GetDNSAddress
                0x000000008831e67c       0x48
 .text.Ql_GPRS_GetDNSAddress
                0x000000008831e67c       0x48 libs/gcc/app_start.lib(gprs.o)
                0x000000008831e67d                Ql_GPRS_GetDNSAddress

.text.Ql_GPRS_SetDNSAddress
                0x000000008831e6c4       0x48
 .text.Ql_GPRS_SetDNSAddress
                0x000000008831e6c4       0x48 libs/gcc/app_start.lib(gprs.o)
                0x000000008831e6c5                Ql_GPRS_SetDNSAddress

.text.Ql_AUD_PlayBuf
                0x000000008831e70c       0x70
 .text.Ql_AUD_PlayBuf
                0x000000008831e70c       0x70 libs/gcc/app_start.lib(ql_func.o)
                0x000000008831e70d                Ql_AUD_PlayBuf

.text.Ql_AUD_StopPlayBuf
                0x000000008831e77c       0x38
 .text.Ql_AUD_StopPlayBuf
                0x000000008831e77c       0x38 libs/gcc/app_start.lib(ql_func.o)
                0x000000008831e77d                Ql_AUD_StopPlayBuf

.text.Ql_AUD_GetStatusPlaybuf
                0x000000008831e7b4       0x3c
 .text.Ql_AUD_GetStatusPlaybuf
                0x000000008831e7b4       0x3c libs/gcc/app_start.lib(ql_func.o)
                0x000000008831e7b5                Ql_AUD_GetStatusPlaybuf

.text.Ql_StartPlayAudioStream
                0x000000008831e7f0       0x6c
 .text.Ql_StartPlayAudioStream
                0x000000008831e7f0       0x6c libs/gcc/app_start.lib(ql_func.o)
                0x000000008831e7f1                Ql_StartPlayAudioStream

.text.Ql_StopPlayAudioStream
                0x000000008831e85c       0x3c
 .text.Ql_StopPlayAudioStream
                0x000000008831e85c       0x3c libs/gcc/app_start.lib(ql_func.o)
                0x000000008831e85d                Ql_StopPlayAudioStream

.text.Ql_GetRelativeTime_Counter
                0x000000008831e898       0x3c
 .text.Ql_GetRelativeTime_Counter
                0x000000008831e898       0x3c libs/gcc/app_start.lib(ql_func.o)
                0x000000008831e899                Ql_GetRelativeTime_Counter

.text.Ql_SecondToTicks
                0x000000008831e8d4       0x40
 .text.Ql_SecondToTicks
                0x000000008831e8d4       0x40 libs/gcc/app_start.lib(ql_func.o)
                0x000000008831e8d5                Ql_SecondToTicks

.text.Ql_MillisecondToTicks
                0x000000008831e914       0x40
 .text.Ql_MillisecondToTicks
                0x000000008831e914       0x40 libs/gcc/app_start.lib(ql_func.o)
                0x000000008831e915                Ql_MillisecondToTicks

.text.Ql_CalendarTime2LocalTime
                0x000000008831e954       0x48
 .text.Ql_CalendarTime2LocalTime
                0x000000008831e954       0x48 libs/gcc/app_start.lib(ql_func.o)
                0x000000008831e955                Ql_CalendarTime2LocalTime

.text.Ql_osChangeTaskPriority
                0x000000008831e99c       0x44
 .text.Ql_osChangeTaskPriority
                0x000000008831e99c       0x44 libs/gcc/app_start.lib(ql_func.o)
                0x000000008831e99d                Ql_osChangeTaskPriority

.text.Ql_OS_GetMessage
                0x000000008831e9e0       0x40
 .text.Ql_OS_GetMessage
                0x000000008831e9e0       0x40 libs/gcc/app_start.lib(taskMngt.o)
                0x000000008831e9e1                Ql_OS_GetMessage

.text.Ql_OS_SendMessage
                0x000000008831ea20       0x4c
 .text.Ql_OS_SendMessage
                0x000000008831ea20       0x4c libs/gcc/app_start.lib(taskMngt.o)
                0x000000008831ea21                Ql_OS_SendMessage

.text.Ql_OS_CreateMutex
                0x000000008831ea6c       0x40
 .text.Ql_OS_CreateMutex
                0x000000008831ea6c       0x40 libs/gcc/app_start.lib(taskMngt.o)
                0x000000008831ea6d                Ql_OS_CreateMutex

.text.Ql_OS_TakeMutex
                0x000000008831eaac       0x3c
 .text.Ql_OS_TakeMutex
                0x000000008831eaac       0x3c libs/gcc/app_start.lib(taskMngt.o)
                0x000000008831eaad                Ql_OS_TakeMutex

.text.Ql_OS_GiveMutex
                0x000000008831eae8       0x3c
 .text.Ql_OS_GiveMutex
                0x000000008831eae8       0x3c libs/gcc/app_start.lib(taskMngt.o)
                0x000000008831eae9                Ql_OS_GiveMutex

.text.Ql_OS_CreateSemaphore
                0x000000008831eb24       0x44
 .text.Ql_OS_CreateSemaphore
                0x000000008831eb24       0x44 libs/gcc/app_start.lib(taskMngt.o)
                0x000000008831eb25                Ql_OS_CreateSemaphore

.text.Ql_OS_TakeSemaphore
                0x000000008831eb68       0x48
 .text.Ql_OS_TakeSemaphore
                0x000000008831eb68       0x48 libs/gcc/app_start.lib(taskMngt.o)
                0x000000008831eb69                Ql_OS_TakeSemaphore

.text.Ql_OS_GiveSemaphore
                0x000000008831ebb0       0x3c
 .text.Ql_OS_GiveSemaphore
                0x000000008831ebb0       0x3c libs/gcc/app_start.lib(taskMngt.o)
                0x000000008831ebb1                Ql_OS_GiveSemaphore

.text.Ql_OS_CreateEvent
                0x000000008831ebec       0x40
 .text.Ql_OS_CreateEvent
                0x000000008831ebec       0x40 libs/gcc/app_start.lib(taskMngt.o)
                0x000000008831ebed                Ql_OS_CreateEvent

.text.Ql_OS_WaitEvent
                0x000000008831ec2c       0x44
 .text.Ql_OS_WaitEvent
                0x000000008831ec2c       0x44 libs/gcc/app_start.lib(taskMngt.o)
                0x000000008831ec2d                Ql_OS_WaitEvent

.text.Ql_OS_SetEvent
                0x000000008831ec70       0x44
 .text.Ql_OS_SetEvent
                0x000000008831ec70       0x44 libs/gcc/app_start.lib(taskMngt.o)
                0x000000008831ec71                Ql_OS_SetEvent

.text.Ql_OS_GetActiveTaskId
                0x000000008831ecb4       0x3c
 .text.Ql_OS_GetActiveTaskId
                0x000000008831ecb4       0x3c libs/gcc/app_start.lib(taskMngt.o)
                0x000000008831ecb5                Ql_OS_GetActiveTaskId

.text.Ql_OS_SetLastErrorCode
                0x000000008831ecf0       0x40
 .text.Ql_OS_SetLastErrorCode
                0x000000008831ecf0       0x40 libs/gcc/app_start.lib(taskMngt.o)
                0x000000008831ecf1                Ql_OS_SetLastErrorCode

.text.Ql_OS_GetLastErrorCode
                0x000000008831ed30       0x3c
 .text.Ql_OS_GetLastErrorCode
                0x000000008831ed30       0x3c libs/gcc/app_start.lib(taskMngt.o)
                0x000000008831ed31                Ql_OS_GetLastErrorCode

.text.Ql_OS_GetCurrentTaskPriority
                0x000000008831ed6c       0x3c
 .text.Ql_OS_GetCurrentTaskPriority
                0x000000008831ed6c       0x3c libs/gcc/app_start.lib(taskMngt.o)
                0x000000008831ed6d                Ql_OS_GetCurrentTaskPriority

.text.Ql_OS_GetCurrenTaskLeftStackSize
                0x000000008831eda8       0x3c
 .text.Ql_OS_GetCurrenTaskLeftStackSize
                0x000000008831eda8       0x3c libs/gcc/app_start.lib(taskMngt.o)
                0x000000008831eda9                Ql_OS_GetCurrenTaskLeftStackSize

.text.Ql_DFOTA_Init
                0x000000008831ede4       0x40
 .text.Ql_DFOTA_Init
                0x000000008831ede4       0x40 libs/gcc/app_start.lib(fota.o)
                0x000000008831ede5                Ql_DFOTA_Init

.text.Ql_DFOTA_WriteData
                0x000000008831ee24       0x44
 .text.Ql_DFOTA_WriteData
                0x000000008831ee24       0x44 libs/gcc/app_start.lib(fota.o)
                0x000000008831ee25                Ql_DFOTA_WriteData

.text.Ql_DFOTA_Finish
                0x000000008831ee68       0x3c
 .text.Ql_DFOTA_Finish
                0x000000008831ee68       0x3c libs/gcc/app_start.lib(fota.o)
                0x000000008831ee69                Ql_DFOTA_Finish

.text.Ql_DFOTA_ReadData
                0x000000008831eea4       0x48
 .text.Ql_DFOTA_ReadData
                0x000000008831eea4       0x48 libs/gcc/app_start.lib(fota.o)
                0x000000008831eea5                Ql_DFOTA_ReadData

.text.Ql_DFOTA_Update
                0x000000008831eeec       0x3c
 .text.Ql_DFOTA_Update
                0x000000008831eeec       0x3c libs/gcc/app_start.lib(fota.o)
                0x000000008831eeed                Ql_DFOTA_Update

.text.memset    0x000000008831ef28       0x70
 .text.memset   0x000000008831ef28       0x70 libs/gcc/app_start.lib(ql_main.o)
                0x000000008831ef29                memset

.text.memcpy    0x000000008831ef98      0x180
 .text.memcpy   0x000000008831ef98      0x180 libs/gcc/app_start.lib(ql_main.o)
                0x000000008831ef99                memcpy

.text.ql_InitVFunc
                0x000000008831f118       0x80
 .text.ql_InitVFunc
                0x000000008831f118       0x80 libs/gcc/app_start.lib(ql_main.o)
                0x000000008831f119                ql_InitVFunc

.text.ocpu_main
                0x000000008831f198       0xe4
 .text.ocpu_main
                0x000000008831f198       0xe4 libs/gcc/app_start.lib(ql_main.o)
                0x000000008831f199                ocpu_main

.text.Ql_MEM_Alloc
                0x000000008831f27c       0x54
 .text.Ql_MEM_Alloc
                0x000000008831f27c       0x54 libs/gcc/app_start.lib(memory.o)
                0x000000008831f27d                Ql_MEM_Alloc

.text.Ql_MEM_Free
                0x000000008831f2d0       0x54
 .text.Ql_MEM_Free
                0x000000008831f2d0       0x54 libs/gcc/app_start.lib(memory.o)
                0x000000008831f2d1                Ql_MEM_Free

.text.set_errCode
                0x000000008831f324        0xc
 .text.set_errCode
                0x000000008831f324        0xc libs/gcc/app_start.lib(ril_main.o)

.text.get_errCode
                0x000000008831f330        0xc
 .text.get_errCode
                0x000000008831f330        0xc libs/gcc/app_start.lib(ril_main.o)

.text.get_ril_init_status
                0x000000008831f33c        0xc
 .text.get_ril_init_status
                0x000000008831f33c        0xc libs/gcc/app_start.lib(ril_main.o)
                0x000000008831f33d                get_ril_init_status

.text.startWithSpecialChar
                0x000000008831f348       0x1c
 .text.startWithSpecialChar
                0x000000008831f348       0x1c libs/gcc/app_start.lib(ril_main.o)

.text.Ql_Mqtt_Recv_Register
                0x000000008831f364       0x14
 .text.Ql_Mqtt_Recv_Register
                0x000000008831f364       0x14 libs/gcc/app_start.lib(ril_main.o)
                0x000000008831f365                Ql_Mqtt_Recv_Register

.text.Ql_RIL_WriteDataToCore
                0x000000008831f378       0x18
 .text.Ql_RIL_WriteDataToCore
                0x000000008831f378       0x18 libs/gcc/app_start.lib(ril_main.o)
                0x000000008831f379                Ql_RIL_WriteDataToCore

.text.Ql_RIL_GetLine
                0x000000008831f390       0xd0
 .text.Ql_RIL_GetLine
                0x000000008831f390       0xd0 libs/gcc/app_start.lib(ril_main.o)

.text.isLimitedCmd
                0x000000008831f460       0x3c
 .text.isLimitedCmd
                0x000000008831f460       0x3c libs/gcc/app_start.lib(ril_main.o)

.text.Ql_RIL_SendATCmd
                0x000000008831f49c      0x1b0
 .text.Ql_RIL_SendATCmd
                0x000000008831f49c      0x1b0 libs/gcc/app_start.lib(ril_main.o)
                0x000000008831f49d                Ql_RIL_SendATCmd

.text.Ql_RIL_Initialize
                0x000000008831f64c       0x90
 .text.Ql_RIL_Initialize
                0x000000008831f64c       0x90 libs/gcc/app_start.lib(ril_main.o)
                0x000000008831f64d                Ql_RIL_Initialize

.text.ril_StopATTimer
                0x000000008831f6dc       0x20
 .text.ril_StopATTimer
                0x000000008831f6dc       0x20 libs/gcc/app_start.lib(ril_main.o)

.text.Callback_OnATTimer
                0x000000008831f6fc       0x30
 .text.Callback_OnATTimer
                0x000000008831f6fc       0x30 libs/gcc/app_start.lib(ril_main.o)

.text.ril_StartATTimer
                0x000000008831f72c       0x28
 .text.ril_StartATTimer
                0x000000008831f72c       0x28 libs/gcc/app_start.lib(ril_main.o)

.text.proc_ril_task
                0x000000008831f754      0x114
 .text.proc_ril_task
                0x000000008831f754      0x114 libs/gcc/app_start.lib(ril_main.o)
                0x000000008831f755                proc_ril_task

.text.Read_SerialPort
                0x000000008831f868       0x50
 .text.Read_SerialPort
                0x000000008831f868       0x50 libs/gcc/app_start.lib(ril_main.o)

.text.CallBack_SerialPort_Hdlr
                0x000000008831f8b8      0x258
 .text.CallBack_SerialPort_Hdlr
                0x000000008831f8b8      0x258 libs/gcc/app_start.lib(ril_main.o)

.text.proc_urc_task
                0x000000008831fb10       0x38
 .text.proc_urc_task
                0x000000008831fb10       0x38 libs/gcc/app_start.lib(ril_aux.o)
                0x000000008831fb11                proc_urc_task

.text._OCPU_InitUserMem
                0x000000008831fb48       0x48
 .text._OCPU_InitUserMem
                0x000000008831fb48       0x48 libs/gcc/app_start.lib(ocpi_init.o)
                0x000000008831fb49                _OCPU_InitUserMem

.text.Ql_FS_Open
                0x000000008831fb90       0x44
 .text.Ql_FS_Open
                0x000000008831fb90       0x44 libs/gcc/app_start.lib(fileSys.o)
                0x000000008831fb91                Ql_FS_Open

.text.Ql_FS_OpenRAMFile
                0x000000008831fbd4       0x48
 .text.Ql_FS_OpenRAMFile
                0x000000008831fbd4       0x48 libs/gcc/app_start.lib(fileSys.o)
                0x000000008831fbd5                Ql_FS_OpenRAMFile

.text.Ql_FS_Read
                0x000000008831fc1c       0x4c
 .text.Ql_FS_Read
                0x000000008831fc1c       0x4c libs/gcc/app_start.lib(fileSys.o)
                0x000000008831fc1d                Ql_FS_Read

.text.Ql_FS_Write
                0x000000008831fc68       0x4c
 .text.Ql_FS_Write
                0x000000008831fc68       0x4c libs/gcc/app_start.lib(fileSys.o)
                0x000000008831fc69                Ql_FS_Write

.text.Ql_FS_Seek
                0x000000008831fcb4       0x48
 .text.Ql_FS_Seek
                0x000000008831fcb4       0x48 libs/gcc/app_start.lib(fileSys.o)
                0x000000008831fcb5                Ql_FS_Seek

.text.Ql_FS_GetFilePosition
                0x000000008831fcfc       0x40
 .text.Ql_FS_GetFilePosition
                0x000000008831fcfc       0x40 libs/gcc/app_start.lib(fileSys.o)
                0x000000008831fcfd                Ql_FS_GetFilePosition

.text.Ql_FS_Truncate
                0x000000008831fd3c       0x40
 .text.Ql_FS_Truncate
                0x000000008831fd3c       0x40 libs/gcc/app_start.lib(fileSys.o)
                0x000000008831fd3d                Ql_FS_Truncate

.text.Ql_FS_Flush
                0x000000008831fd7c       0x3c
 .text.Ql_FS_Flush
                0x000000008831fd7c       0x3c libs/gcc/app_start.lib(fileSys.o)
                0x000000008831fd7d                Ql_FS_Flush

.text.Ql_FS_Close
                0x000000008831fdb8       0x3c
 .text.Ql_FS_Close
                0x000000008831fdb8       0x3c libs/gcc/app_start.lib(fileSys.o)
                0x000000008831fdb9                Ql_FS_Close

.text.Ql_FS_GetSize
                0x000000008831fdf4       0x40
 .text.Ql_FS_GetSize
                0x000000008831fdf4       0x40 libs/gcc/app_start.lib(fileSys.o)
                0x000000008831fdf5                Ql_FS_GetSize

.text.Ql_FS_Delete
                0x000000008831fe34       0x40
 .text.Ql_FS_Delete
                0x000000008831fe34       0x40 libs/gcc/app_start.lib(fileSys.o)
                0x000000008831fe35                Ql_FS_Delete

.text.Ql_FS_Check
                0x000000008831fe74       0x40
 .text.Ql_FS_Check
                0x000000008831fe74       0x40 libs/gcc/app_start.lib(fileSys.o)
                0x000000008831fe75                Ql_FS_Check

.text.Ql_FS_Rename
                0x000000008831feb4       0x44
 .text.Ql_FS_Rename
                0x000000008831feb4       0x44 libs/gcc/app_start.lib(fileSys.o)
                0x000000008831feb5                Ql_FS_Rename

.text.Ql_FS_CreateDir
                0x000000008831fef8       0x40
 .text.Ql_FS_CreateDir
                0x000000008831fef8       0x40 libs/gcc/app_start.lib(fileSys.o)
                0x000000008831fef9                Ql_FS_CreateDir

.text.Ql_FS_DeleteDir
                0x000000008831ff38       0x40
 .text.Ql_FS_DeleteDir
                0x000000008831ff38       0x40 libs/gcc/app_start.lib(fileSys.o)
                0x000000008831ff39                Ql_FS_DeleteDir

.text.Ql_FS_CheckDir
                0x000000008831ff78       0x40
 .text.Ql_FS_CheckDir
                0x000000008831ff78       0x40 libs/gcc/app_start.lib(fileSys.o)
                0x000000008831ff79                Ql_FS_CheckDir

.text.Ql_FS_FindFirst
                0x000000008831ffb8       0x50
 .text.Ql_FS_FindFirst
                0x000000008831ffb8       0x50 libs/gcc/app_start.lib(fileSys.o)
                0x000000008831ffb9                Ql_FS_FindFirst

.text.Ql_FS_FindNext
                0x0000000088320008       0x50
 .text.Ql_FS_FindNext
                0x0000000088320008       0x50 libs/gcc/app_start.lib(fileSys.o)
                0x0000000088320009                Ql_FS_FindNext

.text.Ql_FS_FindClose
                0x0000000088320058       0x3c
 .text.Ql_FS_FindClose
                0x0000000088320058       0x3c libs/gcc/app_start.lib(fileSys.o)
                0x0000000088320059                Ql_FS_FindClose

.text.Ql_FS_XDelete
                0x0000000088320094       0x44
 .text.Ql_FS_XDelete
                0x0000000088320094       0x44 libs/gcc/app_start.lib(fileSys.o)
                0x0000000088320095                Ql_FS_XDelete

.text.Ql_FS_XMove
                0x00000000883200d8       0x48
 .text.Ql_FS_XMove
                0x00000000883200d8       0x48 libs/gcc/app_start.lib(fileSys.o)
                0x00000000883200d9                Ql_FS_XMove

.text.Ql_FS_GetFreeSpace
                0x0000000088320120       0x50
 .text.Ql_FS_GetFreeSpace
                0x0000000088320120       0x50 libs/gcc/app_start.lib(fileSys.o)
                0x0000000088320121                Ql_FS_GetFreeSpace

.text.Ql_FS_GetTotalSpace
                0x0000000088320170       0x50
 .text.Ql_FS_GetTotalSpace
                0x0000000088320170       0x50 libs/gcc/app_start.lib(fileSys.o)
                0x0000000088320171                Ql_FS_GetTotalSpace

.text.Ql_FS_Format
                0x00000000883201c0       0x44
 .text.Ql_FS_Format
                0x00000000883201c0       0x44 libs/gcc/app_start.lib(fileSys.o)
                0x00000000883201c1                Ql_FS_Format

.text.Ql_FS_Safe_Read
                0x0000000088320204       0x4c
 .text.Ql_FS_Safe_Read
                0x0000000088320204       0x4c libs/gcc/app_start.lib(fileSys.o)
                0x0000000088320205                Ql_FS_Safe_Read

.text.Ql_FS_Safe_Write
                0x0000000088320250       0x4c
 .text.Ql_FS_Safe_Write
                0x0000000088320250       0x4c libs/gcc/app_start.lib(fileSys.o)
                0x0000000088320251                Ql_FS_Safe_Write

.text.EncodeAddress
                0x000000008832029c      0x190
 .text.EncodeAddress
                0x000000008832029c      0x190 libs/gcc/app_start.lib(lib_ril_sms.o)

.text.DecodeUserDataHeader
                0x000000008832042c       0x60
 .text.DecodeUserDataHeader
                0x000000008832042c       0x60 libs/gcc/app_start.lib(lib_ril_sms.o)

.text.ConvCharSetIRACharToAlphaDefaultExtend
                0x000000008832048c       0x40
 .text.ConvCharSetIRACharToAlphaDefaultExtend
                0x000000008832048c       0x40 libs/gcc/app_start.lib(lib_ril_sms.o)

.text.ConvCharSet88591CharToAlphaDefaultExtend
                0x00000000883204cc       0x40
 .text.ConvCharSet88591CharToAlphaDefaultExtend
                0x00000000883204cc       0x40 libs/gcc/app_start.lib(lib_ril_sms.o)

.text.LIB_SMS_IsValidHexStr
                0x000000008832050c       0x44
 .text.LIB_SMS_IsValidHexStr
                0x000000008832050c       0x44 libs/gcc/app_start.lib(lib_ril_sms.o)
                0x000000008832050d                LIB_SMS_IsValidHexStr

.text.LIB_SMS_ConvHexOctToHexStr
                0x0000000088320550       0x80
 .text.LIB_SMS_ConvHexOctToHexStr