Archive member included because of file (symbol)

libs/gcc/fplibm.lib(s_cos.o)  build/gcc/obj/custom/main.o (cos)
libs/gcc/fplibm.lib(s_sin.o)  build/gcc/obj/custom/main.o (sin)
libs/gcc/fplibm.lib(w_atan2.o)
                              build/gcc/obj/custom/main.o (atan2)
libs/gcc/fplibm.lib(w_sqrt.o)
                              build/gcc/obj/custom/main.o (sqrt)
libs/gcc/fplibm.lib(e_atan2.o)
                              libs/gcc/fplibm.lib(w_atan2.o) (__ieee754_atan2)
libs/gcc/fplibm.lib(e_rem_pio2.o)
                              libs/gcc/fplibm.lib(s_cos.o) (__ieee754_rem_pio2)
libs/gcc/fplibm.lib(e_sqrt.o)
                              libs/gcc/fplibm.lib(w_sqrt.o) (__ieee754_sqrt)
libs/gcc/fplibm.lib(k_cos.o)  libs/gcc/fplibm.lib(s_cos.o) (__kernel_cos)
libs/gcc/fplibm.lib(k_rem_pio2.o)
                              libs/gcc/fplibm.lib(e_rem_pio2.o) (__kernel_rem_pio2)
libs/gcc/fplibm.lib(k_sin.o)  libs/gcc/fplibm.lib(s_cos.o) (__kernel_sin)
libs/gcc/fplibm.lib(s_atan.o)
                              libs/gcc/fplibm.lib(e_atan2.o) (atan)
libs/gcc/fplibm.lib(s_floor.o)
                              libs/gcc/fplibm.lib(k_rem_pio2.o) (floor)
libs/gcc/fplibm.lib(s_scalbn.o)
                              libs/gcc/fplibm.lib(k_rem_pio2.o) (scalbn)
libs/gcc/app_start.lib(adc.o)
                              build/gcc/obj/custom/dfota/src/tracker_functions.o (Ql_ADC_Open)
libs/gcc/app_start.lib(timer.o)
                              build/gcc/obj/custom/main.o (Ql_Timer_Register)
libs/gcc/app_start.lib(gprs.o)
                              build/gcc/obj/custom/dfota/src/dfota_main.o (Ql_GPRS_GetPDPContextId)
libs/gcc/app_start.lib(ql_func.o)
                              libs/gcc/app_start.lib(adc.o) (m_get_api_ptr)
libs/gcc/app_start.lib(taskMngt.o)
                              build/gcc/obj/custom/main.o (Ql_OS_GetMessage)
libs/gcc/app_start.lib(fota.o)
                              build/gcc/obj/custom/dfota/src/dfota_main.o (Ql_DFOTA_Init)
libs/gcc/app_start.lib(ql_main.o)
                              build/gcc/obj/ril/src/ril_network.o (memset)
libs/gcc/app_start.lib(memory.o)
                              build/gcc/obj/ril/src/ril_http.o (Ql_MEM_Alloc)
libs/gcc/app_start.lib(ril_main.o)
                              build/gcc/obj/custom/main.o (Ql_Mqtt_Recv_Register)
libs/gcc/app_start.lib(ril_aux.o)
                              build/gcc/obj/custom/config/sys_config.o (proc_urc_task)
libs/gcc/app_start.lib(gpio.o)
                              build/gcc/obj/custom/main.o (Ql_GPIO_Init)
libs/gcc/app_start.lib(ocpi_init.o)
                              libs/gcc/app_start.lib(ql_main.o) (_OCPU_InitUserMem)
libs/gcc/app_start.lib(fileSys.o)
                              build/gcc/obj/custom/main.o (Ql_FS_Open)
libs/gcc/app_start.lib(power.o)
                              build/gcc/obj/custom/main.o (Ql_SleepEnable)
libs/gcc/app_start.lib(lib_ril_sms.o)
                              build/gcc/obj/ril/src/ril_sms.o (LIB_SMS_IsValidHexStr)
libs/gcc/app_start.lib(stdlib_func.o)
                              build/gcc/obj/ril/src/ril_location.o (Ql_atof)
libs/gcc/app_start.lib(system.o)
                              build/gcc/obj/ril/src/ril_network.o (Ql_Sleep)
libs/gcc/app_start.lib(uart.o)
                              build/gcc/obj/custom/main.o (Ql_UART_Register)
libs/gcc/app_start.lib(watchdog.o)
                              build/gcc/obj/custom/main.o (Ql_WTD_Feed)
libs/gcc/app_start.lib(time.o)
                              build/gcc/obj/custom/dfota/src/sms_command.o (Ql_SetLocalTime)
libs/gcc/app_start.lib(socket.o)
                              build/gcc/obj/custom/dfota/src/dfota_http.o (Ql_SOC_CreateEx)
C:\CSDTK4\/mips-elf-4.4.2/lib/gcc/mips-elf/4.4.2/libgcc.a(_fixunsdfsi.o)
                              build/gcc/obj/custom/main.o (__fixunsdfsi)
C:\CSDTK4\/mips-elf-4.4.2/lib/gcc/mips-elf/4.4.2/libgcc.a(_addsub_sf.o)
                              build/gcc/obj/custom/dfota/src/tracker_functions.o (__addsf3)
C:\CSDTK4\/mips-elf-4.4.2/lib/gcc/mips-elf/4.4.2/libgcc.a(_mul_sf.o)
                              build/gcc/obj/custom/dfota/src/tracker_functions.o (__mulsf3)
C:\CSDTK4\/mips-elf-4.4.2/lib/gcc/mips-elf/4.4.2/libgcc.a(_div_sf.o)
                              build/gcc/obj/custom/dfota/src/tracker_functions.o (__divsf3)
C:\CSDTK4\/mips-elf-4.4.2/lib/gcc/mips-elf/4.4.2/libgcc.a(_sf_to_df.o)
                              build/gcc/obj/custom/main.o (__extendsfdf2)
C:\CSDTK4\/mips-elf-4.4.2/lib/gcc/mips-elf/4.4.2/libgcc.a(_thenan_sf.o)
                              C:\CSDTK4\/mips-elf-4.4.2/lib/gcc/mips-elf/4.4.2/libgcc.a(_addsub_sf.o) (__thenan_sf)
C:\CSDTK4\/mips-elf-4.4.2/lib/gcc/mips-elf/4.4.2/libgcc.a(_usi_to_sf.o)
                              build/gcc/obj/custom/dfota/src/tracker_functions.o (__floatunsisf)
C:\CSDTK4\/mips-elf-4.4.2/lib/gcc/mips-elf/4.4.2/libgcc.a(_addsub_df.o)
                              build/gcc/obj/custom/main.o (__subdf3)
[...]
Memory Configuration

Name             Origin             Length             Attributes
*default*        0x0000000000000000 0xffffffffffffffff

Linker script and memory map

                0x0000000088310000                __ROM_START_ADDR = 0x88310000
                0x0000000000050000                __MAX_ROM_SIZE = 0x50000
                0x00000000823e7000                __RAM_START_ADDR = 0x823e7000
                0x0000000082400000                __RAM_END_ADDR = 0x82400000
                0x0000000088310000                . = __ROM_START_ADDR
                0x0000000088310000                _ROM_START = .

.initdata       0x0000000088310000       0x40
 *(.initdata)
 .initdata      0x0000000088310000       0x3c libs/gcc/app_start.lib(ql_main.o)
                0x0000000088310000                GADLENTRY
                0x0000000088310040                . = ALIGN (0x10)
 *fill*         0x000000008831003c        0x4 00

.text           0x0000000088310040     0x1150
 *(.text)
 .text          0x0000000088310040        0x0 build/gcc/obj/custom/config/custom_sys_cfg.o
 .text          0x0000000088310040        0x0 build/gcc/obj/custom/config/sys_config.o
 .text          0x0000000088310040        0x0 build/gcc/obj/ril/src/ril_audio.o
 .text          0x0000000088310040        0x0 build/gcc/obj/ril/src/ril_custom.o
 .text          0x0000000088310040        0x0 build/gcc/obj/ril/src/ril_http.o
 .text          0x0000000088310040        0x0 build/gcc/obj/ril/src/ril_urc.o
 .text          0x0000000088310040        0x0 build/gcc/obj/ril/src/ril_atResponse.o
 .text          0x0000000088310040        0x0 build/gcc/obj/ril/src/ril_network.o
 .text          0x0000000088310040        0x0 build/gcc/obj/ril/src/ril_location.o
 .text          0x0000000088310040        0x0 build/gcc/obj/ril/src/ril_ntp.o
 .text          0x0000000088310040        0x0 build/gcc/obj/ril/src/ril_telephony.o
 .text          0x0000000088310040        0x0 build/gcc/obj/ril/src/ril_sms.o
 .text          0x0000000088310040        0x0 build/gcc/obj/ril/src/ril_system.o
 .text          0x0000000088310040        0x0 build/gcc/obj/ril/src/Ril_dtmf.o
 .text          0x0000000088310040        0x0 build/gcc/obj/ril/src/ril_sim.o
 .text          0x0000000088310040        0x0 build/gcc/obj/ril/src/ril_location2.o
 .text          0x0000000088310040        0x0 build/gcc/obj/ril/src/ril_gnss.o
 .text          0x0000000088310040        0x0 build/gcc/obj/ril/src/ril_init.o
 .text          0x0000000088310040        0x0 build/gcc/obj/ril/src/ril_ftp.o
 .text          0x0000000088310040        0x0 build/gcc/obj/ril/src/ril_alarm.o
 .text          0x0000000088310040        0x0 build/gcc/obj/ril/src/ril_util.o
 .text          0x0000000088310040        0x0 build/gcc/obj/ril/src/ril_mqtt.o
 .text          0x0000000088310040        0x0 build/gcc/obj/custom/main.o
 .text          0x0000000088310040        0x0 build/gcc/obj/custom/dfota/src/dfota_main.o
 .text          0x0000000088310040        0x0 build/gcc/obj/custom/dfota/src/tracker_functions.o
 .text          0x0000000088310040        0x0 build/gcc/obj/custom/dfota/src/gnss_parser.o
 .text          0x0000000088310040        0x0 build/gcc/obj/custom/dfota/src/dfota_ftp.o
 .text          0x0000000088310040        0x0 build/gcc/obj/custom/dfota/src/dfota_http_code.o
 .text          0x0000000088310040        0x0 build/gcc/obj/custom/dfota/src/dfota_http.o
 .text          0x0000000088310040        0x0 build/gcc/obj/custom/dfota/src/json_parser.o
 .text          0x0000000088310040        0x0 build/gcc/obj/custom/dfota/src/sms_command.o
 .text          0x0000000088310040        0x0 libs/gcc/fplibm.lib(s_cos.o)
 .text          0x0000000088310040        0x0 libs/gcc/fplibm.lib(s_sin.o)
 .text          0x0000000088310040        0x0 libs/gcc/fplibm.lib(w_atan2.o)
 .text          0x0000000088310040        0x0 libs/gcc/fplibm.lib(w_sqrt.o)
 .text          0x0000000088310040        0x0 libs/gcc/fplibm.lib(e_atan2.o)
 .text          0x0000000088310040        0x0 libs/gcc/fplibm.lib(e_rem_pio2.o)
 .text          0x0000000088310040        0x0 libs/gcc/fplibm.lib(e_sqrt.o)
 .text          0x0000000088310040        0x0 libs/gcc/fplibm.lib(k_cos.o)
 .text          0x0000000088310040        0x0 libs/gcc/fplibm.lib(k_rem_pio2.o)
 .text          0x0000000088310040        0x0 libs/gcc/fplibm.lib(k_sin.o)
 .text          0x0000000088310040        0x0 libs/gcc/fplibm.lib(s_atan.o)
 .text          0x0000000088310040        0x0 libs/gcc/fplibm.lib(s_floor.o)
 .text          0x0000000088310040        0x0 libs/gcc/fplibm.lib(s_scalbn.o)
 .text          0x0000000088310040        0x0 libs/gcc/app_start.lib(adc.o)
 .text          0x0000000088310040        0x0 libs/gcc/app_start.lib(timer.o)
 .text          0x0000000088310040        0x0 libs/gcc/app_start.lib(gprs.o)
 .text          0x0000000088310040        0x0 libs/gcc/app_start.lib(ql_func.o)
 .text          0x0000000088310040        0x0 libs/gcc/app_start.lib(taskMngt.o)
 .text          0x0000000088310040        0x0 libs/gcc/app_start.lib(fota.o)
 .text          0x0000000088310040        0x0 libs/gcc/app_start.lib(ql_main.o)
 .text          0x0000000088310040        0x0 libs/gcc/app_start.lib(memory.o)
 .text          0x0000000088310040        0x0 libs/gcc/app_start.lib(ril_main.o)
 .text          0x0000000088310040        0x0 libs/gcc/app_start.lib(ril_aux.o)
 .text          0x0000000088310040        0x0 libs/gcc/app_start.lib(gpio.o)
 .text          0x0000000088310040        0x0 libs/gcc/app_start.lib(ocpi_init.o)
 .text          0x0000000088310040        0x0 libs/gcc/app_start.lib(fileSys.o)
 .text          0x0000000088310040        0x0 libs/gcc/app_start.lib(power.o)
 .text          0x0000000088310040        0x0 libs/gcc/app_start.lib(lib_ril_sms.o)
 .text          0x0000000088310040        0x0 libs/gcc/app_start.lib(stdlib_func.o)
 .text          0x0000000088310040        0x0 libs/gcc/app_start.lib(system.o)
 .text          0x0000000088310040        0x0 libs/gcc/app_start.lib(uart.o)
 .text          0x0000000088310040        0x0 libs/gcc/app_start.lib(watchdog.o)
 .text          0x0000000088310040        0x0 libs/gcc/app_start.lib(time.o)
 .text          0x0000000088310040        0x0 libs/gcc/app_start.lib(socket.o)
 .text          0x0000000088310040       0x50 C:\CSDTK4\/mips-elf-4.4.2/lib/gcc/mips-elf/4.4.2/libgcc.a(_fixunsdfsi.o)
                0x0000000088310041                __fixunsdfsi
 .text          0x0000000088310090      0x1c0 C:\CSDTK4\/mips-elf-4.4.2/lib/gcc/mips-elf/4.4.2/libgcc.a(_addsub_sf.o)
                0x00000000883101d1                __subsf3
                0x0000000088310215                __addsf3
 .text          0x0000000088310250       0xfc C:\CSDTK4\/mips-elf-4.4.2/lib/gcc/mips-elf/4.4.2/libgcc.a(_mul_sf.o)
                0x0000000088310251                __mulsf3
 .text          0x000000008831034c       0xc4 C:\CSDTK4\/mips-elf-4.4.2/lib/gcc/mips-elf/4.4.2/libgcc.a(_div_sf.o)
                0x000000008831034d                __divsf3
 .text          0x0000000088310410       0x2c C:\CSDTK4\/mips-elf-4.4.2/lib/gcc/mips-elf/4.4.2/libgcc.a(_sf_to_df.o)
                0x0000000088310411                __extendsfdf2
 .text          0x000000008831043c        0x0 C:\CSDTK4\/mips-elf-4.4.2/lib/gcc/mips-elf/4.4.2/libgcc.a(_thenan_sf.o)
 .text          0x000000008831043c       0x64 C:\CSDTK4\/mips-elf-4.4.2/lib/gcc/mips-elf/4.4.2/libgcc.a(_usi_to_sf.o)
                0x000000008831043d                __floatunsisf
 .text          0x00000000883104a0      0x2f0 C:\CSDTK4\/mips-elf-4.4.2/lib/gcc/mips-elf/4.4.2/libgcc.a(_addsub_df.o)
                0x0000000088310709                __subdf3
                0x0000000088310751                __adddf3
 .text          0x0000000088310790      0x1b8 C:\CSDTK4\/mips-elf-4.4.2/lib/gcc/mips-elf/4.4.2/libgcc.a(_mul_df.o)
                0x0000000088310791                __muldf3
 .text          0x0000000088310948      0x138 C:\CSDTK4\/mips-elf-4.4.2/lib/gcc/mips-elf/4.4.2/libgcc.a(_div_df.o)
                0x0000000088310949                __divdf3
 .text          0x0000000088310a80       0x48 C:\CSDTK4\/mips-elf-4.4.2/lib/gcc/mips-elf/4.4.2/libgcc.a(_eq_df.o)
                0x0000000088310a81                __eqdf2
 .text          0x0000000088310ac8       0x48 C:\CSDTK4\/mips-elf-4.4.2/lib/gcc/mips-elf/4.4.2/libgcc.a(_gt_df.o)
                0x0000000088310ac9                __gtdf2
 .text          0x0000000088310b10       0x48 C:\CSDTK4\/mips-elf-4.4.2/lib/gcc/mips-elf/4.4.2/libgcc.a(_ge_df.o)
                0x0000000088310b11                __gedf2
 .text          0x0000000088310b58       0x78 C:\CSDTK4\/mips-elf-4.4.2/lib/gcc/mips-elf/4.4.2/libgcc.a(_si_to_df.o)
                0x0000000088310b59                __floatsidf
 .text          0x0000000088310bd0       0x64 C:\CSDTK4\/mips-elf-4.4.2/lib/gcc/mips-elf/4.4.2/libgcc.a(_df_to_si.o)
                0x0000000088310bd1                __fixdfsi
 .text          0x0000000088310c34       0x20 C:\CSDTK4\/mips-elf-4.4.2/lib/gcc/mips-elf/4.4.2/libgcc.a(_make_df.o)
                0x0000000088310c35                __make_dp
 .text          0x0000000088310c54       0x3c C:\CSDTK4\/mips-elf-4.4.2/lib/gcc/mips-elf/4.4.2/libgcc.a(_df_to_sf.o)
                0x0000000088310c55                __truncdfsf2
 .text          0x0000000088310c90        0x0 C:\CSDTK4\/mips-elf-4.4.2/lib/gcc/mips-elf/4.4.2/libgcc.a(_thenan_df.o)
 .text          0x0000000088310c90       0x3c C:\CSDTK4\/mips-elf-4.4.2/lib/gcc/mips-elf/4.4.2/libgcc.a(_lshrdi3.o)
                0x0000000088310c91                __lshrdi3
 .text          0x0000000088310ccc       0x3c C:\CSDTK4\/mips-elf-4.4.2/lib/gcc/mips-elf/4.4.2/libgcc.a(_ashldi3.o)
                0x0000000088310ccd                __ashldi3
 .text          0x0000000088310d08       0x28 C:\CSDTK4\/mips-elf-4.4.2/lib/gcc/mips-elf/4.4.2/libgcc.a(_ucmpdi2.o)
                0x0000000088310d09                __ucmpdi2
 .text          0x0000000088310d30       0x3c C:\CSDTK4\/mips-elf-4.4.2/lib/gcc/mips-elf/4.4.2/libgcc.a(_clzsi2.o)
                0x0000000088310d31                __clzsi2
 .text          0x0000000088310d6c       0xc4 C:\CSDTK4\/mips-elf-4.4.2/lib/gcc/mips-elf/4.4.2/libgcc.a(_pack_sf.o)
                0x0000000088310d6d                __pack_f
 .text          0x0000000088310e30       0x7c C:\CSDTK4\/mips-elf-4.4.2/lib/gcc/mips-elf/4.4.2/libgcc.a(_unpack_sf.o)
                0x0000000088310e31                __unpack_f
 .text          0x0000000088310eac       0x18 C:\CSDTK4\/mips-elf-4.4.2/lib/gcc/mips-elf/4.4.2/libgcc.a(_make_sf.o)
                0x0000000088310ead                __make_fp
 .text          0x0000000088310ec4      0x1a4 C:\CSDTK4\/mips-elf-4.4.2/lib/gcc/mips-elf/4.4.2/libgcc.a(_pack_df.o)
                0x0000000088310ec5                __pack_d
 .text          0x0000000088311068       0xac C:\CSDTK4\/mips-elf-4.4.2/lib/gcc/mips-elf/4.4.2/libgcc.a(_unpack_df.o)
                0x0000000088311069                __unpack_d
 .text          0x0000000088311114       0x78 C:\CSDTK4\/mips-elf-4.4.2/lib/gcc/mips-elf/4.4.2/libgcc.a(_fpcmp_parts_df.o)
                0x0000000088311115                __fpcmp_parts_d
 .text          0x000000008831118c        0x0 C:\CSDTK4\/mips-elf-4.4.2/lib/gcc/mips-elf/4.4.2/libgcc.a(_clz.o)
                0x0000000088311190                . = ALIGN (0x10)
 *fill*         0x000000008831118c        0x4 00

.text.Ql_WTD_GetWDIPinCfg
                0x0000000088311190        0xc
 .text.Ql_WTD_GetWDIPinCfg
                0x0000000088311190        0xc build/gcc/obj/custom/config/custom_sys_cfg.o
                0x0000000088311191                Ql_WTD_GetWDIPinCfg

.text.RIL_AUD_RegisterPlayCB
                0x000000008831119c       0x14
 .text.RIL_AUD_RegisterPlayCB
                0x000000008831119c       0x14 build/gcc/obj/ril/src/ril_audio.o
                0x000000008831119d                RIL_AUD_RegisterPlayCB

.text.RIL_AUD_GetRecordState
                0x00000000883111b0       0x5c
 .text.RIL_AUD_GetRecordState
                0x00000000883111b0       0x5c build/gcc/obj/ril/src/ril_audio.o
                0x00000000883111b1                RIL_AUD_GetRecordState

.text.RIL_AUD_StopPlayMemBg
                0x000000008831120c       0x40
 .text.RIL_AUD_StopPlayMemBg
                0x000000008831120c       0x40 build/gcc/obj/ril/src/ril_audio.o
                0x000000008831120d                RIL_AUD_StopPlayMemBg

.text.RIL_AUD_PlayMemBg
                0x000000008831124c       0x68
 .text.RIL_AUD_PlayMemBg
                0x000000008831124c       0x68 build/gcc/obj/ril/src/ril_audio.o
                0x000000008831124d                RIL_AUD_PlayMemBg

.text.RIL_AUD_StopPlayMem
                0x00000000883112b4       0x48
 .text.RIL_AUD_StopPlayMem
                0x00000000883112b4       0x48 build/gcc/obj/ril/src/ril_audio.o
                0x00000000883112b5                RIL_AUD_StopPlayMem

.text.RIL_AUD_PlayMem
                0x00000000883112fc       0x68
 .text.RIL_AUD_PlayMem
                0x00000000883112fc       0x68 build/gcc/obj/ril/src/ril_audio.o
                0x00000000883112fd                RIL_AUD_PlayMem

.text.RIL_AUD_StopRecord
                0x0000000088311364       0x48
 .text.RIL_AUD_StopRecord
                0x0000000088311364       0x48 build/gcc/obj/ril/src/ril_audio.o
                0x0000000088311365                RIL_AUD_StopRecord

.text.RIL_AUD_StartRecord
                0x00000000883113ac       0x78
 .text.RIL_AUD_StartRecord
                0x00000000883113ac       0x78 build/gcc/obj/ril/src/ril_audio.o
                0x00000000883113ad                RIL_AUD_StartRecord

.text.RIL_AUD_StopPlay
                0x0000000088311424       0x48
 .text.RIL_AUD_StopPlay
                0x0000000088311424       0x48 build/gcc/obj/ril/src/ril_audio.o
                0x0000000088311425                RIL_AUD_StopPlay

.text.RIL_AUD_GetVolume
                0x000000008831146c       0x4c
 .text.RIL_AUD_GetVolume
                0x000000008831146c       0x4c build/gcc/obj/ril/src/ril_audio.o
                0x000000008831146d                RIL_AUD_GetVolume

.text.RIL_AUD_SetVolume
                0x00000000883114b8       0x4c
 .text.RIL_AUD_SetVolume
                0x00000000883114b8       0x4c build/gcc/obj/ril/src/ril_audio.o
                0x00000000883114b9                RIL_AUD_SetVolume

.text.RIL_AUD_SetChannel
                0x0000000088311504       0x50
 .text.RIL_AUD_SetChannel
                0x0000000088311504       0x50 build/gcc/obj/ril/src/ril_audio.o
                0x0000000088311505                RIL_AUD_SetChannel

.text.RIL_AUD_GetChannel
                0x0000000088311554       0x4c
 .text.RIL_AUD_GetChannel
                0x0000000088311554       0x4c build/gcc/obj/ril/src/ril_audio.o
                0x0000000088311555                RIL_AUD_GetChannel

.text.RIL_AUD_PlayFile
                0x00000000883115a0       0x88
 .text.RIL_AUD_PlayFile
                0x00000000883115a0       0x88 build/gcc/obj/ril/src/ril_audio.o
                0x00000000883115a1                RIL_AUD_PlayFile

.text.ATResponse_AUD_handler
                0x0000000088311628       0xec
 .text.ATResponse_AUD_handler
                0x0000000088311628       0xec build/gcc/obj/ril/src/ril_audio.o

.text.Ql_RIL_RcvDataFrmCore
                0x0000000088311714       0x18
 .text.Ql_RIL_RcvDataFrmCore
                0x0000000088311714       0x18 build/gcc/obj/ril/src/ril_custom.o
                0x0000000088311715                Ql_RIL_RcvDataFrmCore

.text.RIL_HTTP_ReadResponse
                0x000000008831172c       0x68
 .text.RIL_HTTP_ReadResponse
                0x000000008831172c       0x68 build/gcc/obj/ril/src/ril_http.o
                0x000000008831172d                RIL_HTTP_ReadResponse

.text.RIL_HTTP_RequestToPost
                0x0000000088311794       0x74
 .text.RIL_HTTP_RequestToPost
                0x0000000088311794       0x74 build/gcc/obj/ril/src/ril_http.o
                0x0000000088311795                RIL_HTTP_RequestToPost

.text.RIL_HTTP_RequestToGet
                0x0000000088311808       0x58
 .text.RIL_HTTP_RequestToGet
                0x0000000088311808       0x58 build/gcc/obj/ril/src/ril_http.o
                0x0000000088311809                RIL_HTTP_RequestToGet

.text.RIL_HTTP_SetServerURL
                0x0000000088311860       0x74
 .text.RIL_HTTP_SetServerURL
                0x0000000088311860       0x74 build/gcc/obj/ril/src/ril_http.o
                0x0000000088311861                RIL_HTTP_SetServerURL

.text.RIL_HTTP_DownloadFile
                0x00000000883118d4       0x70
 .text.RIL_HTTP_DownloadFile
                0x00000000883118d4       0x70 build/gcc/obj/ril/src/ril_http.o
                0x00000000883118d5                RIL_HTTP_DownloadFile

.text.ATRsp_QHTTP_Handler
                0x0000000088311944       0xb8
 .text.ATRsp_QHTTP_Handler
                0x0000000088311944       0xb8 build/gcc/obj/ril/src/ril_http.o

.text.OnURCHandler_HTTP
                0x00000000883119fc       0x48
 .text.OnURCHandler_HTTP
                0x00000000883119fc       0x48 build/gcc/obj/ril/src/ril_urc.o

.text.OnURCHandler_AudPlayInd
                0x0000000088311a44       0x34
 .text.OnURCHandler_AudPlayInd
                0x0000000088311a44       0x34 build/gcc/obj/ril/src/ril_urc.o

.text.Ql_RIL_IsURCStr
                0x0000000088311a78       0x54
 .text.Ql_RIL_IsURCStr
                0x0000000088311a78       0x54 build/gcc/obj/ril/src/ril_urc.o
                0x0000000088311a79                Ql_RIL_IsURCStr

.text.OnURCHandler_MQTT_DISC
                0x0000000088311acc       0xac
 .text.OnURCHandler_MQTT_DISC
                0x0000000088311acc       0xac build/gcc/obj/ril/src/ril_urc.o

.text.OnURCHandler_MQTT_CLOSE
                0x0000000088311b78       0xac
 .text.OnURCHandler_MQTT_CLOSE
                0x0000000088311b78       0xac build/gcc/obj/ril/src/ril_urc.o

.text.OnURCHandler_MQTT_STATE
                0x0000000088311c24       0x8c
 .text.OnURCHandler_MQTT_STATE
                0x0000000088311c24       0x8c build/gcc/obj/ril/src/ril_urc.o

.text.OnURCHandler_MQTT_TUNS
                0x0000000088311cb0       0xac
 .text.OnURCHandler_MQTT_TUNS
                0x0000000088311cb0       0xac build/gcc/obj/ril/src/ril_urc.o

.text.OnURCHandler_MQTT_PUB
                0x0000000088311d5c       0xcc
 .text.OnURCHandler_MQTT_PUB
                0x0000000088311d5c       0xcc build/gcc/obj/ril/src/ril_urc.o

.text.OnURCHandler_MQTT_SUB
                0x0000000088311e28       0xfc
 .text.OnURCHandler_MQTT_SUB
                0x0000000088311e28       0xfc build/gcc/obj/ril/src/ril_urc.o

.text.OnURCHandler_MQTT_CONN
                0x0000000088311f24       0xb4
 .text.OnURCHandler_MQTT_CONN
                0x0000000088311f24       0xb4 build/gcc/obj/ril/src/ril_urc.o

.text.OnURCHandler_MQTT_OPEN
                0x0000000088311fd8       0x8c
 .text.OnURCHandler_MQTT_OPEN
                0x0000000088311fd8       0x8c build/gcc/obj/ril/src/ril_urc.o

.text.OnURCHandler_AlarmRing
                0x0000000088312064       0x18
 .text.OnURCHandler_AlarmRing
                0x0000000088312064       0x18 build/gcc/obj/ril/src/ril_urc.o

.text.OnURCHandler_InitStat
                0x000000008831207c       0x3c
 .text.OnURCHandler_InitStat
                0x000000008831207c       0x3c build/gcc/obj/ril/src/ril_urc.o

.text.OnURCHandler
                0x00000000883120b8       0x78
 .text.OnURCHandler
                0x00000000883120b8       0x78 build/gcc/obj/ril/src/ril_urc.o
                0x00000000883120b9                OnURCHandler

.text.OnURCHandler_FTP_Upload
                0x0000000088312130       0x74
 .text.OnURCHandler_FTP_Upload
                0x0000000088312130       0x74 build/gcc/obj/ril/src/ril_urc.o

.text.OnURCHandler_FTP_Download
                0x00000000883121a4       0x74
 .text.OnURCHandler_FTP_Download
                0x00000000883121a4       0x74 build/gcc/obj/ril/src/ril_urc.o

.text.OnURCHandler_CFUN
                0x0000000088312218       0x64
 .text.OnURCHandler_CFUN
                0x0000000088312218       0x64 build/gcc/obj/ril/src/ril_urc.o

.text.OnURCHandler_Voltage
                0x000000008831227c       0x5c
 .text.OnURCHandler_Voltage
                0x000000008831227c       0x5c build/gcc/obj/ril/src/ril_urc.o

.text.OnURCHandler_Network
                0x00000000883122d8       0xd4
 .text.OnURCHandler_Network
                0x00000000883122d8       0xd4 build/gcc/obj/ril/src/ril_urc.o

.text.OnURCHandler_Call
                0x00000000883123ac      0x184
 .text.OnURCHandler_Call
                0x00000000883123ac      0x184 build/gcc/obj/ril/src/ril_urc.o

.text.OnURCHandler_SIM
                0x0000000088312530       0x90
 .text.OnURCHandler_SIM
                0x0000000088312530       0x90 build/gcc/obj/ril/src/ril_urc.o

.text.OnURCHandler_SMS
                0x00000000883125c0       0xac
 .text.OnURCHandler_SMS
                0x00000000883125c0       0xac build/gcc/obj/ril/src/ril_urc.o

.text.Ql_RIL_AT_GetErrCode
                0x000000008831266c        0xc
 .text.Ql_RIL_AT_GetErrCode
                0x000000008831266c        0xc build/gcc/obj/ril/src/ril_atResponse.o
                0x000000008831266d                Ql_RIL_AT_GetErrCode

.text.Ql_RIL_AT_SetErrCode
                0x0000000088312678        0xc
 .text.Ql_RIL_AT_SetErrCode
                0x0000000088312678        0xc build/gcc/obj/ril/src/ril_atResponse.o
                0x0000000088312679                Ql_RIL_AT_SetErrCode

.text.Default_atRsp_callback
                0x0000000088312684       0x80
 .text.Default_atRsp_callback
                0x0000000088312684       0x80 build/gcc/obj/ril/src/ril_atResponse.o
                0x0000000088312685                Default_atRsp_callback

.text.RIL_Parse_value
                0x0000000088312704       0x70
 .text.RIL_Parse_value
                0x0000000088312704       0x70 build/gcc/obj/ril/src/ril_network.o
                0x0000000088312705                RIL_Parse_value

.text.RIL_NW_GetOperator
                0x0000000088312774       0x4c
 .text.RIL_NW_GetOperator
                0x0000000088312774       0x4c build/gcc/obj/ril/src/ril_network.o
                0x0000000088312775                RIL_NW_GetOperator

.text.RIL_NW_ClosePDPContext
                0x00000000883127c0       0x44
 .text.RIL_NW_ClosePDPContext
                0x00000000883127c0       0x44 build/gcc/obj/ril/src/ril_network.o
                0x00000000883127c1                RIL_NW_ClosePDPContext

.text.RIL_NW_GetIPStatus
                0x0000000088312804       0x28
 .text.RIL_NW_GetIPStatus
                0x0000000088312804       0x28 build/gcc/obj/ril/src/ril_network.o
                0x0000000088312805                RIL_NW_GetIPStatus

.text.RIL_NW_GetGPRSState
                0x000000008831282c       0x4c
 .text.RIL_NW_GetGPRSState
                0x000000008831282c       0x4c build/gcc/obj/ril/src/ril_network.o
                0x000000008831282d                RIL_NW_GetGPRSState

.text.RIL_NW_GetGSMState
                0x0000000088312878       0x50
 .text.RIL_NW_GetGSMState
                0x0000000088312878       0x50 build/gcc/obj/ril/src/ril_network.o
                0x0000000088312879                RIL_NW_GetGSMState

.text.ATRsp_COPS_Handler
                0x00000000883128c8       0xa8
 .text.ATRsp_COPS_Handler
                0x00000000883128c8       0xa8 build/gcc/obj/ril/src/ril_network.o

.text.ATRsp_QIDEACT_Hdlr
                0x0000000088312970       0x40
 .text.ATRsp_QIDEACT_Hdlr
                0x0000000088312970       0x40 build/gcc/obj/ril/src/ril_network.o

.text.ATResponse_CSQ_Handler
                0x00000000883129b0       0x70
 .text.ATResponse_CSQ_Handler
                0x00000000883129b0       0x70 build/gcc/obj/ril/src/ril_network.o

.text.ATResponse_CGREG_Handler
                0x0000000088312a20       0x74
 .text.ATResponse_CGREG_Handler
                0x0000000088312a20       0x74 build/gcc/obj/ril/src/ril_network.o

.text.ATResponse_CREG_Handler
                0x0000000088312a94       0x74
 .text.ATResponse_CREG_Handler
                0x0000000088312a94       0x74 build/gcc/obj/ril/src/ril_network.o

.text.RIL_NW_OpenPDPContext
                0x0000000088312b08       0x6c
 .text.RIL_NW_OpenPDPContext
                0x0000000088312b08       0x6c build/gcc/obj/ril/src/ril_network.o
                0x0000000088312b09                RIL_NW_OpenPDPContext

.text.RIL_NW_SetAPN
                0x0000000088312b74       0x90
 .text.RIL_NW_SetAPN
                0x0000000088312b74       0x90 build/gcc/obj/ril/src/ril_network.o
                0x0000000088312b75                RIL_NW_SetAPN

.text.RIL_NW_SetGPRSContext
                0x0000000088312c04       0x4c
 .text.RIL_NW_SetGPRSContext
                0x0000000088312c04       0x4c build/gcc/obj/ril/src/ril_network.o
                0x0000000088312c05                RIL_NW_SetGPRSContext

.text.RIL_NW_GetSignalQuality
                0x0000000088312c50       0x5c
 .text.RIL_NW_GetSignalQuality
                0x0000000088312c50       0x5c build/gcc/obj/ril/src/ril_network.o
                0x0000000088312c51                RIL_NW_GetSignalQuality

.text.RIL_NW_GetIpStatusByName
                0x0000000088312cac       0xdc
 .text.RIL_NW_GetIpStatusByName
                0x0000000088312cac       0xdc build/gcc/obj/ril/src/ril_network.o
                0x0000000088312cad                RIL_NW_GetIpStatusByName

.text.ATResponse_IPStatus_Handler
                0x0000000088312d88       0xa4
 .text.ATResponse_IPStatus_Handler
                0x0000000088312d88       0xa4 build/gcc/obj/ril/src/ril_network.o

.text.OnURCHandler_QCELLLocation
                0x0000000088312e2c       0xd0
 .text.OnURCHandler_QCELLLocation
                0x0000000088312e2c       0xd0 build/gcc/obj/ril/src/ril_location.o
                0x0000000088312e2d                OnURCHandler_QCELLLocation

.text.RIL_GetLocationByCell
                0x0000000088312efc       0x94
 .text.RIL_GetLocationByCell
                0x0000000088312efc       0x94 build/gcc/obj/ril/src/ril_location.o
                0x0000000088312efd                RIL_GetLocationByCell

.text.RIL_GetLocation_Ex
                0x0000000088312f90       0x9c
 .text.RIL_GetLocation_Ex
                0x0000000088312f90       0x9c build/gcc/obj/ril/src/ril_location.o
                0x0000000088312f91                RIL_GetLocation_Ex

.text.RIL_GetLocation
                0x000000008831302c       0x84
 .text.RIL_GetLocation
                0x000000008831302c       0x84 build/gcc/obj/ril/src/ril_location.o
                0x000000008831302d                RIL_GetLocation

.text.ATResponse_GetLocation_Ex_Handler
                0x00000000883130b0       0xc0
 .text.ATResponse_GetLocation_Ex_Handler
                0x00000000883130b0       0xc0 build/gcc/obj/ril/src/ril_location.o

.text.RIL_NTP_START
                0x0000000088313170       0x68
 .text.RIL_NTP_START
                0x0000000088313170       0x68 build/gcc/obj/ril/src/ril_ntp.o
                0x0000000088313171                RIL_NTP_START

.text.OnURCHandler_NTPCMD
                0x00000000883131d8       0x44
 .text.OnURCHandler_NTPCMD
                0x00000000883131d8       0x44 build/gcc/obj/ril/src/ril_ntp.o
                0x00000000883131d9                OnURCHandler_NTPCMD

.text.RIL_Telephony_Hangup
                0x000000008831321c       0x20
 .text.RIL_Telephony_Hangup
                0x000000008831321c       0x20 build/gcc/obj/ril/src/ril_telephony.o
                0x000000008831321d                RIL_Telephony_Hangup

.text.RIL_Telephony_Answer
                0x000000008831323c       0x24
 .text.RIL_Telephony_Answer
                0x000000008831323c       0x24 build/gcc/obj/ril/src/ril_telephony.o
                0x000000008831323d                RIL_Telephony_Answer

.text.Telephony_Answer_AT_handler
                0x0000000088313260       0x74
 .text.Telephony_Answer_AT_handler
                0x0000000088313260       0x74 build/gcc/obj/ril/src/ril_telephony.o

.text.Telephony_Dial_AT_handler
                0x00000000883132d4       0x9c
 .text.Telephony_Dial_AT_handler
                0x00000000883132d4       0x9c build/gcc/obj/ril/src/ril_telephony.o

.text.RIL_Telephony_Dial
                0x0000000088313370       0x5c
 .text.RIL_Telephony_Dial
                0x0000000088313370       0x5c build/gcc/obj/ril/src/ril_telephony.o
                0x0000000088313371                RIL_Telephony_Dial

.text.ADP_SMS_ConvIdxToCoreIdx
                0x00000000883133cc       0x14
 .text.ADP_SMS_ConvIdxToCoreIdx
                0x00000000883133cc       0x14 build/gcc/obj/ril/src/ril_sms.o

.text.CmdGetStorageInfo
                0x00000000883133e0       0x88
 .text.CmdGetStorageInfo
                0x00000000883133e0       0x88 build/gcc/obj/ril/src/ril_sms.o

.text.RIL_SMS_DeleteSMS
                0x0000000088313468       0xa4
 .text.RIL_SMS_DeleteSMS
                0x0000000088313468       0xa4 build/gcc/obj/ril/src/ril_sms.o
                0x0000000088313469                RIL_SMS_DeleteSMS

.text.CmdReadPDUMsg
                0x000000008831350c       0xb0
 .text.CmdReadPDUMsg
                0x000000008831350c       0xb0 build/gcc/obj/ril/src/ril_sms.o

.text.RIL_SMS_GetStorage
                0x00000000883135bc       0x10
 .text.RIL_SMS_GetStorage
                0x00000000883135bc       0x10 build/gcc/obj/ril/src/ril_sms.o
                0x00000000883135bd                RIL_SMS_GetStorage

.text.RIL_SMS_SetStorage
                0x00000000883135cc       0xa0
 .text.RIL_SMS_SetStorage
                0x00000000883135cc       0xa0 build/gcc/obj/ril/src/ril_sms.o
                0x00000000883135cd                RIL_SMS_SetStorage

.text.ConvStringToPhoneNumber
                0x000000008831366c       0xa0
 .text.ConvStringToPhoneNumber
                0x000000008831366c       0xa0 build/gcc/obj/ril/src/ril_sms.o

.text.SMS_CMD_GeneralHandler
                0x000000008831370c      0x2b8
 .text.SMS_CMD_GeneralHandler
                0x000000008831370c      0x2b8 build/gcc/obj/ril/src/ril_sms.o

.text.RIL_SMS_ReadSMS_PDU
                0x00000000883139c4       0x80
 .text.RIL_SMS_ReadSMS_PDU
                0x00000000883139c4       0x80 build/gcc/obj/ril/src/ril_sms.o
                0x00000000883139c5                RIL_SMS_ReadSMS_PDU

.text.CmdSendPDUMsg
                0x0000000088313a44       0xdc
 .text.CmdSendPDUMsg
                0x0000000088313a44       0xdc build/gcc/obj/ril/src/ril_sms.o

.text.RIL_SMS_SendSMS_Text_Ext
                0x0000000088313b20      0x1bc
 .text.RIL_SMS_SendSMS_Text_Ext
                0x0000000088313b20      0x1bc build/gcc/obj/ril/src/ril_sms.o
                0x0000000088313b21                RIL_SMS_SendSMS_Text_Ext

.text.RIL_SMS_SendSMS_Text
                0x0000000088313cdc      0x16c
 .text.RIL_SMS_SendSMS_Text
                0x0000000088313cdc      0x16c build/gcc/obj/ril/src/ril_sms.o
                0x0000000088313cdd                RIL_SMS_SendSMS_Text

.text.RIL_SMS_SendSMS_PDU
                0x0000000088313e48       0x64
 .text.RIL_SMS_SendSMS_PDU
                0x0000000088313e48       0x64 build/gcc/obj/ril/src/ril_sms.o
                0x0000000088313e49                RIL_SMS_SendSMS_PDU

.text.T.94      0x0000000088313eac       0x6c
 .text.T.94     0x0000000088313eac       0x6c build/gcc/obj/ril/src/ril_sms.o

.text.RIL_SMS_ReadSMS_Text
                0x0000000088313f18      0x24c
 .text.RIL_SMS_ReadSMS_Text
                0x0000000088313f18      0x24c build/gcc/obj/ril/src/ril_sms.o
                0x0000000088313f19                RIL_SMS_ReadSMS_Text

.text.QSDK_Get_Str
                0x0000000088314164       0x90
 .text.QSDK_Get_Str
                0x0000000088314164       0x90 build/gcc/obj/ril/src/ril_system.o
                0x0000000088314165                QSDK_Get_Str

.text.RIL_GetIMEI
                0x00000000883141f4       0x48
 .text.RIL_GetIMEI
                0x00000000883141f4       0x48 build/gcc/obj/ril/src/ril_system.o
                0x00000000883141f5                RIL_GetIMEI

.text.RIL_GetPowerSupply
                0x000000008831423c       0x38
 .text.RIL_GetPowerSupply
                0x000000008831423c       0x38 build/gcc/obj/ril/src/ril_system.o
                0x000000008831423d                RIL_GetPowerSupply

.text.RIL_QuerySysInitStatus
                0x0000000088314274       0x24
 .text.RIL_QuerySysInitStatus
                0x0000000088314274       0x24 build/gcc/obj/ril/src/ril_system.o
                0x0000000088314275                RIL_QuerySysInitStatus

.text.ATRsp_IMEI_Handler
                0x0000000088314298       0x5c
 .text.ATRsp_IMEI_Handler
                0x0000000088314298       0x5c build/gcc/obj/ril/src/ril_system.o

.text.Power_ATResponse_Hanlder
                0x00000000883142f4       0xf0
 .text.Power_ATResponse_Hanlder
                0x00000000883142f4       0xf0 build/gcc/obj/ril/src/ril_system.o

.text.SYS_ATResponse_Hanlder
                0x00000000883143e4       0xa8
 .text.SYS_ATResponse_Hanlder
                0x00000000883143e4       0xa8 build/gcc/obj/ril/src/ril_system.o

.text.OnURCHandler_QWDTMF
                0x000000008831448c       0x60
 .text.OnURCHandler_QWDTMF
                0x000000008831448c       0x60 build/gcc/obj/ril/src/Ril_dtmf.o
                0x000000008831448d                OnURCHandler_QWDTMF

.text.OnURCHandler_QToneDet
                0x00000000883144ec       0x9c
 .text.OnURCHandler_QToneDet
                0x00000000883144ec       0x9c build/gcc/obj/ril/src/Ril_dtmf.o
                0x00000000883144ed                OnURCHandler_QToneDet

.text.RIL_WDTMF_Send
                0x0000000088314588       0x70
 .text.RIL_WDTMF_Send
                0x0000000088314588       0x70 build/gcc/obj/ril/src/Ril_dtmf.o
                0x0000000088314589                RIL_WDTMF_Send

.text.RIL_ToneDet_Get
                0x00000000883145f8       0x70
 .text.RIL_ToneDet_Get
                0x00000000883145f8       0x70 build/gcc/obj/ril/src/Ril_dtmf.o
                0x00000000883145f9                RIL_ToneDet_Get

.text.RIL_ToneDet_Set
                0x0000000088314668       0x6c
 .text.RIL_ToneDet_Set
                0x0000000088314668       0x6c build/gcc/obj/ril/src/Ril_dtmf.o
                0x0000000088314669                RIL_ToneDet_Set

.text.RIL_ToneDet_Close
                0x00000000883146d4       0x44
 .text.RIL_ToneDet_Close
                0x00000000883146d4       0x44 build/gcc/obj/ril/src/Ril_dtmf.o
                0x00000000883146d5                RIL_ToneDet_Close

.text.RIL_ToneDet_Open
                0x0000000088314718       0x4c
 .text.RIL_ToneDet_Open
                0x0000000088314718       0x4c build/gcc/obj/ril/src/Ril_dtmf.o
                0x0000000088314719                RIL_ToneDet_Open

.text.ATResponse_Handler
                0x0000000088314764       0xf0
 .text.ATResponse_Handler
                0x0000000088314764       0x94 build/gcc/obj/ril/src/Ril_dtmf.o
 .text.ATResponse_Handler
                0x00000000883147f8       0x5c build/gcc/obj/ril/src/ril_mqtt.o

.text.RIL_SIM_GetCCID
                0x0000000088314854       0x50
 .text.RIL_SIM_GetCCID
                0x0000000088314854       0x50 build/gcc/obj/ril/src/ril_sim.o
                0x0000000088314855                RIL_SIM_GetCCID

.text.RIL_SIM_GetIMSI
                0x00000000883148a4       0x50
 .text.RIL_SIM_GetIMSI
                0x00000000883148a4       0x50 build/gcc/obj/ril/src/ril_sim.o
                0x00000000883148a5                RIL_SIM_GetIMSI

.text.RIL_SIM_GetSimState
                0x00000000883148f4       0x50
 .text.RIL_SIM_GetSimState
                0x00000000883148f4       0x50 build/gcc/obj/ril/src/ril_sim.o
                0x00000000883148f5                RIL_SIM_GetSimState

.text.ATRsp_CCID_Handler
                0x0000000088314944       0xa8
 .text.ATRsp_CCID_Handler
                0x0000000088314944       0xa8 build/gcc/obj/ril/src/ril_sim.o

.text.ATRsp_IMSI_Handler
                0x00000000883149ec       0x5c
 .text.ATRsp_IMSI_Handler
                0x00000000883149ec       0x5c build/gcc/obj/ril/src/ril_sim.o

.text.RIL_SIM_GetSimStateByName
                0x0000000088314a48       0xd0
 .text.RIL_SIM_GetSimStateByName
                0x0000000088314a48       0xd0 build/gcc/obj/ril/src/ril_sim.o
                0x0000000088314a49                RIL_SIM_GetSimStateByName

.text.ATResponse_CPIN_Handler
                0x0000000088314b18       0xe8
 .text.ATResponse_CPIN_Handler
                0x0000000088314b18       0xe8 build/gcc/obj/ril/src/ril_sim.o

.text.RIL_QLBS_Loc
                0x0000000088314c00       0x4c
 .text.RIL_QLBS_Loc
                0x0000000088314c00       0x4c build/gcc/obj/ril/src/ril_location2.o
                0x0000000088314c01                RIL_QLBS_Loc

.text.RIL_QLBS_Cfg
                0x0000000088314c4c       0xcc
 .text.RIL_QLBS_Cfg
                0x0000000088314c4c       0xcc build/gcc/obj/ril/src/ril_location2.o
                0x0000000088314c4d                RIL_QLBS_Cfg

.text.RIL_QLBS_Loc_Ex
                0x0000000088314d18       0x7c
 .text.RIL_QLBS_Loc_Ex
                0x0000000088314d18       0x7c build/gcc/obj/ril/src/ril_location2.o
                0x0000000088314d19                RIL_QLBS_Loc_Ex

.text.ATResponse_Qlbs_Ex_Handler
                0x0000000088314d94      0x150
 .text.ATResponse_Qlbs_Ex_Handler
                0x0000000088314d94      0x150 build/gcc/obj/ril/src/ril_location2.o

.text.OnURCHandler_QLBS
                0x0000000088314ee4      0x184
 .text.OnURCHandler_QLBS
                0x0000000088314ee4      0x184 build/gcc/obj/ril/src/ril_location2.o
                0x0000000088314ee5                OnURCHandler_QLBS

.text.RIL_GNSS_EPO_Config_APN
                0x0000000088315068       0x98
 .text.RIL_GNSS_EPO_Config_APN
                0x0000000088315068       0x98 build/gcc/obj/ril/src/ril_gnss.o
                0x0000000088315069                RIL_GNSS_EPO_Config_APN

.text.RIL_GNSS_AGPSAID
                0x0000000088315100       0x4c
 .text.RIL_GNSS_AGPSAID
                0x0000000088315100       0x4c build/gcc/obj/ril/src/ril_gnss.o
                0x0000000088315101                RIL_GNSS_AGPSAID

.text.RIL_GNSS_AGPS
                0x000000008831514c       0x58
 .text.RIL_GNSS_AGPS
                0x000000008831514c       0x58 build/gcc/obj/ril/src/ril_gnss.o
                0x000000008831514d                RIL_GNSS_AGPS

.text.RIL_GNSS_Read_TimeSync_Status
                0x00000000883151a4       0x6c
 .text.RIL_GNSS_Read_TimeSync_Status
                0x00000000883151a4       0x6c build/gcc/obj/ril/src/ril_gnss.o
                0x00000000883151a5                RIL_GNSS_Read_TimeSync_Status

.text.RIL_GNSS_SetRefLoc
                0x0000000088315210       0x6c
 .text.RIL_GNSS_SetRefLoc
                0x0000000088315210       0x6c build/gcc/obj/ril/src/ril_gnss.o
                0x0000000088315211                RIL_GNSS_SetRefLoc

.text.RIL_GNSS_Open
                0x000000008831527c       0x6c
 .text.RIL_GNSS_Open
                0x000000008831527c       0x6c build/gcc/obj/ril/src/ril_gnss.o
                0x000000008831527d                RIL_GNSS_Open

.text.RIL_GNSS_CMD_Send
                0x00000000883152e8       0x68
 .text.RIL_GNSS_CMD_Send
                0x00000000883152e8       0x68 build/gcc/obj/ril/src/ril_gnss.o
                0x00000000883152e9                RIL_GNSS_CMD_Send

.text.RIL_GNSS_GetPowerState
                0x0000000088315350       0x50
 .text.RIL_GNSS_GetPowerState
                0x0000000088315350       0x50 build/gcc/obj/ril/src/ril_gnss.o
                0x0000000088315351                RIL_GNSS_GetPowerState

.text.ATResponse_GNSSReadTS_Hdlr
                0x00000000883153a0       0xa8
 .text.ATResponse_GNSSReadTS_Hdlr
                0x00000000883153a0       0xa8 build/gcc/obj/ril/src/ril_gnss.o

.text.ATResponse_QGNSSC_Handler
                0x0000000088315448       0xa8
 .text.ATResponse_QGNSSC_Handler
                0x0000000088315448       0xa8 build/gcc/obj/ril/src/ril_gnss.o

.text.RIL_GNSS_Read
                0x00000000883154f0       0xbc
 .text.RIL_GNSS_Read
                0x00000000883154f0       0xbc build/gcc/obj/ril/src/ril_gnss.o
                0x00000000883154f1                RIL_GNSS_Read

.text.ATResponse_GNSSRead_Hdlr
                0x00000000883155ac      0x1f4
 .text.ATResponse_GNSSRead_Hdlr
                0x00000000883155ac      0x1f4 build/gcc/obj/ril/src/ril_gnss.o

.text.OnURCHandler_GNSSAGPS
                0x00000000883157a0       0x44
 .text.OnURCHandler_GNSSAGPS
                0x00000000883157a0       0x44 build/gcc/obj/ril/src/ril_gnss.o
                0x00000000883157a1                OnURCHandler_GNSSAGPS

.text.OnURCHandler_GNSSCMD
                0x00000000883157e4       0x44
 .text.OnURCHandler_GNSSCMD
                0x00000000883157e4       0x44 build/gcc/obj/ril/src/ril_gnss.o
                0x00000000883157e5                OnURCHandler_GNSSCMD

.text.RIL_GetInitCmdCnt
                0x0000000088315828        0x4
 .text.RIL_GetInitCmdCnt
                0x0000000088315828        0x4 build/gcc/obj/ril/src/ril_init.o
                0x0000000088315829                RIL_GetInitCmdCnt

.text.RIL_GetLimitedCmdCnt
                0x000000008831582c        0x4
 .text.RIL_GetLimitedCmdCnt
                0x000000008831582c        0x4 build/gcc/obj/ril/src/ril_init.o
                0x000000008831582d                RIL_GetLimitedCmdCnt

.text.RIL_FTP_QIDEACT
                0x0000000088315830       0x2c
 .text.RIL_FTP_QIDEACT
                0x0000000088315830       0x2c build/gcc/obj/ril/src/ril_ftp.o
                0x0000000088315831                RIL_FTP_QIDEACT

.text.Callback_QIDEACT
                0x000000008831585c       0x40
 .text.Callback_QIDEACT
                0x000000008831585c       0x40 build/gcc/obj/ril/src/ril_ftp.o

.text.RIL_FTP_QFTPRMDIR
                0x000000008831589c       0x64
 .text.RIL_FTP_QFTPRMDIR
                0x000000008831589c       0x64 build/gcc/obj/ril/src/ril_ftp.o
                0x000000008831589d                RIL_FTP_QFTPRMDIR

.text.RIL_FTP_QFTPMKDIR
                0x0000000088315900       0x64
 .text.RIL_FTP_QFTPMKDIR
                0x0000000088315900       0x64 build/gcc/obj/ril/src/ril_ftp.o
                0x0000000088315901                RIL_FTP_QFTPMKDIR

.text.RIL_FTP_QFTPDELETE
                0x0000000088315964       0x64
 .text.RIL_FTP_QFTPDELETE
                0x0000000088315964       0x64 build/gcc/obj/ril/src/ril_ftp.o
                0x0000000088315965                RIL_FTP_QFTPDELETE

.text.RIL_FTP_QFTPSIZE
                0x00000000883159c8       0x70
 .text.RIL_FTP_QFTPSIZE
                0x00000000883159c8       0x70 build/gcc/obj/ril/src/ril_ftp.o
                0x00000000883159c9                RIL_FTP_QFTPSIZE

.text.RIL_FTP_QFTPRENAME
                0x0000000088315a38       0x6c
 .text.RIL_FTP_QFTPRENAME
                0x0000000088315a38       0x6c build/gcc/obj/ril/src/ril_ftp.o
                0x0000000088315a39                RIL_FTP_QFTPRENAME

.text.RIL_FTP_QFTPLEN
                0x0000000088315aa4       0x60
 .text.RIL_FTP_QFTPLEN
                0x0000000088315aa4       0x60 build/gcc/obj/ril/src/ril_ftp.o
                0x0000000088315aa5                RIL_FTP_QFTPLEN

.text.RIL_FTP_QFTPSTAT
                0x0000000088315b04       0x60
 .text.RIL_FTP_QFTPSTAT
                0x0000000088315b04       0x60 build/gcc/obj/ril/src/ril_ftp.o
                0x0000000088315b05                RIL_FTP_QFTPSTAT

.text.RIL_FTP_QFTPCFG
                0x0000000088315b64       0x70
 .text.RIL_FTP_QFTPCFG
                0x0000000088315b64       0x70 build/gcc/obj/ril/src/ril_ftp.o
                0x0000000088315b65                RIL_FTP_QFTPCFG

.text.RIL_FTP_QFTPPATH
                0x0000000088315bd4       0x64
 .text.RIL_FTP_QFTPPATH
                0x0000000088315bd4       0x64 build/gcc/obj/ril/src/ril_ftp.o
                0x0000000088315bd5                RIL_FTP_QFTPPATH

.text.RIL_FTP_QFTPGET
                0x0000000088315c38       0x74
 .text.RIL_FTP_QFTPGET
                0x0000000088315c38       0x74 build/gcc/obj/ril/src/ril_ftp.o
                0x0000000088315c39                RIL_FTP_QFTPGET

.text.RIL_FTP_QFTPPUT
                0x0000000088315cac       0x7c
 .text.RIL_FTP_QFTPPUT
                0x0000000088315cac       0x7c build/gcc/obj/ril/src/ril_ftp.o
                0x0000000088315cad                RIL_FTP_QFTPPUT

.text.RIL_FTP_QFTPCLOSE
                0x0000000088315d28       0x5c
 .text.RIL_FTP_QFTPCLOSE
                0x0000000088315d28       0x5c build/gcc/obj/ril/src/ril_ftp.o
                0x0000000088315d29                RIL_FTP_QFTPCLOSE

.text.ATResponse_QFTPSTAT_handler
                0x0000000088315d84       0xf4
 .text.ATResponse_QFTPSTAT_handler
                0x0000000088315d84       0xf4 build/gcc/obj/ril/src/ril_ftp.o

.text.ATResponse_FTP_handler_Common
                0x0000000088315e78       0xf8
 .text.ATResponse_FTP_handler_Common
                0x0000000088315e78       0xf8 build/gcc/obj/ril/src/ril_ftp.o

.text.ATResponse_QFTPLEN_handler
                0x0000000088315f70       0xb8
 .text.ATResponse_QFTPLEN_handler
                0x0000000088315f70       0xb8 build/gcc/obj/ril/src/ril_ftp.o

.text.RIL_FTP_QFTPOPEN
                0x0000000088316028      0x1cc
 .text.RIL_FTP_QFTPOPEN
                0x0000000088316028      0x1cc build/gcc/obj/ril/src/ril_ftp.o
                0x0000000088316029                RIL_FTP_QFTPOPEN

.text.RIL_Alarm_Remove
                0x00000000883161f4       0x9c
 .text.RIL_Alarm_Remove
                0x00000000883161f4       0x9c build/gcc/obj/ril/src/ril_alarm.o
                0x00000000883161f5                RIL_Alarm_Remove

.text.RIL_Alarm_Query
                0x0000000088316290       0x4c
 .text.RIL_Alarm_Query
                0x0000000088316290       0x4c build/gcc/obj/ril/src/ril_alarm.o
                0x0000000088316291                RIL_Alarm_Query

.text.RIL_Alarm_Create
                0x00000000883162dc       0xa8
 .text.RIL_Alarm_Create
                0x00000000883162dc       0xa8 build/gcc/obj/ril/src/ril_alarm.o
                0x00000000883162dd                RIL_Alarm_Create

.text.ATResponse_QALARM_Handler
                0x0000000088316384      0x1d4
 .text.ATResponse_QALARM_Handler
                0x0000000088316384      0x1d4 build/gcc/obj/ril/src/ril_alarm.o

.text.Ql_StrPrefixMatch
                0x0000000088316558       0x20
 .text.Ql_StrPrefixMatch
                0x0000000088316558       0x20 build/gcc/obj/ril/src/ril_util.o
                0x0000000088316559                Ql_StrPrefixMatch

.text.Ql_GenHash
                0x0000000088316578       0x34
 .text.Ql_GenHash
                0x0000000088316578       0x34 build/gcc/obj/ril/src/ril_util.o
                0x0000000088316579                Ql_GenHash

.text.Ql_RIL_FindString
                0x00000000883165ac       0x58
 .text.Ql_RIL_FindString
                0x00000000883165ac       0x58 build/gcc/obj/ril/src/ril_util.o
                0x00000000883165ad                Ql_RIL_FindString

.text.Ql_RIL_FindLine
                0x0000000088316604      0x160
 .text.Ql_RIL_FindLine
                0x0000000088316604      0x160 build/gcc/obj/ril/src/ril_util.o
                0x0000000088316605                Ql_RIL_FindLine

.text.Ql_StrToUpper
                0x0000000088316764       0x38
 .text.Ql_StrToUpper
                0x0000000088316764       0x38 build/gcc/obj/ril/src/ril_util.o
                0x0000000088316765                Ql_StrToUpper

.text.Ql_HexStrToInt
                0x000000008831679c       0x60
 .text.Ql_HexStrToInt
                0x000000008831679c       0x60 build/gcc/obj/ril/src/ril_util.o
                0x000000008831679d                Ql_HexStrToInt

.text.RIL_MQTT_QMTDISC
                0x00000000883167fc       0x50
 .text.RIL_MQTT_QMTDISC
                0x00000000883167fc       0x50 build/gcc/obj/ril/src/ril_mqtt.o
                0x00000000883167fd                RIL_MQTT_QMTDISC

.text.RIL_MQTT_QMTCLOSE
                0x000000008831684c       0x50
 .text.RIL_MQTT_QMTCLOSE
                0x000000008831684c       0x50 build/gcc/obj/ril/src/ril_mqtt.o
                0x000000008831684d                RIL_MQTT_QMTCLOSE

.text.RIL_MQTT_QMTCONN
                0x000000008831689c       0x78
 .text.RIL_MQTT_QMTCONN
                0x000000008831689c       0x78 build/gcc/obj/ril/src/ril_mqtt.o
                0x000000008831689d                RIL_MQTT_QMTCONN

.text.RIL_MQTT_QMTOPEN
                0x0000000088316914       0x60
 .text.RIL_MQTT_QMTOPEN
                0x0000000088316914       0x60 build/gcc/obj/ril/src/ril_mqtt.o
                0x0000000088316915                RIL_MQTT_QMTOPEN

.text.RIL_MQTT_QMTCFG_Version_Select
                0x0000000088316974       0x58
 .text.RIL_MQTT_QMTCFG_Version_Select
                0x0000000088316974       0x58 build/gcc/obj/ril/src/ril_mqtt.o
                0x0000000088316975                RIL_MQTT_QMTCFG_Version_Select

.text.RIL_MQTT_QMTCFG_Showrecvlen
                0x00000000883169cc       0x58
 .text.RIL_MQTT_QMTCFG_Showrecvlen
                0x00000000883169cc       0x58 build/gcc/obj/ril/src/ril_mqtt.o
                0x00000000883169cd                RIL_MQTT_QMTCFG_Showrecvlen

.text.RIL_MQTT_QMTCFG_Ali
                0x0000000088316a24       0x60
 .text.RIL_MQTT_QMTCFG_Ali
                0x0000000088316a24       0x60 build/gcc/obj/ril/src/ril_mqtt.o
                0x0000000088316a25                RIL_MQTT_QMTCFG_Ali

.text.RIL_MQTT_QMTPUB
                0x0000000088316a84       0x90
 .text.RIL_MQTT_QMTPUB
                0x0000000088316a84       0x90 build/gcc/obj/ril/src/ril_mqtt.o
                0x0000000088316a85                RIL_MQTT_QMTPUB

.text.ATResponse_QMTPUB_handler
                0x0000000088316b14       0x70
 .text.ATResponse_QMTPUB_handler
                0x0000000088316b14       0x70 build/gcc/obj/ril/src/ril_mqtt.o

.text.RIL_MQTT_QMTUNS
                0x0000000088316b84       0xf8
 .text.RIL_MQTT_QMTUNS
                0x0000000088316b84       0xf8 build/gcc/obj/ril/src/ril_mqtt.o
                0x0000000088316b85                RIL_MQTT_QMTUNS

.text.RIL_MQTT_QMTSUB
                0x0000000088316c7c      0x104
 .text.RIL_MQTT_QMTSUB
                0x0000000088316c7c      0x104 build/gcc/obj/ril/src/ril_mqtt.o
                0x0000000088316c7d                RIL_MQTT_QMTSUB

.text.toRadians
                0x0000000088316d80       0x30
 .text.toRadians
                0x0000000088316d80       0x30 build/gcc/obj/custom/main.o

.text.HexStringToInt
                0x0000000088316db0       0x40
 .text.HexStringToInt
                0x0000000088316db0       0x40 build/gcc/obj/custom/main.o
                0x0000000088316db1                HexStringToInt

.text.convertNmeaToDecimal
                0x0000000088316df0       0xa0
 .text.convertNmeaToDecimal
                0x0000000088316df0       0xa0 build/gcc/obj/custom/main.o
                0x0000000088316df1                convertNmeaToDecimal

.text.GNSS_Get_FixStatus_from_RMC
                0x0000000088316e90       0x44
 .text.GNSS_Get_FixStatus_from_RMC
                0x0000000088316e90       0x44 build/gcc/obj/custom/main.o
                0x0000000088316e91                GNSS_Get_FixStatus_from_RMC

.text.loadConfig
                0x0000000088316ed4     0x10c4
 .text.loadConfig
                0x0000000088316ed4     0x10c4 build/gcc/obj/custom/main.o
                0x0000000088316ed5                loadConfig

.text.SMS_PDUMode_Send
                0x0000000088317f98       0x84
 .text.SMS_PDUMode_Send
                0x0000000088317f98       0x84 build/gcc/obj/custom/main.o
                0x0000000088317f99                SMS_PDUMode_Send

.text.SMS_PDUMode_Read
                0x000000008831801c      0x11c
 .text.SMS_PDUMode_Read
                0x000000008831801c      0x11c build/gcc/obj/custom/main.o
                0x000000008831801d                SMS_PDUMode_Read

.text.SMS_TextMode_Send
                0x0000000088318138       0xf4
 .text.SMS_TextMode_Send
                0x0000000088318138       0xf4 build/gcc/obj/custom/main.o
                0x0000000088318139                SMS_TextMode_Send

.text.SMS_TextMode_Read
                0x000000008831822c      0x230
 .text.SMS_TextMode_Read
                0x000000008831822c      0x230 build/gcc/obj/custom/main.o
                0x000000008831822d                SMS_TextMode_Read

.text.controlvehicleDisabled
                0x000000008831845c       0x24
 .text.controlvehicleDisabled
                0x000000008831845c       0x24 build/gcc/obj/custom/main.o
                0x000000008831845d                controlvehicleDisabled

.text.calculateDistance
                0x0000000088318480      0x148
 .text.calculateDistance
                0x0000000088318480      0x148 build/gcc/obj/custom/main.o
                0x0000000088318481                calculateDistance

.text.Callback_GNSS_APGS_Hdlr
                0x00000000883185c8       0xc4
 .text.Callback_GNSS_APGS_Hdlr
                0x00000000883185c8       0xc4 build/gcc/obj/custom/main.o
                0x00000000883185c9                Callback_GNSS_APGS_Hdlr

.text.ftp_downfile_timer
                0x000000008831868c       0xd4
 .text.ftp_downfile_timer
                0x000000008831868c       0xd4 build/gcc/obj/custom/main.o

.text.ftp_Upgrade_States
                0x0000000088318760       0xd4
 .text.ftp_Upgrade_States
                0x0000000088318760       0xd4 build/gcc/obj/custom/main.o

.text.Connection_Timer
                0x0000000088318834       0x68
 .text.Connection_Timer
                0x0000000088318834       0x68 build/gcc/obj/custom/main.o

.text.SMS_Callback_Timer
                0x000000008831889c       0x90
 .text.SMS_Callback_Timer
                0x000000008831889c       0x90 build/gcc/obj/custom/main.o

.text.Pin_Check_Callback_Timer
                0x000000008831892c      0x350
 .text.Pin_Check_Callback_Timer
                0x000000008831892c      0x350 build/gcc/obj/custom/main.o

.text.mqtt_recv
                0x0000000088318c7c      0x6ac
 .text.mqtt_recv
                0x0000000088318c7c      0x6ac build/gcc/obj/custom/main.o

.text.Mqtt_Callback_Timer
                0x0000000088319328      0x944
 .text.Mqtt_Callback_Timer
                0x0000000088319328      0x944 build/gcc/obj/custom/main.o

.text.Gnss_Callback_Timer
                0x0000000088319c6c      0x880
 .text.Gnss_Callback_Timer
                0x0000000088319c6c      0x880 build/gcc/obj/custom/main.o

.text.CallBack_UART_Hdlr
                0x000000008831a4ec       0x88
 .text.CallBack_UART_Hdlr
                0x000000008831a4ec       0x88 build/gcc/obj/custom/main.o

.text.Hdlr_RecvNewSMS
                0x000000008831a574      0x6c8
 .text.Hdlr_RecvNewSMS
                0x000000008831a574      0x6c8 build/gcc/obj/custom/main.o

.text.proc_main_task
                0x000000008831ac3c      0x9e8
 .text.proc_main_task
                0x000000008831ac3c      0x9e8 build/gcc/obj/custom/main.o
                0x000000008831ac3d                proc_main_task

.text.Dfota_Upgrade_States
                0x000000008831b624       0xc8
 .text.Dfota_Upgrade_States
                0x000000008831b624       0xc8 build/gcc/obj/custom/dfota/src/dfota_main.o

.text.Ql_DFOTA_StartUpgrade
                0x000000008831b6ec       0xfc
 .text.Ql_DFOTA_StartUpgrade
                0x000000008831b6ec       0xfc build/gcc/obj/custom/dfota/src/dfota_main.o
                0x000000008831b6ed                Ql_DFOTA_StartUpgrade

.text.get_ignition_status
                0x000000008831b7e8        0x8
 .text.get_ignition_status
                0x000000008831b7e8        0x8 build/gcc/obj/custom/dfota/src/tracker_functions.o
                0x000000008831b7e9                get_ignition_status

.text.get_last_known_location
                0x000000008831b7f0        0x4
 .text.get_last_known_location
                0x000000008831b7f0        0x4 build/gcc/obj/custom/dfota/src/tracker_functions.o
                0x000000008831b7f1                get_last_known_location

.text.get_mileage
                0x000000008831b7f4        0x4
 .text.get_mileage
                0x000000008831b7f4        0x4 build/gcc/obj/custom/dfota/src/tracker_functions.o
                0x000000008831b7f5                get_mileage

.text.reverse_geocode
                0x000000008831b7f8        0xc
 .text.reverse_geocode
                0x000000008831b7f8        0xc build/gcc/obj/custom/dfota/src/tracker_functions.o
                0x000000008831b7f9                reverse_geocode

.text.get_nearest_places
                0x000000008831b804        0xc
 .text.get_nearest_places
                0x000000008831b804        0xc build/gcc/obj/custom/dfota/src/tracker_functions.o
                0x000000008831b805                get_nearest_places

.text.stop_current_trip
                0x000000008831b810        0x4
 .text.stop_current_trip
                0x000000008831b810        0x4 build/gcc/obj/custom/dfota/src/tracker_functions.o
                0x000000008831b811                stop_current_trip

.text.get_trip_summary
                0x000000008831b814        0x4
 .text.get_trip_summary
                0x000000008831b814        0x4 build/gcc/obj/custom/dfota/src/tracker_functions.o
                0x000000008831b815                get_trip_summary

.text.storage_clear_logs
                0x000000008831b818        0x4
 .text.storage_clear_logs
                0x000000008831b818        0x4 build/gcc/obj/custom/dfota/src/tracker_functions.o
                0x000000008831b819                storage_clear_logs

.text.my_strtok2
                0x000000008831b81c       0x64
 .text.my_strtok2
                0x000000008831b81c       0x64 build/gcc/obj/custom/dfota/src/tracker_functions.o
                0x000000008831b81d                my_strtok2

.text.get_device_imei
                0x000000008831b880       0xcc
 .text.get_device_imei
                0x000000008831b880       0xcc build/gcc/obj/custom/dfota/src/tracker_functions.o
                0x000000008831b881                get_device_imei

.text.ATResponse_IMEI
                0x000000008831b94c       0x9c
 .text.ATResponse_IMEI
                0x000000008831b94c       0x9c build/gcc/obj/custom/dfota/src/tracker_functions.o

.text.get_external_power_status
                0x000000008831b9e8       0xc4
 .text.get_external_power_status
                0x000000008831b9e8       0xc4 build/gcc/obj/custom/dfota/src/tracker_functions.o
                0x000000008831b9e9                get_external_power_status

.text.get_battery_percentage
                0x000000008831baac       0xe4
 .text.get_battery_percentage
                0x000000008831baac       0xe4 build/gcc/obj/custom/dfota/src/tracker_functions.o
                0x000000008831baad                get_battery_percentage

.text.get_gsm_signal_strength
                0x000000008831bb90       0x70
 .text.get_gsm_signal_strength
                0x000000008831bb90       0x70 build/gcc/obj/custom/dfota/src/tracker_functions.o
                0x000000008831bb91                get_gsm_signal_strength

.text.nmea2decimal
                0x000000008831bc00       0x98
 .text.nmea2decimal
                0x000000008831bc00       0x98 build/gcc/obj/custom/dfota/src/gnss_parser.o

.text.parseGPRMC
                0x000000008831bc98       0xa8
 .text.parseGPRMC
                0x000000008831bc98       0xa8 build/gcc/obj/custom/dfota/src/gnss_parser.o
                0x000000008831bc99                parseGPRMC

.text.FTP_Callback_OnDownload
                0x000000008831bd40      0x2b0
 .text.FTP_Callback_OnDownload
                0x000000008831bd40      0x2b0 build/gcc/obj/custom/dfota/src/dfota_ftp.o
                0x000000008831bd41                FTP_Callback_OnDownload

.text.FTP_IsFtpServer
                0x000000008831bff0       0x44
 .text.FTP_IsFtpServer
                0x000000008831bff0       0x44 build/gcc/obj/custom/dfota/src/dfota_ftp.o
                0x000000008831bff1                FTP_IsFtpServer

.text.FTP_DfotaMain
                0x000000008831c034      0x6f0
 .text.FTP_DfotaMain
                0x000000008831c034      0x6f0 build/gcc/obj/custom/dfota/src/dfota_ftp.o
                0x000000008831c035                FTP_DfotaMain

.text.quectel_stricmp_bylength
                0x000000008831c724       0x68
 .text.quectel_stricmp_bylength
                0x000000008831c724       0x68 build/gcc/obj/custom/dfota/src/dfota_http_code.o
                0x000000008831c725                quectel_stricmp_bylength

.text.http_ip_check
                0x000000008831c78c       0x38
 .text.http_ip_check
                0x000000008831c78c       0x38 build/gcc/obj/custom/dfota/src/dfota_http_code.o
                0x000000008831c78d                http_ip_check

.text.find_linesymbol
                0x000000008831c7c4       0x50
 .text.find_linesymbol
                0x000000008831c7c4       0x50 build/gcc/obj/custom/dfota/src/dfota_http_code.o
                0x000000008831c7c5                find_linesymbol

.text.http_DecodeHeader
                0x000000008831c814      0x1d0
 .text.http_DecodeHeader
                0x000000008831c814      0x1d0 build/gcc/obj/custom/dfota/src/dfota_http_code.o
                0x000000008831c815                http_DecodeHeader

.text.http_DecodeURL
                0x000000008831c9e4      0x288
 .text.http_DecodeURL
                0x000000008831c9e4      0x288 build/gcc/obj/custom/dfota/src/dfota_http_code.o
                0x000000008831c9e5                http_DecodeURL

.text.HttpCallback_GPRS_Actived
                0x000000008831cc6c        0x4
 .text.HttpCallback_GPRS_Actived
                0x000000008831cc6c        0x4 build/gcc/obj/custom/dfota/src/dfota_http.o
                0x000000008831cc6d                HttpCallback_GPRS_Actived

.text.HttpCallBack_GPRS_Deactived
                0x000000008831cc70        0x4
 .text.HttpCallBack_GPRS_Deactived
                0x000000008831cc70        0x4 build/gcc/obj/custom/dfota/src/dfota_http.o
                0x000000008831cc71                HttpCallBack_GPRS_Deactived

.text.Httpcallback_socket_connect
                0x000000008831cc74        0x4
 .text.Httpcallback_socket_connect
                0x000000008831cc74        0x4 build/gcc/obj/custom/dfota/src/dfota_http.o
                0x000000008831cc75                Httpcallback_socket_connect

.text.Httpcallback_socket_close
                0x000000008831cc78        0x4
 .text.Httpcallback_socket_close
                0x000000008831cc78        0x4 build/gcc/obj/custom/dfota/src/dfota_http.o
                0x000000008831cc79                Httpcallback_socket_close

.text.Httpcallback_socket_accept
                0x000000008831cc7c        0x4
 .text.Httpcallback_socket_accept
                0x000000008831cc7c        0x4 build/gcc/obj/custom/dfota/src/dfota_http.o
                0x000000008831cc7d                Httpcallback_socket_accept

.text.Httpcallback_socket_write
                0x000000008831cc80        0x4
 .text.Httpcallback_socket_write
                0x000000008831cc80        0x4 build/gcc/obj/custom/dfota/src/dfota_http.o
                0x000000008831cc81                Httpcallback_socket_write

.text.http_RecvHttpChunkedBody
                0x000000008831cc84       0x34
 .text.http_RecvHttpChunkedBody
                0x000000008831cc84       0x34 build/gcc/obj/custom/dfota/src/dfota_http.o
                0x000000008831cc85                http_RecvHttpChunkedBody

.text.http_TimerCallback
                0x000000008831ccb8       0x5c
 .text.http_TimerCallback
                0x000000008831ccb8       0x5c build/gcc/obj/custom/dfota/src/dfota_http.o
                0x000000008831ccb9                http_TimerCallback

.text.http_RecvHttpBody
                0x000000008831cd14      0x278
 .text.http_RecvHttpBody
                0x000000008831cd14      0x278 build/gcc/obj/custom/dfota/src/dfota_http.o
                0x000000008831cd15                http_RecvHttpBody

.text.http_RecvHttpHead
                0x000000008831cf8c      0x1b4
 .text.http_RecvHttpHead
                0x000000008831cf8c      0x1b4 build/gcc/obj/custom/dfota/src/dfota_http.o
                0x000000008831cf8d                http_RecvHttpHead

.text.Httpcallback_socket_read
                0x000000008831d140       0xa0
 .text.Httpcallback_socket_read
                0x000000008831d140       0xa0 build/gcc/obj/custom/dfota/src/dfota_http.o
                0x000000008831d141                Httpcallback_socket_read

.text.http_initialize
                0x000000008831d1e0       0x9c
 .text.http_initialize
                0x000000008831d1e0       0x9c build/gcc/obj/custom/dfota/src/dfota_http.o
                0x000000008831d1e1                http_initialize

.text.http_SendHttpGetHead
                0x000000008831d27c      0x300
 .text.http_SendHttpGetHead
                0x000000008831d27c      0x300 build/gcc/obj/custom/dfota/src/dfota_http.o
                0x000000008831d27d                http_SendHttpGetHead

.text.http_GetImagefilefromServer
                0x000000008831d57c      0x1d4
 .text.http_GetImagefilefromServer
                0x000000008831d57c      0x1d4 build/gcc/obj/custom/dfota/src/dfota_http.o
                0x000000008831d57d                http_GetImagefilefromServer

.text.Callback_GetIpByHostName
                0x000000008831d750       0x40
 .text.Callback_GetIpByHostName
                0x000000008831d750       0x40 build/gcc/obj/custom/dfota/src/dfota_http.o
                0x000000008831d751                Callback_GetIpByHostName

.text.HTTP_DfotaMain
                0x000000008831d790      0x338
 .text.HTTP_DfotaMain
                0x000000008831d790      0x338 build/gcc/obj/custom/dfota/src/dfota_http.o
                0x000000008831d791                HTTP_DfotaMain

.text.HTTP_IsHttpServer
                0x000000008831dac8       0x44
 .text.HTTP_IsHttpServer
                0x000000008831dac8       0x44 build/gcc/obj/custom/dfota/src/dfota_http.o
                0x000000008831dac9                HTTP_IsHttpServer

.text.isspace   0x000000008831db0c       0x2c
 .text.isspace  0x000000008831db0c       0x2c build/gcc/obj/custom/dfota/src/json_parser.o
                0x000000008831db0d                isspace

.text.extract_array
                0x000000008831db38       0x88
 .text.extract_array
                0x000000008831db38       0x88 build/gcc/obj/custom/dfota/src/json_parser.o
                0x000000008831db39                extract_array

.text.extract_string
                0x000000008831dbc0       0x84
 .text.extract_string
                0x000000008831dbc0       0x84 build/gcc/obj/custom/dfota/src/json_parser.o
                0x000000008831dbc1                extract_string

.text.extract_int
                0x000000008831dc44       0x68
 .text.extract_int
                0x000000008831dc44       0x68 build/gcc/obj/custom/dfota/src/json_parser.o
                0x000000008831dc45                extract_int

.text.str_to_upper
                0x000000008831dcac       0x20
 .text.str_to_upper
                0x000000008831dcac       0x20 build/gcc/obj/custom/dfota/src/sms_command.o
                0x000000008831dcad                str_to_upper

.text.cleanAlpha
                0x000000008831dccc       0x3c
 .text.cleanAlpha
                0x000000008831dccc       0x3c build/gcc/obj/custom/dfota/src/sms_command.o
                0x000000008831dccd                cleanAlpha

.text.cleanString
                0x000000008831dd08       0x48
 .text.cleanString
                0x000000008831dd08       0x48 build/gcc/obj/custom/dfota/src/sms_command.o
                0x000000008831dd09                cleanString

.text.readAlphabetFromFlash
                0x000000008831dd50       0x6c
 .text.readAlphabetFromFlash
                0x000000008831dd50       0x6c build/gcc/obj/custom/dfota/src/sms_command.o
                0x000000008831dd51                readAlphabetFromFlash

.text.readFromFlashString
                0x000000008831ddbc       0x6c
 .text.readFromFlashString
                0x000000008831ddbc       0x6c build/gcc/obj/custom/dfota/src/sms_command.o
                0x000000008831ddbd                readFromFlashString

.text.readFromFlash
                0x000000008831de28       0x60
 .text.readFromFlash
                0x000000008831de28       0x60 build/gcc/obj/custom/dfota/src/sms_command.o
                0x000000008831de29                readFromFlash

.text.saveBytesToFlash
                0x000000008831de88       0xc0
 .text.saveBytesToFlash
                0x000000008831de88       0xc0 build/gcc/obj/custom/dfota/src/sms_command.o
                0x000000008831de89                saveBytesToFlash

.text.my_strtok
                0x000000008831df48       0x64
 .text.my_strtok
                0x000000008831df48       0x64 build/gcc/obj/custom/dfota/src/sms_command.o
                0x000000008831df49                my_strtok

.text.extract_key_value
                0x000000008831dfac       0x6c
 .text.extract_key_value
                0x000000008831dfac       0x6c build/gcc/obj/custom/dfota/src/sms_command.o
                0x000000008831dfad                extract_key_value

.text.is_authorized
                0x000000008831e018      0x12c
 .text.is_authorized
                0x000000008831e018      0x12c build/gcc/obj/custom/dfota/src/sms_command.o

.text.sms_reply
                0x000000008831e144       0x8c
 .text.sms_reply
                0x000000008831e144       0x8c build/gcc/obj/custom/dfota/src/sms_command.o
                0x000000008831e145                sms_reply

.text.handle_getreport_command
                0x000000008831e1d0      0x224
 .text.handle_getreport_command
                0x000000008831e1d0      0x224 build/gcc/obj/custom/dfota/src/sms_command.o

.text.handle_listuser_command
                0x000000008831e3f4      0x184
 .text.handle_listuser_command
                0x000000008831e3f4      0x184 build/gcc/obj/custom/dfota/src/sms_command.o

.text.handle_deluser_command
                0x000000008831e578      0x168
 .text.handle_deluser_command
                0x000000008831e578      0x168 build/gcc/obj/custom/dfota/src/sms_command.o

.text.handle_time_command
                0x000000008831e6e0       0xe0
 .text.handle_time_command
                0x000000008831e6e0       0xe0 build/gcc/obj/custom/dfota/src/sms_command.o

.text.handle_alarm_command
                0x000000008831e7c0       0xa4
 .text.handle_alarm_command
                0x000000008831e7c0       0xa4 build/gcc/obj/custom/dfota/src/sms_command.o

.text.handle_speed_command
                0x000000008831e864      0x12c
 .text.handle_speed_command
                0x000000008831e864      0x12c build/gcc/obj/custom/dfota/src/sms_command.o

.text.handle_mainpower_command
                0x000000008831e990       0xc0
 .text.handle_mainpower_command
                0x000000008831e990       0xc0 build/gcc/obj/custom/dfota/src/sms_command.o

.text.handle_ignition_command
                0x000000008831ea50       0xd8
 .text.handle_ignition_command
                0x000000008831ea50       0xd8 build/gcc/obj/custom/dfota/src/sms_command.o

.text.handle_shock_command
                0x000000008831eb28       0xac
 .text.handle_shock_command
                0x000000008831eb28       0xac build/gcc/obj/custom/dfota/src/sms_command.o

.text.handle_heartbeat_command
                0x000000008831ebd4       0xd0
 .text.handle_heartbeat_command
                0x000000008831ebd4       0xd0 build/gcc/obj/custom/dfota/src/sms_command.o

.text.handle_setImei
                0x000000008831eca4      0x1b0
 .text.handle_setImei
                0x000000008831eca4      0x1b0 build/gcc/obj/custom/dfota/src/sms_command.o

.text.handle_setIp
                0x000000008831ee54      0x238
 .text.handle_setIp
                0x000000008831ee54      0x238 build/gcc/obj/custom/dfota/src/sms_command.o

.text.handle_sms_command
                0x000000008831f08c      0x10c
 .text.handle_sms_command
                0x000000008831f08c      0x10c build/gcc/obj/custom/dfota/src/sms_command.o

.text.handle_status_command
                0x000000008831f198       0x90
 .text.handle_status_command
                0x000000008831f198       0x90 build/gcc/obj/custom/dfota/src/sms_command.o

.text.handle_www_command
                0x000000008831f228      0x638
 .text.handle_www_command
                0x000000008831f228      0x638 build/gcc/obj/custom/dfota/src/sms_command.o

.text.handle_find_command
                0x000000008831f860      0x234
 .text.handle_find_command
                0x000000008831f860      0x234 build/gcc/obj/custom/dfota/src/sms_command.o

.text.handle_trip_command
                0x000000008831fa94      0x114
 .text.handle_trip_command
                0x000000008831fa94      0x114 build/gcc/obj/custom/dfota/src/sms_command.o

.text.handle_listen_command
                0x000000008831fba8       0x88
 .text.handle_listen_command
                0x000000008831fba8       0x88 build/gcc/obj/custom/dfota/src/sms_command.o

.text.handle_disable_command
                0x000000008831fc30       0xe0
 .text.handle_disable_command
                0x000000008831fc30       0xe0 build/gcc/obj/custom/dfota/src/sms_command.o

.text.handle_logger_command
                0x000000008831fd10       0x50
 .text.handle_logger_command
                0x000000008831fd10       0x50 build/gcc/obj/custom/dfota/src/sms_command.o

.text.sms_pump  0x000000008831fd60     0x11ec
 .text.sms_pump
                0x000000008831fd60     0x11ec build/gcc/obj/custom/dfota/src/sms_command.o
                0x000000008831fd61                sms_pump

.text.cos       0x0000000088320f50       0xa8
 .text.cos      0x0000000088320f50       0xa8 libs/gcc/fplibm.lib(s_cos.o)
                0x0000000088320f51                cos

.text.sin       0x0000000088320ff8       0xa8
 .text.sin      0x0000000088320ff8       0xa8 libs/gcc/fplibm.lib(s_sin.o)
                0x0000000088320ff9                sin

.text.atan2     0x00000000883210a0       0x10
 .text.atan2    0x00000000883210a0       0x10 libs/gcc/fplibm.lib(w_atan2.o)
                0x00000000883210a1                atan2

.text.sqrt      0x00000000883210b0       0x10
 .text.sqrt     0x00000000883210b0       0x10 libs/gcc/fplibm.lib(w_sqrt.o)
                0x00000000883210b1                sqrt

.text.__ieee754_atan2
                0x00000000883210c0      0x1e0
 .text.__ieee754_atan2
                0x00000000883210c0      0x1e0 libs/gcc/fplibm.lib(e_atan2.o)
                0x00000000883210c1                __ieee754_atan2

.text.__ieee754_rem_pio2
                0x00000000883212a0      0x488
 .text.__ieee754_rem_pio2
                0x00000000883212a0      0x488 libs/gcc/fplibm.lib(e_rem_pio2.o)
                0x00000000883212a1                __ieee754_rem_pio2

.text.__ieee754_sqrt
                0x0000000088321728      0x1a4
 .text.__ieee754_sqrt
                0x0000000088321728      0x1a4 libs/gcc/fplibm.lib(e_sqrt.o)
                0x0000000088321729                __ieee754_sqrt

.text.__kernel_cos
                0x00000000883218d0      0x208
 .text.__kernel_cos
                0x00000000883218d0      0x208 libs/gcc/fplibm.lib(k_cos.o)
                0x00000000883218d1                __kernel_cos

.text.__kernel_rem_pio2
                0x0000000088321ad8      0x880
 .text.__kernel_rem_pio2
                0x0000000088321ad8      0x880 libs/gcc/fplibm.lib(k_rem_pio2.o)
                0x0000000088321ad9                __kernel_rem_pio2

.text.__kernel_sin
                0x0000000088322358      0x1a0
 .text.__kernel_sin
                0x0000000088322358      0x1a0 libs/gcc/fplibm.lib(k_sin.o)
                0x0000000088322359                __kernel_sin

.text.atan      0x00000000883224f8      0x3d0
 .text.atan     0x00000000883224f8      0x3d0 libs/gcc/fplibm.lib(s_atan.o)
                0x00000000883224f9                atan

.text.floor     0x00000000883228c8      0x150
 .text.floor    0x00000000883228c8      0x150 libs/gcc/fplibm.lib(s_floor.o)
                0x00000000883228c9                floor

.text.scalbn    0x0000000088322a18      0x110
 .text.scalbn   0x0000000088322a18      0x110 libs/gcc/fplibm.lib(s_scalbn.o)
                0x0000000088322a19                scalbn

.text.Ql_ADC_Open
                0x0000000088322b28       0x44
 .text.Ql_ADC_Open
                0x0000000088322b28       0x44 libs/gcc/app_start.lib(adc.o)
                0x0000000088322b29                Ql_ADC_Open

.text.Ql_ADC_Read
                0x0000000088322b6c       0x44
 .text.Ql_ADC_Read
                0x0000000088322b6c       0x44 libs/gcc/app_start.lib(adc.o)
                0x0000000088322b6d                Ql_ADC_Read

.text.Ql_ADC_Close
                0x0000000088322bb0       0x40
 .text.Ql_ADC_Close
                0x0000000088322bb0       0x40 libs/gcc/app_start.lib(adc.o)
                0x0000000088322bb1                Ql_ADC_Close

.text.Ql_Timer_Register
                0x0000000088322bf0       0x48
 .text.Ql_Timer_Register
                0x0000000088322bf0       0x48 libs/gcc/app_start.lib(timer.o)
                0x0000000088322bf1                Ql_Timer_Register

.text.Ql_Timer_RegisterFast
                0x0000000088322c38       0x48
 .text.Ql_Timer_RegisterFast
                0x0000000088322c38       0x48 libs/gcc/app_start.lib(timer.o)
                0x0000000088322c39                Ql_Timer_RegisterFast

.text.Ql_Timer_Start
                0x0000000088322c80       0x4c
 .text.Ql_Timer_Start
                0x0000000088322c80       0x4c libs/gcc/app_start.lib(timer.o)
                0x0000000088322c81                Ql_Timer_Start

.text.Ql_Timer_Stop
                0x0000000088322ccc       0x40
 .text.Ql_Timer_Stop
                0x0000000088322ccc       0x40 libs/gcc/app_start.lib(timer.o)
                0x0000000088322ccd                Ql_Timer_Stop

.text.Ql_GPRS_GetPDPCntxtState
                0x0000000088322d0c       0x44
 .text.Ql_GPRS_GetPDPCntxtState
                0x0000000088322d0c       0x44 libs/gcc/app_start.lib(gprs.o)
                0x0000000088322d0d                Ql_GPRS_GetPDPCntxtState

.text.Ql_GPRS_GetPDPContextId
                0x0000000088322d50       0x3c
 .text.Ql_GPRS_GetPDPContextId
                0x0000000088322d50       0x3c libs/gcc/app_start.lib(gprs.o)
                0x0000000088322d51                Ql_GPRS_GetPDPContextId

.text.Ql_GPRS_Config
                0x0000000088322d8c       0x44
 .text.Ql_GPRS_Config
                0x0000000088322d8c       0x44 libs/gcc/app_start.lib(gprs.o)
                0x0000000088322d8d                Ql_GPRS_Config

.text.Ql_GPRS_Register
                0x0000000088322dd0       0x48
 .text.Ql_GPRS_Register
                0x0000000088322dd0       0x48 libs/gcc/app_start.lib(gprs.o)
                0x0000000088322dd1                Ql_GPRS_Register

.text.Ql_GPRS_Activate
                0x0000000088322e18       0x44
 .text.Ql_GPRS_Activate
                0x0000000088322e18       0x44 libs/gcc/app_start.lib(gprs.o)
                0x0000000088322e19                Ql_GPRS_Activate

.text.Ql_GPRS_ActivateEx
                0x0000000088322e5c       0x48
 .text.Ql_GPRS_ActivateEx
                0x0000000088322e5c       0x48 libs/gcc/app_start.lib(gprs.o)
                0x0000000088322e5d                Ql_GPRS_ActivateEx

.text.Ql_GPRS_Deactivate
                0x0000000088322ea4       0x44
 .text.Ql_GPRS_Deactivate
                0x0000000088322ea4       0x44 libs/gcc/app_start.lib(gprs.o)
                0x0000000088322ea5                Ql_GPRS_Deactivate

.text.Ql_GPRS_DeactivateEx
                0x0000000088322ee8       0x48
 .text.Ql_GPRS_DeactivateEx
                0x0000000088322ee8       0x48 libs/gcc/app_start.lib(gprs.o)
                0x0000000088322ee9                Ql_GPRS_DeactivateEx

.text.Ql_GPRS_GetLocalIPAddress
                0x0000000088322f30       0x44
 .text.Ql_GPRS_GetLocalIPAddress
                0x0000000088322f30       0x44 libs/gcc/app_start.lib(gprs.o)
                0x0000000088322f31                Ql_GPRS_GetLocalIPAddress

.text.Ql_GPRS_GetDNSAddress
                0x0000000088322f74       0x48
 .text.Ql_GPRS_GetDNSAddress
                0x0000000088322f74       0x48 libs/gcc/app_start.lib(gprs.o)
                0x0000000088322f75                Ql_GPRS_GetDNSAddress

.text.Ql_GPRS_SetDNSAddress
                0x0000000088322fbc       0x48
 .text.Ql_GPRS_SetDNSAddress
                0x0000000088322fbc       0x48 libs/gcc/app_start.lib(gprs.o)
                0x0000000088322fbd                Ql_GPRS_SetDNSAddress

.text.Ql_AUD_PlayBuf
                0x0000000088323004       0x70
 .text.Ql_AUD_PlayBuf
                0x0000000088323004       0x70 libs/gcc/app_start.lib(ql_func.o)
                0x0000000088323005                Ql_AUD_PlayBuf

.text.Ql_AUD_StopPlayBuf
                0x0000000088323074       0x38
 .text.Ql_AUD_StopPlayBuf
                0x0000000088323074       0x38 libs/gcc/app_start.lib(ql_func.o)
                0x0000000088323075                Ql_AUD_StopPlayBuf

.text.Ql_AUD_GetStatusPlaybuf
                0x00000000883230ac       0x3c
 .text.Ql_AUD_GetStatusPlaybuf
                0x00000000883230ac       0x3c libs/gcc/app_start.lib(ql_func.o)
                0x00000000883230ad                Ql_AUD_GetStatusPlaybuf

.text.Ql_StartPlayAudioStream
                0x00000000883230e8       0x6c
 .text.Ql_StartPlayAudioStream
                0x00000000883230e8       0x6c libs/gcc/app_start.lib(ql_func.o)
                0x00000000883230e9                Ql_StartPlayAudioStream

.text.Ql_StopPlayAudioStream
                0x0000000088323154       0x3c
 .text.Ql_StopPlayAudioStream
                0x0000000088323154       0x3c libs/gcc/app_start.lib(ql_func.o)
                0x0000000088323155                Ql_StopPlayAudioStream

.text.Ql_GetRelativeTime_Counter
                0x0000000088323190       0x3c
 .text.Ql_GetRelativeTime_Counter
                0x0000000088323190       0x3c libs/gcc/app_start.lib(ql_func.o)
                0x0000000088323191                Ql_GetRelativeTime_Counter

.text.Ql_SecondToTicks
                0x00000000883231cc       0x40
 .text.Ql_SecondToTicks
                0x00000000883231cc       0x40 libs/gcc/app_start.lib(ql_func.o)
                0x00000000883231cd                Ql_SecondToTicks

.text.Ql_MillisecondToTicks
                0x000000008832320c       0x40
 .text.Ql_MillisecondToTicks
                0x000000008832320c       0x40 libs/gcc/app_start.lib(ql_func.o)
                0x000000008832320d                Ql_MillisecondToTicks

.text.Ql_CalendarTime2LocalTime
                0x000000008832324c       0x48
 .text.Ql_CalendarTime2LocalTime
                0x000000008832324c       0x48 libs/gcc/app_start.lib(ql_func.o)
                0x000000008832324d                Ql_CalendarTime2LocalTime

.text.Ql_osChangeTaskPriority
                0x0000000088323294       0x44
 .text.Ql_osChangeTaskPriority
                0x0000000088323294       0x44 libs/gcc/app_start.lib(ql_func.o)
                0x0000000088323295                Ql_osChangeTaskPriority

.text.Ql_OS_GetMessage
                0x00000000883232d8       0x40
 .text.Ql_OS_GetMessage
                0x00000000883232d8       0x40 libs/gcc/app_start.lib(taskMngt.o)
                0x00000000883232d9                Ql_OS_GetMessage

.text.Ql_OS_SendMessage
                0x0000000088323318       0x4c
 .text.Ql_OS_SendMessage
                0x0000000088323318       0x4c libs/gcc/app_start.lib(taskMngt.o)
                0x0000000088323319                Ql_OS_SendMessage

.text.Ql_OS_CreateMutex
                0x0000000088323364       0x40
 .text.Ql_OS_CreateMutex
                0x0000000088323364       0x40 libs/gcc/app_start.lib(taskMngt.o)
                0x0000000088323365                Ql_OS_CreateMutex

.text.Ql_OS_TakeMutex
                0x00000000883233a4       0x3c
 .text.Ql_OS_TakeMutex
                0x00000000883233a4       0x3c libs/gcc/app_start.lib(taskMngt.o)
                0x00000000883233a5                Ql_OS_TakeMutex

.text.Ql_OS_GiveMutex
                0x00000000883233e0       0x3c
 .text.Ql_OS_GiveMutex
                0x00000000883233e0       0x3c libs/gcc/app_start.lib(taskMngt.o)
                0x00000000883233e1                Ql_OS_GiveMutex

.text.Ql_OS_CreateSemaphore
                0x000000008832341c       0x44
 .text.Ql_OS_CreateSemaphore
                0x000000008832341c       0x44 libs/gcc/app_start.lib(taskMngt.o)
                0x000000008832341d                Ql_OS_CreateSemaphore

.text.Ql_OS_TakeSemaphore
                0x0000000088323460       0x48
 .text.Ql_OS_TakeSemaphore
                0x0000000088323460       0x48 libs/gcc/app_start.lib(taskMngt.o)
                0x0000000088323461                Ql_OS_TakeSemaphore

.text.Ql_OS_GiveSemaphore
                0x00000000883234a8       0x3c
 .text.Ql_OS_GiveSemaphore
                0x00000000883234a8       0x3c libs/gcc/app_start.lib(taskMngt.o)
                0x00000000883234a9                Ql_OS_GiveSemaphore

.text.Ql_OS_CreateEvent
                0x00000000883234e4       0x40
 .text.Ql_OS_CreateEvent
                0x00000000883234e4       0x40 libs/gcc/app_start.lib(taskMngt.o)
                0x00000000883234e5                Ql_OS_CreateEvent

.text.Ql_OS_WaitEvent
                0x0000000088323524       0x44
 .text.Ql_OS_WaitEvent
                0x0000000088323524       0x44 libs/gcc/app_start.lib(taskMngt.o)
                0x0000000088323525                Ql_OS_WaitEvent

.text.Ql_OS_SetEvent
                0x0000000088323568       0x44
 .text.Ql_OS_SetEvent
                0x0000000088323568       0x44 libs/gcc/app_start.lib(taskMngt.o)
                0x0000000088323569                Ql_OS_SetEvent

.text.Ql_OS_GetActiveTaskId
                0x00000000883235ac       0x3c
 .text.Ql_OS_GetActiveTaskId
                0x00000000883235ac       0x3c libs/gcc/app_start.lib(taskMngt.o)
                0x00000000883235ad                Ql_OS_GetActiveTaskId

.text.Ql_OS_SetLastErrorCode
                0x00000000883235e8       0x40
 .text.Ql_OS_SetLastErrorCode
                0x00000000883235e8       0x40 libs/gcc/app_start.lib(taskMngt.o)
                0x00000000883235e9                Ql_OS_SetLastErrorCode

.text.Ql_OS_GetLastErrorCode
                0x0000000088323628       0x3c
 .text.Ql_OS_GetLastErrorCode
                0x0000000088323628       0x3c libs/gcc/app_start.lib(taskMngt.o)
                0x0000000088323629                Ql_OS_GetLastErrorCode

.text.Ql_OS_GetCurrentTaskPriority
                0x0000000088323664       0x3c
 .text.Ql_OS_GetCurrentTaskPriority
                0x0000000088323664       0x3c libs/gcc/app_start.lib(taskMngt.o)
                0x0000000088323665                Ql_OS_GetCurrentTaskPriority

.text.Ql_OS_GetCurrenTaskLeftStackSize
                0x00000000883236a0       0x3c
 .text.Ql_OS_GetCurrenTaskLeftStackSize
                0x00000000883236a0       0x3c libs/gcc/app_start.lib(taskMngt.o)
                0x00000000883236a1                Ql_OS_GetCurrenTaskLeftStackSize

.text.Ql_DFOTA_Init
                0x00000000883236dc       0x40
 .text.Ql_DFOTA_Init
                0x00000000883236dc       0x40 libs/gcc/app_start.lib(fota.o)
                0x00000000883236dd                Ql_DFOTA_Init

.text.Ql_DFOTA_WriteData
                0x000000008832371c       0x44
 .text.Ql_DFOTA_WriteData
                0x000000008832371c       0x44 libs/gcc/app_start.lib(fota.o)
                0x000000008832371d                Ql_DFOTA_WriteData

.text.Ql_DFOTA_Finish
                0x0000000088323760       0x3c
 .text.Ql_DFOTA_Finish
                0x0000000088323760       0x3c libs/gcc/app_start.lib(fota.o)
                0x0000000088323761                Ql_DFOTA_Finish

.text.Ql_DFOTA_ReadData
                0x000000008832379c       0x48
 .text.Ql_DFOTA_ReadData
                0x000000008832379c       0x48 libs/gcc/app_start.lib(fota.o)
                0x000000008832379d                Ql_DFOTA_ReadData

.text.Ql_DFOTA_Update
                0x00000000883237e4       0x3c
 .text.Ql_DFOTA_Update
                0x00000000883237e4       0x3c libs/gcc/app_start.lib(fota.o)
                0x00000000883237e5                Ql_DFOTA_Update

.text.memset    0x0000000088323820       0x70
 .text.memset   0x0000000088323820       0x70 libs/gcc/app_start.lib(ql_main.o)
                0x0000000088323821                memset

.text.memcpy    0x0000000088323890      0x180
 .text.memcpy   0x0000000088323890      0x180 libs/gcc/app_start.lib(ql_main.o)
                0x0000000088323891                memcpy

.text.ql_InitVFunc
                0x0000000088323a10       0x80
 .text.ql_InitVFunc
                0x0000000088323a10       0x80 libs/gcc/app_start.lib(ql_main.o)
                0x0000000088323a11                ql_InitVFunc

.text.ocpu_main
                0x0000000088323a90       0xe4
 .text.ocpu_main
                0x0000000088323a90       0xe4 libs/gcc/app_start.lib(ql_main.o)
                0x0000000088323a91                ocpu_main

.text.Ql_MEM_Alloc
                0x0000000088323b74       0x54
 .text.Ql_MEM_Alloc
                0x0000000088323b74       0x54 libs/gcc/app_start.lib(memory.o)
                0x0000000088323b75                Ql_MEM_Alloc

.text.Ql_MEM_Free
                0x0000000088323bc8       0x54
 .text.Ql_MEM_Free
                0x0000000088323bc8       0x54 libs/gcc/app_start.lib(memory.o)
                0x0000000088323bc9                Ql_MEM_Free

.text.set_errCode
                0x0000000088323c1c        0xc
 .text.set_errCode
                0x0000000088323c1c        0xc libs/gcc/app_start.lib(ril_main.o)

.text.get_errCode
                0x0000000088323c28        0xc
 .text.get_errCode
                0x0000000088323c28        0xc libs/gcc/app_start.lib(ril_main.o)

.text.get_ril_init_status
                0x0000000088323c34        0xc
 .text.get_ril_init_status
                0x0000000088323c34        0xc libs/gcc/app_start.lib(ril_main.o)
                0x0000000088323c35                get_ril_init_status

.text.startWithSpecialChar
                0x0000000088323c40       0x1c
 .text.startWithSpecialChar
                0x0000000088323c40       0x1c libs/gcc/app_start.lib(ril_main.o)

.text.Ql_Mqtt_Recv_Register
                0x0000000088323c5c       0x14
 .text.Ql_Mqtt_Recv_Register
                0x0000000088323c5c       0x14 libs/gcc/app_start.lib(ril_main.o)
                0x0000000088323c5d                Ql_Mqtt_Recv_Register

.text.Ql_RIL_WriteDataToCore
                0x0000000088323c70       0x18
 .text.Ql_RIL_WriteDataToCore
                0x0000000088323c70       0x18 libs/gcc/app_start.lib(ril_main.o)
                0x0000000088323c71                Ql_RIL_WriteDataToCore

.text.Ql_RIL_GetLine
                0x0000000088323c88       0xd0
 .text.Ql_RIL_GetLine
                0x0000000088323c88       0xd0 libs/gcc/app_start.lib(ril_main.o)

.text.isLimitedCmd
                0x0000000088323d58       0x3c
 .text.isLimitedCmd
                0x0000000088323d58       0x3c libs/gcc/app_start.lib(ril_main.o)

.text.Ql_RIL_SendATCmd
                0x0000000088323d94      0x1b0
 .text.Ql_RIL_SendATCmd
                0x0000000088323d94      0x1b0 libs/gcc/app_start.lib(ril_main.o)
                0x0000000088323d95                Ql_RIL_SendATCmd

.text.Ql_RIL_Initialize
                0x0000000088323f44       0x90
 .text.Ql_RIL_Initialize
                0x0000000088323f44       0x90 libs/gcc/app_start.lib(ril_main.o)
                0x0000000088323f45                Ql_RIL_Initialize

.text.ril_StopATTimer
                0x0000000088323fd4       0x20
 .text.ril_StopATTimer
                0x0000000088323fd4       0x20 libs/gcc/app_start.lib(ril_main.o)

.text.Callback_OnATTimer
                0x0000000088323ff4       0x30
 .text.Callback_OnATTimer
                0x0000000088323ff4       0x30 libs/gcc/app_start.lib(ril_main.o)

.text.ril_StartATTimer
                0x0000000088324024       0x28
 .text.ril_StartATTimer
                0x0000000088324024       0x28 libs/gcc/app_start.lib(ril_main.o)

.text.proc_ril_task
                0x000000008832404c      0x114
 .text.proc_ril_task
                0x000000008832404c      0x114 libs/gcc/app_start.lib(ril_main.o)
                0x000000008832404d                proc_ril_task

.text.Read_SerialPort
                0x0000000088324160       0x50
 .text.Read_SerialPort
                0x0000000088324160       0x50 libs/gcc/app_start.lib(ril_main.o)

.text.CallBack_SerialPort_Hdlr
                0x00000000883241b0      0x258
 .text.CallBack_SerialPort_Hdlr
                0x00000000883241b0      0x258 libs/gcc/app_start.lib(ril_main.o)

.text.proc_urc_task
                0x0000000088324408       0x38
 .text.proc_urc_task
                0x0000000088324408       0x38 libs/gcc/app_start.lib(ril_aux.o)
                0x0000000088324409                proc_urc_task

.text.Ql_GPIO_Init
                0x0000000088324440       0x4c
 .text.Ql_GPIO_Init
                0x0000000088324440       0x4c libs/gcc/app_start.lib(gpio.o)
                0x0000000088324441                Ql_GPIO_Init

.text.Ql_GPIO_SetLevel
                0x000000008832448c       0x44
 .text.Ql_GPIO_SetLevel
                0x000000008832448c       0x44 libs/gcc/app_start.lib(gpio.o)
                0x000000008832448d                Ql_GPIO_SetLevel

.text.Ql_GPIO_GetLevel
                0x00000000883244d0       0x40
 .text.Ql_GPIO_GetLevel
                0x00000000883244d0       0x40 libs/gcc/app_start.lib(gpio.o)
                0x00000000883244d1                Ql_GPIO_GetLevel

.text.Ql_GPIO_SetDirection
                0x0000000088324510       0x44
 .text.Ql_GPIO_SetDirection
                0x0000000088324510       0x44 libs/gcc/app_start.lib(gpio.o)
                0x0000000088324511                Ql_GPIO_SetDirection

.text.Ql_GPIO_GetDirection