mkdir -p build/gcc/obj
- Building build/gcc/obj/custom/config/custom_sys_cfg.o
- Building build/gcc/obj/custom/config/sys_config.o
- Building build/gcc/obj/ril/src/ril_audio.o
ril/src/ril_audio.c: In function 'RIL_AUD_SetVolume':
ril/src/ril_audio.c:116: warning: unused variable 'channel'
ril/src/ril_audio.c: At top level:
ril/src/ril_audio.c:79: warning: 's_channel_qmic' defined but not used
ril/src/ril_audio.c:303: warning: 'parse_cmd_qmic' defined but not used
- Building build/gcc/obj/ril/src/ril_custom.o
- Building build/gcc/obj/ril/src/ril_http.o
- Building build/gcc/obj/ril/src/ril_urc.o
ril/src/ril_urc.c: In function 'OnURCHandler_MQTT_OPEN':
ril/src/ril_urc.c:650: warning: passing argument 4 of 'Ql_OS_SendMessage' makes integer from pointer without a cast
include/ql_system.h:244: note: expected 'u32' but argument is of type 'struct MQTT_Urc_Param_t *'
ril/src/ril_urc.c: In function 'OnURCHandler_MQTT_CONN':
ril/src/ril_urc.c:686: warning: passing argument 4 of 'Ql_OS_SendMessage' makes integer from pointer without a cast
include/ql_system.h:244: note: expected 'u32' but argument is of type 'struct MQTT_Urc_Param_t *'
ril/src/ril_urc.c: In function 'OnURCHandler_MQTT_SUB':
ril/src/ril_urc.c:721: warning: array subscript has type 'char'
ril/src/ril_urc.c:725: warning: array subscript has type 'char'
ril/src/ril_urc.c:730: warning: passing argument 4 of 'Ql_OS_SendMessage' makes integer from pointer without a cast
include/ql_system.h:244: note: expected 'u32' but argument is of type 'struct MQTT_Urc_Param_t *'
ril/src/ril_urc.c: In function 'OnURCHandler_MQTT_PUB':
ril/src/ril_urc.c:771: warning: passing argument 4 of 'Ql_OS_SendMessage' makes integer from pointer without a cast
include/ql_system.h:244: note: expected 'u32' but argument is of type 'struct MQTT_Urc_Param_t *'
ril/src/ril_urc.c: In function 'OnURCHandler_MQTT_TUNS':
ril/src/ril_urc.c:800: warning: passing argument 4 of 'Ql_OS_SendMessage' makes integer from pointer without a cast
include/ql_system.h:244: note: expected 'u32' but argument is of type 'struct MQTT_Urc_Param_t *'
ril/src/ril_urc.c: In function 'OnURCHandler_MQTT_STATE':
ril/src/ril_urc.c:826: warning: passing argument 4 of 'Ql_OS_SendMessage' makes integer from pointer without a cast
include/ql_system.h:244: note: expected 'u32' but argument is of type 'struct MQTT_Urc_Param_t *'
ril/src/ril_urc.c: In function 'OnURCHandler_MQTT_CLOSE':
ril/src/ril_urc.c:854: warning: passing argument 4 of 'Ql_OS_SendMessage' makes integer from pointer without a cast
include/ql_system.h:244: note: expected 'u32' but argument is of type 'struct MQTT_Urc_Param_t *'
ril/src/ril_urc.c: In function 'OnURCHandler_MQTT_DISC':
ril/src/ril_urc.c:884: warning: passing argument 4 of 'Ql_OS_SendMessage' makes integer from pointer without a cast
include/ql_system.h:244: note: expected 'u32' but argument is of type 'struct MQTT_Urc_Param_t *'
- Building build/gcc/obj/ril/src/ril_atResponse.o
ril/src/ril_atResponse.c: In function 'Ql_RIL_AT_SetErrCode':
ril/src/ril_atResponse.c:50: warning: control reaches end of non-void function
- Building build/gcc/obj/ril/src/ril_network.o
ril/src/ril_network.c: In function 'ATResponse_CREG_Handler':
ril/src/ril_network.c:77: warning: pointer targets in passing argument 1 of 'RIL_Parse_value' differ in signedness
ril/inc/ril_network.h:270: note: expected 's8 *' but argument is of type 'char *'
ril/src/ril_network.c: In function 'ATResponse_CGREG_Handler':
ril/src/ril_network.c:169: warning: pointer targets in passing argument 1 of 'RIL_Parse_value' differ in signedness
ril/inc/ril_network.h:270: note: expected 's8 *' but argument is of type 'char *'
ril/src/ril_network.c: In function 'ATResponse_CSQ_Handler':
ril/src/ril_network.c:261: warning: pointer targets in passing argument 1 of 'RIL_Parse_value' differ in signedness
ril/inc/ril_network.h:270: note: expected 's8 *' but argument is of type 'char *'
ril/src/ril_network.c: In function 'ATRsp_COPS_Handler':
ril/src/ril_network.c:514: warning: unused variable 'str'
- Building build/gcc/obj/ril/src/ril_location.o
ril/src/ril_location.c: In function 'ATResponse_GetLocation_Ex_Handler':
ril/src/ril_location.c:78: warning: unused variable 'p2'
ril/src/ril_location.c:77: warning: unused variable 'p1'
ril/src/ril_location.c: In function 'OnURCHandler_QCELLLocation':
ril/src/ril_location.c:176: warning: assignment discards qualifiers from pointer target type
ril/src/ril_location.c:177: warning: pointer targets in passing argument 1 of 'Ql_strstr' differ in signedness
include/ql_stdlib.h:55: note: expected 'const char *' but argument is of type 'u8 *'
- Building build/gcc/obj/ril/src/ril_ntp.o
ril/src/ril_ntp.c: In function 'OnURCHandler_NTPCMD':
ril/src/ril_ntp.c:50: warning: passing argument 1 of 'callback_NTPCMD' discards qualifiers from pointer target type
ril/src/ril_ntp.c:50: note: expected 'char *' but argument is of type 'const char *'
- Building build/gcc/obj/ril/src/ril_telephony.o
- Building build/gcc/obj/ril/src/ril_sms.o
- Building build/gcc/obj/ril/src/ril_system.o
- Building build/gcc/obj/ril/src/Ril_dtmf.o
- Building build/gcc/obj/ril/src/ril_sim.o
ril/src/ril_sim.c: In function 'ATRsp_CCID_Handler':
ril/src/ril_sim.c:267: warning: unused variable 'str'
- Building build/gcc/obj/ril/src/ril_location2.o
ril/src/ril_location2.c: In function 'OnURCHandler_QLBS':
ril/src/ril_location2.c:117: warning: pointer targets in passing argument 1 of 'Ql_strcpy' differ in signedness
include/ql_stdlib.h:47: note: expected 'char *' but argument is of type 'u8 *'
ril/src/ril_location2.c:118: warning: pointer targets in passing argument 2 of 'Ql_StrPrefixMatch' differ in signedness
ril/inc/ril_util.h:47: note: expected 'const char *' but argument is of type 'u8 *'
ril/src/ril_location2.c:126: warning: pointer targets in passing argument 1 of 'Ql_atoi' differ in signedness
include/ql_stdlib.h:41: note: expected 'const char *' but argument is of type 'u8 *'
ril/src/ril_location2.c:131: warning: pointer targets in passing argument 1 of 'Ql_atoi' differ in signedness
include/ql_stdlib.h:41: note: expected 'const char *' but argument is of type 'u8 *'
ril/src/ril_location2.c:140: warning: pointer targets in passing argument 1 of 'Ql_atof' differ in signedness
include/ql_stdlib.h:42: note: expected 'const char *' but argument is of type 'u8 *'
ril/src/ril_location2.c:146: warning: pointer targets in passing argument 1 of 'Ql_atof' differ in signedness
include/ql_stdlib.h:42: note: expected 'const char *' but argument is of type 'u8 *'
ril/src/ril_location2.c: In function 'ATResponse_Qlbs_Ex_Handler':
ril/src/ril_location2.c:178: warning: declaration of 'loclnfo' shadows a global declaration
ril/src/ril_location2.c:104: warning: shadowed declaration is here
ril/src/ril_location2.c: In function 'RIL_QLBS_Loc_Ex':
ril/src/ril_location2.c:242: warning: pointer targets in passing argument 1 of 'Ql_strcpy' differ in signedness
include/ql_stdlib.h:47: note: expected 'char *' but argument is of type 'u8 *'
ril/src/ril_location2.c:242: warning: pointer targets in passing argument 2 of 'Ql_strcpy' differ in signedness
include/ql_stdlib.h:47: note: expected 'const char *' but argument is of type 'u8 *'
ril/src/ril_location2.c: In function 'ATResponse_Qlbs_Ex_Handler':
ril/src/ril_location2.c:200: warning: array subscript is above array bounds
ril/src/ril_location2.c: In function 'OnURCHandler_QLBS':
ril/src/ril_location2.c:153: warning: array subscript is above array bounds
- Building build/gcc/obj/ril/src/ril_gnss.o
ril/src/ril_gnss.c: In function 'ATResponse_GNSSRead_Hdlr':
ril/src/ril_gnss.c:136: warning: unused variable 'strTmp'
ril/src/ril_gnss.c:134: warning: unused variable 'p2'
ril/src/ril_gnss.c:133: warning: unused variable 'p1'
ril/src/ril_gnss.c: In function 'OnURCHandler_GNSSCMD':
ril/src/ril_gnss.c:241: warning: passing argument 1 of 'callback_GNSSCMD' discards qualifiers from pointer target type
ril/src/ril_gnss.c:241: note: expected 'char *' but argument is of type 'const char *'
ril/src/ril_gnss.c: In function 'OnURCHandler_GNSSAGPS':
ril/src/ril_gnss.c:254: warning: passing argument 1 of 'callback_GNSSAGPS' discards qualifiers from pointer target type
ril/src/ril_gnss.c:254: note: expected 'char *' but argument is of type 'const char *'
ril/src/ril_gnss.c: In function 'RIL_GNSS_Read':
ril/src/ril_gnss.c:313: warning: pointer targets in passing argument 1 of 'Ql_strlen' differ in signedness
include/ql_stdlib.h:54: note: expected 'const char *' but argument is of type 'u8 *'
ril/src/ril_gnss.c:313: warning: pointer targets in passing argument 1 of 'Ql_strncmp' differ in signedness
include/ql_stdlib.h:52: note: expected 'const char *' but argument is of type 'u8 *'
ril/src/ril_gnss.c:326: warning: pointer targets in passing argument 2 of 'Ql_strcpy' differ in signedness
include/ql_stdlib.h:47: note: expected 'const char *' but argument is of type 'u8 *'
- Building build/gcc/obj/ril/src/ril_init.o
- Building build/gcc/obj/ril/src/ril_ftp.o
- Building build/gcc/obj/ril/src/ril_alarm.o
- Building build/gcc/obj/ril/src/ril_util.o
- Building build/gcc/obj/ril/src/ril_mqtt.o
ril/src/ril_mqtt.c: In function 'RIL_MQTT_QMTSUB':
ril/src/ril_mqtt.c:179: warning: pointer targets in passing argument 1 of 'Ql_sprintf' differ in signedness
ril/src/ril_mqtt.c:179: note: expected 'char *' but argument is of type 'u8 *'
ril/src/ril_mqtt.c:183: warning: pointer targets in passing argument 1 of 'Ql_sprintf' differ in signedness
ril/src/ril_mqtt.c:183: note: expected 'char *' but argument is of type 'u8 *'
ril/src/ril_mqtt.c:185: warning: pointer targets in passing argument 1 of 'Ql_strlen' differ in signedness
include/ql_stdlib.h:54: note: expected 'const char *' but argument is of type 'u8 *'
ril/src/ril_mqtt.c:185: warning: pointer targets in passing argument 1 of 'Ql_strncat' differ in signedness
include/ql_stdlib.h:50: note: expected 'char *' but argument is of type 'u8 *'
ril/src/ril_mqtt.c:185: warning: pointer targets in passing argument 2 of 'Ql_strncat' differ in signedness
include/ql_stdlib.h:50: note: expected 'const char *' but argument is of type 'u8 *'
ril/src/ril_mqtt.c:189: warning: pointer targets in passing argument 1 of 'Ql_sprintf' differ in signedness
ril/src/ril_mqtt.c:189: note: expected 'char *' but argument is of type 'u8 *'
ril/src/ril_mqtt.c:190: warning: pointer targets in passing argument 1 of 'Ql_strlen' differ in signedness
include/ql_stdlib.h:54: note: expected 'const char *' but argument is of type 'u8 *'
ril/src/ril_mqtt.c:190: warning: pointer targets in passing argument 1 of 'Ql_RIL_SendATCmd' differ in signedness
ril/inc/ril.h:187: note: expected 'char *' but argument is of type 'u8 *'
ril/src/ril_mqtt.c: In function 'RIL_MQTT_QMTUNS':
ril/src/ril_mqtt.c:239: warning: pointer targets in passing argument 1 of 'Ql_sprintf' differ in signedness
ril/src/ril_mqtt.c:239: note: expected 'char *' but argument is of type 'u8 *'
ril/src/ril_mqtt.c:243: warning: pointer targets in passing argument 1 of 'Ql_sprintf' differ in signedness
ril/src/ril_mqtt.c:243: note: expected 'char *' but argument is of type 'u8 *'
ril/src/ril_mqtt.c:245: warning: pointer targets in passing argument 1 of 'Ql_strlen' differ in signedness
include/ql_stdlib.h:54: note: expected 'const char *' but argument is of type 'u8 *'
ril/src/ril_mqtt.c:245: warning: pointer targets in passing argument 1 of 'Ql_strncat' differ in signedness
include/ql_stdlib.h:50: note: expected 'char *' but argument is of type 'u8 *'
ril/src/ril_mqtt.c:245: warning: pointer targets in passing argument 2 of 'Ql_strncat' differ in signedness
include/ql_stdlib.h:50: note: expected 'const char *' but argument is of type 'u8 *'
ril/src/ril_mqtt.c:249: warning: pointer targets in passing argument 1 of 'Ql_sprintf' differ in signedness
ril/src/ril_mqtt.c:249: note: expected 'char *' but argument is of type 'u8 *'
ril/src/ril_mqtt.c:251: warning: pointer targets in passing argument 1 of 'Ql_strlen' differ in signedness
include/ql_stdlib.h:54: note: expected 'const char *' but argument is of type 'u8 *'
ril/src/ril_mqtt.c:251: warning: pointer targets in passing argument 1 of 'Ql_RIL_SendATCmd' differ in signedness
ril/inc/ril.h:187: note: expected 'char *' but argument is of type 'u8 *'
ril/src/ril_mqtt.c: In function 'ATResponse_QMTPUB_handler':
ril/src/ril_mqtt.c:302: warning: pointer targets in assignment differ in signedness
ril/src/ril_mqtt.c:309: warning: pointer targets in assignment differ in signedness
ril/src/ril_mqtt.c:314: warning: pointer targets in assignment differ in signedness
ril/src/ril_mqtt.c:319: warning: pointer targets in assignment differ in signedness
ril/src/ril_mqtt.c:299: warning: unused variable 'i'
- Building build/gcc/obj/custom/main.o
custom/main.c:234: warning: type defaults to 'int' in declaration of 'countFailedPublish'
custom/main.c: In function 'proc_main_task':
custom/main.c:684: warning: assignment makes pointer from integer without a cast
custom/main.c:701: warning: assignment makes pointer from integer without a cast
custom/main.c:717: warning: assignment makes pointer from integer without a cast
custom/main.c:736: warning: assignment makes pointer from integer without a cast
custom/main.c:749: warning: assignment makes pointer from integer without a cast
custom/main.c:763: warning: assignment makes pointer from integer without a cast
custom/main.c: In function 'CallBack_UART_Hdlr':
custom/main.c:847: warning: unused variable 'totalBytes'
custom/main.c:839: warning: unused variable 'ret'
custom/main.c:838: warning: unused variable 'p'
custom/main.c: In function 'mqtt_recv':
custom/main.c:883: warning: implicit declaration of function 'my_strtok'
custom/main.c:883: warning: initialization makes pointer from integer without a cast
custom/main.c:886: warning: initialization makes pointer from integer without a cast
custom/main.c:889: warning: initialization makes pointer from integer without a cast
custom/main.c:928: warning: implicit declaration of function 'saveBytesToFlash'
custom/main.c:958: warning: unused variable 'myMovementAlarm'
custom/main.c:965: warning: unused variable 'myGeofenceAlarm'
custom/main.c:1007: warning: unused variable 'myArmDisarm'
custom/main.c: In function 'SMS_Callback_Timer':
custom/main.c:1286: warning: unused variable 'ret'
custom/main.c: In function 'Mqtt_Callback_Timer':
custom/main.c:1320: warning: suggest parentheses around assignment used as truth value
custom/main.c:1370: warning: implicit declaration of function 'RIL_MQTT_QMTCFG_Showrecvlen'
custom/main.c:1391: warning: pointer targets in passing argument 2 of 'RIL_MQTT_QMTOPEN' differ in signedness
ril/inc/ril_mqtt.h:167: note: expected 'u8 *' but argument is of type 'char *'
custom/main.c:1411: warning: pointer targets in passing argument 2 of 'RIL_MQTT_QMTCONN' differ in signedness
ril/inc/ril_mqtt.h:198: note: expected 'u8 *' but argument is of type 'char *'
custom/main.c:1411: warning: pointer targets in passing argument 4 of 'RIL_MQTT_QMTCONN' differ in signedness
ril/inc/ril_mqtt.h:198: note: expected 'u8 *' but argument is of type 'char *'
custom/main.c:1481: warning: pointer targets in passing argument 5 of 'RIL_MQTT_QMTPUB' differ in signedness
ril/inc/ril_mqtt.h:264: note: expected 'u8 *' but argument is of type 'char *'
custom/main.c:1481: warning: pointer targets in passing argument 7 of 'RIL_MQTT_QMTPUB' differ in signedness
ril/inc/ril_mqtt.h:264: note: expected 'u8 *' but argument is of type 'char *'
custom/main.c:1492: warning: pointer targets in passing argument 5 of 'RIL_MQTT_QMTPUB' differ in signedness
ril/inc/ril_mqtt.h:264: note: expected 'u8 *' but argument is of type 'char *'
custom/main.c:1492: warning: pointer targets in passing argument 7 of 'RIL_MQTT_QMTPUB' differ in signedness
ril/inc/ril_mqtt.h:264: note: expected 'u8 *' but argument is of type 'char *'
custom/main.c:1503: warning: pointer targets in passing argument 5 of 'RIL_MQTT_QMTPUB' differ in signedness
ril/inc/ril_mqtt.h:264: note: expected 'u8 *' but argument is of type 'char *'
custom/main.c:1503: warning: pointer targets in passing argument 7 of 'RIL_MQTT_QMTPUB' differ in signedness
ril/inc/ril_mqtt.h:264: note: expected 'u8 *' but argument is of type 'char *'
custom/main.c:1518: warning: pointer targets in passing argument 5 of 'RIL_MQTT_QMTPUB' differ in signedness
ril/inc/ril_mqtt.h:264: note: expected 'u8 *' but argument is of type 'char *'
custom/main.c:1518: warning: pointer targets in passing argument 7 of 'RIL_MQTT_QMTPUB' differ in signedness
ril/inc/ril_mqtt.h:264: note: expected 'u8 *' but argument is of type 'char *'
custom/main.c:1528: warning: pointer targets in passing argument 5 of 'RIL_MQTT_QMTPUB' differ in signedness
ril/inc/ril_mqtt.h:264: note: expected 'u8 *' but argument is of type 'char *'
custom/main.c:1528: warning: pointer targets in passing argument 7 of 'RIL_MQTT_QMTPUB' differ in signedness
ril/inc/ril_mqtt.h:264: note: expected 'u8 *' but argument is of type 'char *'
custom/main.c:1534: warning: pointer targets in passing argument 5 of 'RIL_MQTT_QMTPUB' differ in signedness
ril/inc/ril_mqtt.h:264: note: expected 'u8 *' but argument is of type 'char *'
custom/main.c:1534: warning: pointer targets in passing argument 7 of 'RIL_MQTT_QMTPUB' differ in signedness
ril/inc/ril_mqtt.h:264: note: expected 'u8 *' but argument is of type 'char *'
custom/main.c:1316: warning: unused variable 'contextState'
custom/main.c: In function 'GNSS_Get_FixStatus_from_RMC':
custom/main.c:1596: warning: pointer targets in initialization differ in signedness
custom/main.c:1605: warning: pointer targets in passing argument 1 of 'Ql_strlen' differ in signedness
include/ql_stdlib.h:54: note: expected 'const char *' but argument is of type 'u8 *'
custom/main.c:1597: warning: unused variable 'fixed'
custom/main.c: In function 'Gnss_Callback_Timer':
custom/main.c:1663: warning: implicit declaration of function 'RIL_GNSS_Open'
custom/main.c:1693: warning: implicit declaration of function 'RIL_GNSS_EPO_Config_APN'
custom/main.c:1723: warning: implicit declaration of function 'RIL_GNSS_AGPS'
custom/main.c:1738: warning: implicit declaration of function 'RIL_GNSS_AGPSAID'
custom/main.c:1751: warning: declaration of 'ret' shadows a previous local
custom/main.c:1656: warning: shadowed declaration is here
custom/main.c:1751: warning: implicit declaration of function 'RIL_GNSS_Read'
custom/main.c:1758: warning: initialization makes pointer from integer without a cast
custom/main.c:1760: warning: initialization makes pointer from integer without a cast
custom/main.c: In function 'SMS_Initialize':
custom/main.c:2143: warning: unused variable 'nTotal'
custom/main.c:2142: warning: unused variable 'nUsed'
custom/main.c:2141: warning: unused variable 'nCurrStorage'
custom/main.c: In function 'SMS_TextMode_Read':
custom/main.c:2212: warning: unused variable 'pSubmitTextInfo'
custom/main.c: In function 'SMS_TextMode_Send':
custom/main.c:2305: warning: pointer targets in passing argument 4 of 'RIL_SMS_SendSMS_Text' differ in signedness
ril/inc/ril_sms.h:316: note: expected 'u8 *' but argument is of type 'char *'
custom/main.c:2296: warning: unused variable 'strConMsgChSeg3'
custom/main.c:2295: warning: unused variable 'strConMsgChSeg2'
custom/main.c:2294: warning: unused variable 'strConMsgChSeg1'
custom/main.c:2293: warning: unused variable 'strConMsgSeg4'
custom/main.c:2292: warning: unused variable 'strConMsgSeg3'
custom/main.c:2291: warning: unused variable 'strConMsgSeg2'
custom/main.c:2290: warning: unused variable 'strConMsgSeg1'
custom/main.c: In function 'Hdlr_RecvNewSMS':
custom/main.c:2557: warning: pointer targets in passing argument 2 of 'Ql_strncpy' differ in signedness
include/ql_stdlib.h:48: note: expected 'const char *' but argument is of type 'u8 *'
custom/main.c:2580: warning: unused variable 'count'
custom/main.c:2396: warning: unused variable 'aReplyCon'
custom/main.c:2391: warning: unused variable 'uMsgRef'
custom/main.c: In function 'loadConfig':
custom/main.c:2592: warning: passing argument 2 of 'Ql_memset' makes integer from pointer without a cast
include/ql_stdlib.h:43: note: expected 'u8' but argument is of type 'char *'
custom/main.c:2599: warning: passing argument 2 of 'readFromFlash' from incompatible pointer type
custom/dfota/inc/sms_command.h:43: note: expected 'char *' but argument is of type 'char (*)[4]'
custom/main.c:2607: warning: passing argument 2 of 'Ql_memset' makes integer from pointer without a cast
include/ql_stdlib.h:43: note: expected 'u8' but argument is of type 'char *'
custom/main.c:2614: warning: passing argument 2 of 'Ql_memset' makes integer from pointer without a cast
include/ql_stdlib.h:43: note: expected 'u8' but argument is of type 'char *'
custom/main.c:2616: warning: assignment makes integer from pointer without a cast
custom/main.c:2631: warning: passing argument 2 of 'Ql_memset' makes integer from pointer without a cast
include/ql_stdlib.h:43: note: expected 'u8' but argument is of type 'char *'
custom/main.c:2636: warning: passing argument 2 of 'Ql_memset' makes integer from pointer without a cast
include/ql_stdlib.h:43: note: expected 'u8' but argument is of type 'char *'
custom/main.c:2641: warning: passing argument 2 of 'Ql_memset' makes integer from pointer without a cast
include/ql_stdlib.h:43: note: expected 'u8' but argument is of type 'char *'
custom/main.c:2650: warning: pointer targets in passing argument 2 of 'Ql_FS_Read' differ in signedness
include/ql_fs.h:182: note: expected 'u8 *' but argument is of type 'char *'
custom/main.c:2659: warning: pointer targets in passing argument 2 of 'Ql_FS_Read' differ in signedness
include/ql_fs.h:182: note: expected 'u8 *' but argument is of type 'char *'
custom/main.c:2669: warning: pointer targets in passing argument 2 of 'Ql_FS_Read' differ in signedness
include/ql_fs.h:182: note: expected 'u8 *' but argument is of type 'char *'
custom/main.c:2678: warning: pointer targets in passing argument 2 of 'Ql_FS_Read' differ in signedness
include/ql_fs.h:182: note: expected 'u8 *' but argument is of type 'char *'
custom/main.c:2687: warning: pointer targets in passing argument 2 of 'Ql_FS_Read' differ in signedness
include/ql_fs.h:182: note: expected 'u8 *' but argument is of type 'char *'
custom/main.c:2697: warning: pointer targets in passing argument 2 of 'Ql_FS_Read' differ in signedness
include/ql_fs.h:182: note: expected 'u8 *' but argument is of type 'char *'
custom/main.c:2706: warning: pointer targets in passing argument 2 of 'Ql_FS_Read' differ in signedness
include/ql_fs.h:182: note: expected 'u8 *' but argument is of type 'char *'
custom/main.c:2714: warning: pointer targets in passing argument 2 of 'Ql_FS_Read' differ in signedness
include/ql_fs.h:182: note: expected 'u8 *' but argument is of type 'char *'
custom/main.c:2723: warning: pointer targets in passing argument 2 of 'Ql_FS_Read' differ in signedness
include/ql_fs.h:182: note: expected 'u8 *' but argument is of type 'char *'
custom/main.c:2732: warning: pointer targets in passing argument 2 of 'Ql_FS_Read' differ in signedness
include/ql_fs.h:182: note: expected 'u8 *' but argument is of type 'char *'
custom/main.c:2742: warning: pointer targets in passing argument 2 of 'Ql_FS_Read' differ in signedness
include/ql_fs.h:182: note: expected 'u8 *' but argument is of type 'char *'
custom/main.c:2752: warning: pointer targets in passing argument 2 of 'Ql_FS_Read' differ in signedness
include/ql_fs.h:182: note: expected 'u8 *' but argument is of type 'char *'
custom/main.c:2761: warning: pointer targets in passing argument 2 of 'Ql_FS_Read' differ in signedness
include/ql_fs.h:182: note: expected 'u8 *' but argument is of type 'char *'
custom/main.c:2771: warning: pointer targets in passing argument 2 of 'Ql_FS_Read' differ in signedness
include/ql_fs.h:182: note: expected 'u8 *' but argument is of type 'char *'
custom/main.c:2781: warning: pointer targets in passing argument 2 of 'Ql_FS_Read' differ in signedness
include/ql_fs.h:182: note: expected 'u8 *' but argument is of type 'char *'
custom/main.c:2791: warning: pointer targets in passing argument 2 of 'Ql_FS_Read' differ in signedness
include/ql_fs.h:182: note: expected 'u8 *' but argument is of type 'char *'
custom/main.c:2801: warning: pointer targets in passing argument 2 of 'Ql_FS_Read' differ in signedness
include/ql_fs.h:182: note: expected 'u8 *' but argument is of type 'char *'
custom/main.c:2811: warning: pointer targets in passing argument 2 of 'Ql_FS_Read' differ in signedness
include/ql_fs.h:182: note: expected 'u8 *' but argument is of type 'char *'
custom/main.c:2821: warning: pointer targets in passing argument 2 of 'Ql_FS_Read' differ in signedness
include/ql_fs.h:182: note: expected 'u8 *' but argument is of type 'char *'
custom/main.c:2831: warning: pointer targets in passing argument 2 of 'Ql_FS_Read' differ in signedness
include/ql_fs.h:182: note: expected 'u8 *' but argument is of type 'char *'
custom/main.c:2857: warning: pointer targets in passing argument 2 of 'Ql_FS_Read' differ in signedness
include/ql_fs.h:182: note: expected 'u8 *' but argument is of type 'char *'
custom/main.c:2867: warning: pointer targets in passing argument 2 of 'Ql_FS_Read' differ in signedness
include/ql_fs.h:182: note: expected 'u8 *' but argument is of type 'char *'
custom/main.c:2876: warning: pointer targets in passing argument 2 of 'Ql_FS_Read' differ in signedness
include/ql_fs.h:182: note: expected 'u8 *' but argument is of type 'char *'
custom/main.c:2885: warning: pointer targets in passing argument 2 of 'Ql_FS_Read' differ in signedness
include/ql_fs.h:182: note: expected 'u8 *' but argument is of type 'char *'
custom/main.c: In function 'decodeCellInfo2':
custom/main.c:3024: warning: declaration of 'mainCellInfo' shadows a global declaration
custom/main.c:369: warning: shadowed declaration is here
custom/main.c:3027: warning: initialization makes pointer from integer without a cast
custom/main.c:3033: warning: initialization makes pointer from integer without a cast
custom/main.c:3040: warning: initialization makes pointer from integer without a cast
custom/main.c:3046: warning: initialization makes pointer from integer without a cast
custom/main.c:3053: warning: initialization makes pointer from integer without a cast
custom/main.c:3056: warning: initialization makes pointer from integer without a cast
custom/main.c:3060: warning: initialization makes pointer from integer without a cast
custom/main.c:3066: warning: initialization makes pointer from integer without a cast
custom/main.c: In function 'decodeCellInfo':
custom/main.c:3074: warning: declaration of 'mainCellInfo' shadows a global declaration
custom/main.c:369: warning: shadowed declaration is here
custom/main.c:3076: warning: initialization makes pointer from integer without a cast
custom/main.c:3079: warning: initialization makes pointer from integer without a cast
custom/main.c:3083: warning: initialization makes pointer from integer without a cast
custom/main.c:3087: warning: initialization makes pointer from integer without a cast
custom/main.c:3091: warning: initialization makes pointer from integer without a cast
custom/main.c:3095: warning: initialization makes pointer from integer without a cast
custom/main.c:3098: warning: initialization makes pointer from integer without a cast
custom/main.c:3102: warning: initialization makes pointer from integer without a cast
custom/main.c:3106: warning: initialization makes pointer from integer without a cast
custom/main.c: In function 'decode_gps_data':
custom/main.c:3120: warning: initialization makes pointer from integer without a cast
custom/main.c:3123: warning: initialization makes pointer from integer without a cast
custom/main.c:3130: warning: initialization makes pointer from integer without a cast
custom/main.c:3137: warning: initialization makes pointer from integer without a cast
custom/main.c:3144: warning: initialization makes pointer from integer without a cast
custom/main.c:3151: warning: initialization makes pointer from integer without a cast
custom/main.c:3158: warning: initialization makes pointer from integer without a cast
custom/main.c:3165: warning: initialization makes pointer from integer without a cast
custom/main.c:3172: warning: initialization makes pointer from integer without a cast
custom/main.c:3179: warning: initialization makes pointer from integer without a cast
custom/main.c:3187: warning: initialization makes pointer from integer without a cast
custom/main.c: In function 'ftp_downfile_timer':
custom/main.c:3225: warning: pointer targets in passing argument 1 of 'Ql_sprintf' differ in signedness
custom/main.c:3225: note: expected 'char *' but argument is of type 'u8 *'
custom/main.c: In function 'http_downfile_timer':
custom/main.c:3247: warning: pointer targets in passing argument 1 of 'Ql_sprintf' differ in signedness
custom/main.c:3247: note: expected 'char *' but argument is of type 'u8 *'
custom/main.c:3239: warning: unused variable 'strLen'
custom/main.c: In function 'Get_Cell_info':
custom/main.c:3417: warning: initialization makes pointer from integer without a cast
custom/main.c:3419: warning: assignment makes pointer from integer without a cast
custom/main.c:3423: warning: assignment makes pointer from integer without a cast
custom/main.c:3427: warning: assignment makes pointer from integer without a cast
custom/main.c:3431: warning: assignment makes pointer from integer without a cast
custom/main.c:3435: warning: assignment makes pointer from integer without a cast
custom/main.c:3439: warning: assignment makes pointer from integer without a cast
custom/main.c:3443: warning: assignment makes pointer from integer without a cast
custom/main.c:3447: warning: assignment makes pointer from integer without a cast
custom/main.c:3453: warning: assignment makes pointer from integer without a cast
custom/main.c:3458: warning: assignment makes pointer from integer without a cast
custom/main.c:3462: warning: assignment makes pointer from integer without a cast
custom/main.c:3467: warning: assignment makes pointer from integer without a cast
custom/main.c:3470: warning: assignment makes pointer from integer without a cast
custom/main.c:3473: warning: assignment makes pointer from integer without a cast
custom/main.c:3477: warning: assignment makes pointer from integer without a cast
custom/main.c:3481: warning: assignment makes pointer from integer without a cast
custom/main.c:3486: warning: assignment makes pointer from integer without a cast
custom/main.c:3490: warning: assignment makes pointer from integer without a cast
custom/main.c:3498: warning: assignment makes pointer from integer without a cast
custom/main.c:3502: warning: assignment makes pointer from integer without a cast
custom/main.c:3507: warning: assignment makes pointer from integer without a cast
custom/main.c:3510: warning: assignment makes pointer from integer without a cast
custom/main.c:3513: warning: assignment makes pointer from integer without a cast
custom/main.c:3517: warning: assignment makes pointer from integer without a cast
custom/main.c:3521: warning: assignment makes pointer from integer without a cast
custom/main.c:3526: warning: assignment makes pointer from integer without a cast
custom/main.c:3530: warning: assignment makes pointer from integer without a cast
custom/main.c:3541: warning: assignment makes pointer from integer without a cast
custom/main.c:3545: warning: assignment makes pointer from integer without a cast
custom/main.c:3550: warning: assignment makes pointer from integer without a cast
custom/main.c:3553: warning: assignment makes pointer from integer without a cast
custom/main.c:3556: warning: assignment makes pointer from integer without a cast
custom/main.c:3560: warning: assignment makes pointer from integer without a cast
custom/main.c:3564: warning: assignment makes pointer from integer without a cast
custom/main.c:3569: warning: assignment makes pointer from integer without a cast
custom/main.c:3573: warning: assignment makes pointer from integer without a cast
custom/main.c:3584: warning: assignment makes pointer from integer without a cast
custom/main.c:3588: warning: assignment makes pointer from integer without a cast
custom/main.c:3593: warning: assignment makes pointer from integer without a cast
custom/main.c:3596: warning: assignment makes pointer from integer without a cast
custom/main.c:3599: warning: assignment makes pointer from integer without a cast
custom/main.c:3603: warning: assignment makes pointer from integer without a cast
custom/main.c:3607: warning: assignment makes pointer from integer without a cast
custom/main.c:3612: warning: assignment makes pointer from integer without a cast
custom/main.c:3616: warning: assignment makes pointer from integer without a cast
custom/main.c:3626: warning: assignment makes pointer from integer without a cast
custom/main.c:3630: warning: assignment makes pointer from integer without a cast
custom/main.c:3635: warning: assignment makes pointer from integer without a cast
custom/main.c:3638: warning: assignment makes pointer from integer without a cast
custom/main.c:3641: warning: assignment makes pointer from integer without a cast
custom/main.c:3645: warning: assignment makes pointer from integer without a cast
custom/main.c:3649: warning: assignment makes pointer from integer without a cast
custom/main.c:3654: warning: assignment makes pointer from integer without a cast
custom/main.c:3658: warning: assignment makes pointer from integer without a cast
custom/main.c:3667: warning: assignment makes pointer from integer without a cast
custom/main.c:3671: warning: assignment makes pointer from integer without a cast
custom/main.c:3676: warning: assignment makes pointer from integer without a cast
custom/main.c:3679: warning: assignment makes pointer from integer without a cast
custom/main.c:3682: warning: assignment makes pointer from integer without a cast
custom/main.c:3686: warning: assignment makes pointer from integer without a cast
custom/main.c:3690: warning: assignment makes pointer from integer without a cast
custom/main.c:3695: warning: assignment makes pointer from integer without a cast
custom/main.c:3699: warning: assignment makes pointer from integer without a cast
custom/main.c: At top level:
custom/dfota/inc/sms_command.h:8: warning: 'handle_www_command' declared 'static' but never defined
custom/dfota/inc/sms_command.h:9: warning: 'handle_heartbeat_command' declared 'static' but never defined
custom/dfota/inc/sms_command.h:10: warning: 'handle_logger_command' declared 'static' but never defined
custom/dfota/inc/sms_command.h:11: warning: 'handle_shock_command' declared 'static' but never defined
custom/dfota/inc/sms_command.h:12: warning: 'handle_set_odo_command' declared 'static' but never defined
custom/dfota/inc/sms_command.h:13: warning: 'handle_ignition_command' declared 'static' but never defined
custom/dfota/inc/sms_command.h:14: warning: 'handle_disable_command' declared 'static' but never defined
custom/dfota/inc/sms_command.h:15: warning: 'handle_mainpower_command' declared 'static' but never defined
custom/dfota/inc/sms_command.h:16: warning: 'handle_speed_command' declared 'static' but never defined
custom/dfota/inc/sms_command.h:17: warning: 'handle_listen_command' declared 'static' but never defined
custom/dfota/inc/sms_command.h:18: warning: 'handle_alarm_command' declared 'static' but never defined
custom/dfota/inc/sms_command.h:19: warning: 'handle_trip_command' declared 'static' but never defined
custom/dfota/inc/sms_command.h:20: warning: 'handle_find_command' declared 'static' but never defined
custom/dfota/inc/sms_command.h:21: warning: 'handle_help_command' declared 'static' but never defined
custom/dfota/inc/sms_command.h:22: warning: 'handle_sleep_command' declared 'static' but never defined
custom/dfota/inc/sms_command.h:23: warning: 'handle_reboot_command' declared 'static' but never defined
custom/dfota/inc/sms_command.h:24: warning: 'handle_version_command' declared 'static' but never defined
custom/dfota/inc/sms_command.h:25: warning: 'handle_status_command' declared 'static' but never defined
custom/dfota/inc/sms_command.h:26: warning: 'handle_settings_command' declared 'static' but never defined
custom/dfota/inc/sms_command.h:27: warning: 'handle_sms_command' declared 'static' but never defined
custom/dfota/inc/sms_command.h:28: warning: 'handle_time_command' declared 'static' but never defined
custom/dfota/inc/sms_command.h:29: warning: 'handle_deluser_command' declared 'static' but never defined
custom/dfota/inc/sms_command.h:30: warning: 'handle_listuser_command' declared 'static' but never defined
custom/dfota/inc/sms_command.h:31: warning: 'handle_password_read_command' declared 'static' but never defined
custom/dfota/inc/sms_command.h:32: warning: 'handle_getreport_command' declared 'static' but never defined
custom/dfota/inc/sms_command.h:33: warning: 'handle_password_command' declared 'static' but never defined
custom/dfota/inc/sms_command.h:34: warning: 'handle_allowpublic_command' declared 'static' but never defined
custom/dfota/inc/sms_command.h:35: warning: 'handle_name_command' declared 'static' but never defined
custom/dfota/inc/sms_command.h:36: warning: 'handle_adduser_command' declared 'static' but never defined
custom/dfota/inc/sms_command.h:37: warning: 'handle_add_command' declared 'static' but never defined
custom/dfota/inc/sms_command.h:38: warning: 'is_authorized' declared 'static' but never defined
custom/dfota/inc/sms_command.h:39: warning: 'handle_upgrade_command' declared 'static' but never defined
custom/dfota/inc/sms_command.h:40: warning: 'handle_setIp' declared 'static' but never defined
custom/main.c:99: warning: 'm_Read_Buffer' defined but not used
custom/main.c:107: warning: 'FotaUpdate_TimeOut_TmrId' defined but not used
custom/main.c:3208: warning: 'UpgradeTimeOut_Callback_Timer' defined but not used
custom/main.c:3237: warning: 'http_downfile_timer' defined but not used
custom/main.c:439: warning: 'CUSTOM_AT_RESPONSE_HANDLER' defined but not used
custom/main.c:3074: warning: 'decodeCellInfo' defined but not used
custom/main.c:3024: warning: 'decodeCellInfo2' defined but not used
custom/main.c:503: warning: 'AT_CELL_LOCATION_HANDLER' defined but not used
custom/main.c:461: warning: 'AT_CELL_INFO_HANDLER' defined but not used
custom/main.c:234: warning: 'countFailedPublish' defined but not used
custom/main.c:237: warning: 'gRespBuf' defined but not used
custom/main.c:238: warning: 'gRespLen' defined but not used
custom/main.c:270: warning: 'm_TxBuf_Uart' defined but not used
custom/main.c:271: warning: 'pre_NMEA_buf' defined but not used
custom/main.c:292: warning: 'test_data' defined but not used
custom/main.c:294: warning: 'login_topic' defined but not used
custom/main.c:296: warning: 'response_topic' defined but not used
custom/main.c:298: warning: 'device_topic' defined but not used
custom/main.c:304: warning: 'g_cell' defined but not used
custom/main.c:347: warning: 'proc_handle' declared 'static' but never defined
custom/main.c: In function 'mqtt_recv':
custom/main.c:886: warning: 'rawMessage1' is used uninitialized in this function
custom/main.c: In function 'Get_Cell_info':
custom/main.c:3705: warning: 'bsic1' may be used uninitialized in this function
custom/main.c:3705: warning: 'ta1' may be used uninitialized in this function
custom/main.c:3705: warning: 'bsic2' may be used uninitialized in this function
custom/main.c:3705: warning: 'ta2' may be used uninitialized in this function
custom/main.c:3705: warning: 'bsic3' may be used uninitialized in this function
custom/main.c:3705: warning: 'ta3' may be used uninitialized in this function
custom/main.c:3705: warning: 'bsic4' may be used uninitialized in this function
custom/main.c:3705: warning: 'ta4' may be used uninitialized in this function
custom/main.c:3705: warning: 'bsic5' may be used uninitialized in this function
custom/main.c:3705: warning: 'ta5' may be used uninitialized in this function
custom/main.c:3705: warning: 'bsic6' may be used uninitialized in this function
custom/main.c:3705: warning: 'ta6' may be used uninitialized in this function
custom/main.c: In function 'Mqtt_Callback_Timer':
custom/main.c:1315: warning: 'ret' may be used uninitialized in this function
- Building build/gcc/obj/custom/dfota/src/dfota_main.o
custom/dfota/src/dfota_main.c: In function 'Ql_DFOTA_StartUpgrade':
custom/dfota/src/dfota_main.c:73: warning: implicit declaration of function 'FTP_DfotaMain'
- Building build/gcc/obj/custom/dfota/src/tracker_functions.o
custom/dfota/src/tracker_functions.c: In function 'get_gsm_signal_strength':
custom/dfota/src/tracker_functions.c:46: warning: pointer targets in passing argument 1 of 'RIL_NW_GetSignalQuality' differ in signedness
ril/inc/ril_network.h:120: note: expected 'u32 *' but argument is of type 's32 *'
custom/dfota/src/tracker_functions.c:46: warning: pointer targets in passing argument 2 of 'RIL_NW_GetSignalQuality' differ in signedness
ril/inc/ril_network.h:120: note: expected 'u32 *' but argument is of type 's32 *'
custom/dfota/src/tracker_functions.c: In function 'get_battery_percentage':
custom/dfota/src/tracker_functions.c:74: warning: passing argument 2 of 'Ql_ADC_Read' from incompatible pointer type
include/ql_adc.h:89: note: expected 'u16 *' but argument is of type 'u32 *'
custom/dfota/src/tracker_functions.c: In function 'get_external_power_status':
custom/dfota/src/tracker_functions.c:97: warning: passing argument 2 of 'Ql_ADC_Read' from incompatible pointer type
include/ql_adc.h:89: note: expected 'u16 *' but argument is of type 'u32 *'
custom/dfota/src/tracker_functions.c: In function 'get_last_known_location':
custom/dfota/src/tracker_functions.c:117: warning: 'ret' is used uninitialized in this function
custom/dfota/src/tracker_functions.c: In function 'get_mileage':
custom/dfota/src/tracker_functions.c:124: warning: 'ret' is used uninitialized in this function
custom/dfota/src/tracker_functions.c: In function 'get_gsm_signal_strength':
custom/dfota/src/tracker_functions.c:45: warning: 'rssi_dBm' may be used uninitialized in this function
- Building build/gcc/obj/custom/dfota/src/gnss_parser.o
- Building build/gcc/obj/custom/dfota/src/dfota_ftp.o
custom/dfota/src/dfota_ftp.c: In function 'DoUpgrade':
custom/dfota/src/dfota_ftp.c:248: warning: 'return' with no value, in function returning non-void
custom/dfota/src/dfota_ftp.c:265: warning: 'return' with no value, in function returning non-void
custom/dfota/src/dfota_ftp.c:273: warning: 'return' with no value, in function returning non-void
custom/dfota/src/dfota_ftp.c:292: warning: 'return' with no value, in function returning non-void
custom/dfota/src/dfota_ftp.c:295: warning: pointer targets in passing argument 1 of 'Ql_DFOTA_WriteData' differ in signedness
include/ql_dfota.h:84: note: expected 's8 *' but argument is of type 'u8 *'
custom/dfota/src/dfota_ftp.c:301: warning: 'return' with no value, in function returning non-void
custom/dfota/src/dfota_ftp.c:323: warning: 'return' with no value, in function returning non-void
custom/dfota/src/dfota_ftp.c:332: warning: 'return' with no value, in function returning non-void
- Building build/gcc/obj/custom/dfota/src/dfota_http_code.o
custom/dfota/src/dfota_http_code.c: In function 'DecodeHttpResult':
custom/dfota/src/dfota_http_code.c:75: warning: pointer targets in passing argument 1 of 'Ql_atoi' differ in signedness
include/ql_stdlib.h:41: note: expected 'const char *' but argument is of type 'u8 *'
custom/dfota/src/dfota_http_code.c: In function 'http_DecodeURL':
custom/dfota/src/dfota_http_code.c:147: warning: pointer targets in passing argument 1 of 'Ql_strlen' differ in signedness
include/ql_stdlib.h:54: note: expected 'const char *' but argument is of type 'u8 *'
custom/dfota/src/dfota_http_code.c:147: warning: pointer targets in passing argument 1 of 'http_ip_check' differ in signedness
custom/dfota/src/dfota_http_code.c:52: note: expected 'char *' but argument is of type 'u8 *'
custom/dfota/src/dfota_http_code.c:192: warning: pointer targets in passing argument 1 of 'Ql_atoi' differ in signedness
include/ql_stdlib.h:41: note: expected 'const char *' but argument is of type 'u8 *'
custom/dfota/src/dfota_http_code.c:103: warning: unused variable 'ip_validity'
custom/dfota/src/dfota_http_code.c:101: warning: unused variable 'ipadd'
custom/dfota/src/dfota_http_code.c: In function 'DecodeHttpLine':
custom/dfota/src/dfota_http_code.c:318: warning: pointer targets in passing argument 1 of 'Ql_atoi' differ in signedness
include/ql_stdlib.h:41: note: expected 'const char *' but argument is of type 'u8 *'
custom/dfota/src/dfota_http_code.c: In function 'http_DecodeHeader':
custom/dfota/src/dfota_http_code.c:374: warning: unused variable 'httpContext_p'
custom/dfota/src/dfota_http_code.c:371: warning: unused variable 'startpos'
- Building build/gcc/obj/custom/dfota/src/dfota_http.o
custom/dfota/src/dfota_http.c: In function 'HTTP_IsHttpServer':
custom/dfota/src/dfota_http.c:85: warning: implicit declaration of function 'Ql_StrToUpper'
custom/dfota/src/dfota_http.c: In function 'HTTP_DfotaMain':
custom/dfota/src/dfota_http.c:127: warning: pointer targets in passing argument 1 of 'Ql_strcpy' differ in signedness
include/ql_stdlib.h:47: note: expected 'char *' but argument is of type 'u8 *'
custom/dfota/src/dfota_http.c:127: warning: pointer targets in passing argument 2 of 'Ql_strcpy' differ in signedness
include/ql_stdlib.h:47: note: expected 'const char *' but argument is of type 'u8 *'
custom/dfota/src/dfota_http.c:128: warning: pointer targets in passing argument 1 of 'Ql_strcpy' differ in signedness
include/ql_stdlib.h:47: note: expected 'char *' but argument is of type 'u8 *'
custom/dfota/src/dfota_http.c:128: warning: pointer targets in passing argument 2 of 'Ql_strcpy' differ in signedness
include/ql_stdlib.h:47: note: expected 'const char *' but argument is of type 'u8 *'
custom/dfota/src/dfota_http.c:129: warning: pointer targets in passing argument 1 of 'Ql_strcpy' differ in signedness
include/ql_stdlib.h:47: note: expected 'char *' but argument is of type 'u8 *'
custom/dfota/src/dfota_http.c:129: warning: pointer targets in passing argument 2 of 'Ql_strcpy' differ in signedness
include/ql_stdlib.h:47: note: expected 'const char *' but argument is of type 'u8 *'
custom/dfota/src/dfota_http.c:166: warning: pointer targets in passing argument 1 of 'Ql_strstr' differ in signedness
include/ql_stdlib.h:55: note: expected 'const char *' but argument is of type 'u8 *'
custom/dfota/src/dfota_http.c:166: warning: pointer targets in assignment differ in signedness
custom/dfota/src/dfota_http.c:170: warning: pointer targets in passing argument 1 of 'Ql_strlen' differ in signedness
include/ql_stdlib.h:54: note: expected 'const char *' but argument is of type 'u8 *'
custom/dfota/src/dfota_http.c: In function 'http_SendHttpGetHead':
custom/dfota/src/dfota_http.c:359: warning: pointer targets in passing argument 2 of 'Ql_strncpy' differ in signedness
include/ql_stdlib.h:48: note: expected 'const char *' but argument is of type 'u8 *'
custom/dfota/src/dfota_http.c:361: warning: pointer targets in passing argument 2 of 'Ql_SOC_Send' differ in signedness
include/ql_socket.h:265: note: expected 'u8 *' but argument is of type 'char *'
custom/dfota/src/dfota_http.c:381: warning: pointer targets in passing argument 2 of 'Ql_SOC_Send' differ in signedness
include/ql_socket.h:265: note: expected 'u8 *' but argument is of type 'char *'
custom/dfota/src/dfota_http.c:391: warning: pointer targets in passing argument 2 of 'Ql_SOC_Send' differ in signedness
include/ql_socket.h:265: note: expected 'u8 *' but argument is of type 'char *'
custom/dfota/src/dfota_http.c:401: warning: pointer targets in passing argument 2 of 'Ql_SOC_Send' differ in signedness
include/ql_socket.h:265: note: expected 'u8 *' but argument is of type 'char *'
custom/dfota/src/dfota_http.c:411: warning: pointer targets in passing argument 2 of 'Ql_SOC_Send' differ in signedness
include/ql_socket.h:265: note: expected 'u8 *' but argument is of type 'char *'
custom/dfota/src/dfota_http.c:421: warning: pointer targets in passing argument 2 of 'Ql_SOC_Send' differ in signedness
include/ql_socket.h:265: note: expected 'u8 *' but argument is of type 'char *'
custom/dfota/src/dfota_http.c:351: warning: unused variable 'retValue'
custom/dfota/src/dfota_http.c: In function 'http_RecvHttpHead':
custom/dfota/src/dfota_http.c:444: warning: unused variable 'entryfunctionexe'
custom/dfota/src/dfota_http.c: In function 'http_RecvHttpBody':
custom/dfota/src/dfota_http.c:617: warning: pointer targets in passing argument 1 of 'Ql_DFOTA_WriteData' differ in signedness
include/ql_dfota.h:84: note: expected 's8 *' but argument is of type 'u8 *'
custom/dfota/src/dfota_http.c:639: warning: 'return' with no value, in function returning non-void
custom/dfota/src/dfota_http.c:593: warning: 'retValue' may be used uninitialized in this function
custom/dfota/src/dfota_http.c:595: warning: 'fileDLpresentReport' may be used uninitialized in this function
- Building build/gcc/obj/custom/dfota/src/json_parser.o
custom/dfota/src/json_parser.c:11: warning: conflicting types for built-in function 'isspace'
- Building build/gcc/obj/custom/dfota/src/sms_command.o
custom/dfota/src/sms_command.c:12:19: warning: extra tokens at end of #include directive
custom/dfota/src/sms_command.c: In function 'sms_reply':
custom/dfota/src/sms_command.c:44: warning: passing argument 1 of 'RIL_SMS_SendSMS_Text' discards qualifiers from pointer target type
ril/inc/ril_sms.h:316: note: expected 'char *' but argument is of type 'const char *'
custom/dfota/src/sms_command.c: In function 'handle_add_command':
custom/dfota/src/sms_command.c:91: warning: assignment makes integer from pointer without a cast
custom/dfota/src/sms_command.c:104: warning: passing argument 1 of 'my_strtok' discards qualifiers from pointer target type
custom/dfota/src/sms_command.c:20: note: expected 'char *' but argument is of type 'const char *'
custom/dfota/src/sms_command.c: In function 'handle_adduser_command':
custom/dfota/src/sms_command.c:157: warning: passing argument 1 of 'my_strtok' discards qualifiers from pointer target type
custom/dfota/src/sms_command.c:20: note: expected 'char *' but argument is of type 'const char *'
custom/dfota/src/sms_command.c:222: warning: passing argument 2 of 'saveBytesToFlash' makes pointer from integer without a cast
custom/dfota/src/sms_command.c:22: note: expected 'char *' but argument is of type 'u8'
custom/dfota/src/sms_command.c:150: warning: unused variable 'users'
custom/dfota/src/sms_command.c: In function 'handle_name_command':
custom/dfota/src/sms_command.c:254: warning: passing argument 2 of 'saveBytesToFlash' discards qualifiers from pointer target type
custom/dfota/src/sms_command.c:22: note: expected 'char *' but argument is of type 'const char *'
custom/dfota/src/sms_command.c: In function 'handle_allowpublic_command':
custom/dfota/src/sms_command.c:267: warning: passing argument 1 of 'my_strtok' discards qualifiers from pointer target type
custom/dfota/src/sms_command.c:20: note: expected 'char *' but argument is of type 'const char *'
custom/dfota/src/sms_command.c: In function 'handle_listuser_command':
custom/dfota/src/sms_command.c:440: warning: passing argument 1 of 'my_strtok' discards qualifiers from pointer target type
custom/dfota/src/sms_command.c:20: note: expected 'char *' but argument is of type 'const char *'
custom/dfota/src/sms_command.c:433: warning: unused variable 'arg'
custom/dfota/src/sms_command.c: In function 'handle_deluser_command':
custom/dfota/src/sms_command.c:510: warning: passing argument 1 of 'my_strtok' discards qualifiers from pointer target type
custom/dfota/src/sms_command.c:20: note: expected 'char *' but argument is of type 'const char *'
custom/dfota/src/sms_command.c: In function 'handle_time_command':
custom/dfota/src/sms_command.c:579: warning: passing argument 1 of 'my_strtok' discards qualifiers from pointer target type
custom/dfota/src/sms_command.c:20: note: expected 'char *' but argument is of type 'const char *'
custom/dfota/src/sms_command.c: In function 'handle_status_command':
custom/dfota/src/sms_command.c:711: warning: implicit declaration of function 'get_gsm_signal_strength'
custom/dfota/src/sms_command.c:715: warning: implicit declaration of function 'get_battery_percentage'
custom/dfota/src/sms_command.c:716: warning: implicit declaration of function 'get_external_power_status'
custom/dfota/src/sms_command.c:717: warning: implicit declaration of function 'get_ignition_status'
custom/dfota/src/sms_command.c: In function 'handle_sleep_command':
custom/dfota/src/sms_command.c:780: warning: passing argument 1 of 'my_strtok' discards qualifiers from pointer target type
custom/dfota/src/sms_command.c:20: note: expected 'char *' but argument is of type 'const char *'
custom/dfota/src/sms_command.c:803: warning: implicit declaration of function 'Ql_SleepEnable'
custom/dfota/src/sms_command.c:807: warning: implicit declaration of function 'Ql_SleepDisable'
custom/dfota/src/sms_command.c: In function 'handle_find_command':
custom/dfota/src/sms_command.c:840: warning: passing argument 1 of 'Ql_toupper' makes integer from pointer without a cast
include/ql_stdlib.h:56: note: expected 's32' but argument is of type 'char *'
custom/dfota/src/sms_command.c:857: warning: implicit declaration of function 'get_nearest_places'
custom/dfota/src/sms_command.c:841: warning: unused variable 'myGpsInfo'
custom/dfota/src/sms_command.c: In function 'handle_trip_command':
custom/dfota/src/sms_command.c:922: warning: passing argument 1 of 'Ql_toupper' makes integer from pointer without a cast
include/ql_stdlib.h:56: note: expected 's32' but argument is of type 'char *'
custom/dfota/src/sms_command.c:939: warning: implicit declaration of function 'stop_current_trip'
custom/dfota/src/sms_command.c:952: warning: implicit declaration of function 'get_trip_summary'
custom/dfota/src/sms_command.c: In function 'handle_alarm_command':
custom/dfota/src/sms_command.c:964: warning: passing argument 1 of 'Ql_toupper' makes integer from pointer without a cast
include/ql_stdlib.h:56: note: expected 's32' but argument is of type 'char *'
custom/dfota/src/sms_command.c: In function 'handle_listen_command':
custom/dfota/src/sms_command.c:989: warning: passing argument 1 of 'Ql_toupper' makes integer from pointer without a cast
include/ql_stdlib.h:56: note: expected 's32' but argument is of type 'char *'
custom/dfota/src/sms_command.c: In function 'handle_speed_command':
custom/dfota/src/sms_command.c:1013: warning: passing argument 1 of 'Ql_toupper' makes integer from pointer without a cast
include/ql_stdlib.h:56: note: expected 's32' but argument is of type 'char *'
custom/dfota/src/sms_command.c: In function 'handle_mainpower_command':
custom/dfota/src/sms_command.c:1061: warning: passing argument 1 of 'Ql_toupper' makes integer from pointer without a cast
include/ql_stdlib.h:56: note: expected 's32' but argument is of type 'char *'
custom/dfota/src/sms_command.c: In function 'handle_disable_command':
custom/dfota/src/sms_command.c:1086: warning: passing argument 1 of 'my_strtok' discards qualifiers from pointer target type
custom/dfota/src/sms_command.c:20: note: expected 'char *' but argument is of type 'const char *'
custom/dfota/src/sms_command.c: In function 'handle_ignition_command':
custom/dfota/src/sms_command.c:1121: warning: passing argument 1 of 'Ql_toupper' makes integer from pointer without a cast
include/ql_stdlib.h:56: note: expected 's32' but argument is of type 'char *'
custom/dfota/src/sms_command.c: In function 'handle_set_odo_command':
custom/dfota/src/sms_command.c:1153: warning: passing argument 1 of 'Ql_toupper' makes integer from pointer without a cast
include/ql_stdlib.h:56: note: expected 's32' but argument is of type 'char *'
custom/dfota/src/sms_command.c: In function 'handle_shock_command':
custom/dfota/src/sms_command.c:1181: warning: passing argument 1 of 'Ql_toupper' makes integer from pointer without a cast
include/ql_stdlib.h:56: note: expected 's32' but argument is of type 'char *'
custom/dfota/src/sms_command.c: In function 'handle_logger_command':
custom/dfota/src/sms_command.c:1212: warning: passing argument 1 of 'Ql_toupper' makes integer from pointer without a cast
include/ql_stdlib.h:56: note: expected 's32' but argument is of type 'char *'
custom/dfota/src/sms_command.c:1216: warning: implicit declaration of function 'storage_clear_logs'
custom/dfota/src/sms_command.c: In function 'handle_heartbeat_command':
custom/dfota/src/sms_command.c:1229: warning: passing argument 1 of 'Ql_toupper' makes integer from pointer without a cast
include/ql_stdlib.h:56: note: expected 's32' but argument is of type 'char *'
custom/dfota/src/sms_command.c: In function 'handle_www_command':
custom/dfota/src/sms_command.c:1368: warning: passing argument 1 of 'Ql_toupper' makes integer from pointer without a cast
include/ql_stdlib.h:56: note: expected 's32' but argument is of type 'char *'
custom/dfota/src/sms_command.c: In function 'sms_pump':
custom/dfota/src/sms_command.c:1534: warning: declaration of 'smsSender' shadows a global declaration
custom/dfota/src/sms_command.c:36: warning: shadowed declaration is here
custom/dfota/src/sms_command.c:1534: warning: declaration of 'smsContent' shadows a global declaration
custom/dfota/src/sms_command.c:35: warning: shadowed declaration is here
custom/dfota/src/sms_command.c: In function 'saveBytesToFlash':
custom/dfota/src/sms_command.c:1753: warning: pointer targets in passing argument 2 of 'Ql_FS_Write' differ in signedness
include/ql_fs.h:214: note: expected 'u8 *' but argument is of type 'char *'
custom/dfota/src/sms_command.c:1753: warning: unused variable 'resp'
custom/dfota/src/sms_command.c: In function 'readFromFlash':
custom/dfota/src/sms_command.c:1764: warning: pointer targets in passing argument 2 of 'Ql_FS_Read' differ in signedness
include/ql_fs.h:182: note: expected 'u8 *' but argument is of type 'char *'
custom/dfota/src/sms_command.c:1764: warning: pointer targets in passing argument 4 of 'Ql_FS_Read' differ in signedness
include/ql_fs.h:182: note: expected 'u32 *' but argument is of type 'int *'
custom/dfota/src/sms_command.c: In function 'readFromFlashString':
custom/dfota/src/sms_command.c:1777: warning: pointer targets in passing argument 2 of 'Ql_FS_Read' differ in signedness
include/ql_fs.h:182: note: expected 'u8 *' but argument is of type 'char *'
custom/dfota/src/sms_command.c:1777: warning: pointer targets in passing argument 4 of 'Ql_FS_Read' differ in signedness
include/ql_fs.h:182: note: expected 'u32 *' but argument is of type 'int *'
custom/dfota/src/sms_command.c: In function 'readAlphabetFromFlash':
custom/dfota/src/sms_command.c:1790: warning: pointer targets in passing argument 2 of 'Ql_FS_Read' differ in signedness
include/ql_fs.h:182: note: expected 'u8 *' but argument is of type 'char *'
custom/dfota/src/sms_command.c:1790: warning: pointer targets in passing argument 4 of 'Ql_FS_Read' differ in signedness
include/ql_fs.h:182: note: expected 'u32 *' but argument is of type 'int *'
custom/dfota/src/sms_command.c: At top level:
custom/dfota/src/sms_command.c:419: warning: 'handle_password_read_command' defined but not used
custom/dfota/inc/gnss_parser.h:13: warning: 'nmea2decimal' declared 'static' but never defined
custom/dfota/src/sms_command.c:35: warning: 'smsContent' defined but not used
custom/dfota/src/sms_command.c:36: warning: 'smsSender' defined but not used
custom/dfota/src/sms_command.c: In function 'handle_status_command':
custom/dfota/src/sms_command.c:720: warning: 'lat' is used uninitialized in this function
custom/dfota/src/sms_command.c:720: warning: 'lon' is used uninitialized in this function
custom/dfota/src/sms_command.c: In function 'handle_www_command':
custom/dfota/src/sms_command.c:1411: warning: array subscript is above array bounds
----------------------------------------------------
- GCC Compiling Finished Sucessfully.
- The target image is in the build/gcc directory.
----------------------------------------------------
BIN: build/gcc/APPGS5MDM32A01.bin
LOD: build/gcc/APPGS5MDM32A01.lod
Start address: 137428992
Sector size: 4096
